Archive member included to satisfy reference by file (symbol)

/home/django/Documents/Foxy/Gitting/foxyrfid/NFC/SW3647/workspace_ntag_i2c_plus/NTAG_I2C_API/Debug/libNTAG_I2C_API.a(timer_lpc.o)
                              ./src/main.o (HAL_Timer_Init)
/home/django/Documents/Foxy/Gitting/foxyrfid/NFC/SW3647/workspace_ntag_i2c_plus/NTAG_I2C_API/Debug/libNTAG_I2C_API.a(ntag_bridge.o)
                              ./src/main.o (NTAG_WaitForEvent)
/home/django/Documents/Foxy/Gitting/foxyrfid/NFC/SW3647/workspace_ntag_i2c_plus/NTAG_I2C_API/Debug/libNTAG_I2C_API.a(ntag_driver.o)
                              /home/django/Documents/Foxy/Gitting/foxyrfid/NFC/SW3647/workspace_ntag_i2c_plus/NTAG_I2C_API/Debug/libNTAG_I2C_API.a(ntag_bridge.o) (NTAG_WaitForFDPinState)
/home/django/Documents/Foxy/Gitting/foxyrfid/NFC/SW3647/workspace_ntag_i2c_plus/NTAG_I2C_API/Debug/libNTAG_I2C_API.a(isr_common.o)
                              ./src/main.o (HAL_ISR_RegisterCallback)
/home/django/Documents/Foxy/Gitting/foxyrfid/NFC/SW3647/workspace_ntag_i2c_plus/NTAG_I2C_API/Debug/libNTAG_I2C_API.a(isr_lpc11u6x.o)
                              ./src/main.o (HAL_ISR_Init)
/home/django/Documents/Foxy/Gitting/foxyrfid/NFC/SW3647/workspace_ntag_i2c_plus/NTAG_I2C_API/Debug/libNTAG_I2C_API.a(i2c_lpc11u37h.o)
                              ./src/main.o (I2CMasterInit)
/home/django/Documents/Foxy/Gitting/foxyrfid/NFC/SW3647/workspace_ntag_i2c_plus/NTAG_I2C_API/Debug/libNTAG_I2C_API.a(cr_startup_lpc11u.o)
                              (ResetISR)
/home/django/Documents/Foxy/Gitting/foxyrfid/NFC/SW3647/workspace_ntag_i2c_plus/NTAG_I2C_API/Debug/libNTAG_I2C_API.a(sysinit.o)
                              ./src/main.o (HAL_BSP_BoardInit)
/home/django/Documents/Foxy/Gitting/foxyrfid/NFC/SW3647/workspace_ntag_i2c_plus/nxp_lpcxpresso_11u24h_board_lib/Debug/libnxp_lpcxpresso_11u24h_board_lib.a(board.o)
                              ./src/HW_functions.o (Board_LED_Set)
/home/django/Documents/Foxy/Gitting/foxyrfid/NFC/SW3647/workspace_ntag_i2c_plus/nxp_lpcxpresso_11u24h_board_lib/Debug/libnxp_lpcxpresso_11u24h_board_lib.a(board_sysinit.o)
                              /home/django/Documents/Foxy/Gitting/foxyrfid/NFC/SW3647/workspace_ntag_i2c_plus/NTAG_I2C_API/Debug/libNTAG_I2C_API.a(sysinit.o) (Board_SystemInit)
/home/django/Documents/Foxy/Gitting/foxyrfid/NFC/SW3647/workspace_ntag_i2c_plus/nxp_lpcxpresso_11u24h_board_lib/Debug/libnxp_lpcxpresso_11u24h_board_lib.a(usb_board_sysinit.o)
                              ./src/hid_main.o (USB_Board_SystemInit)
/home/django/Documents/Foxy/Gitting/foxyrfid/NFC/SW3647/workspace_ntag_i2c_plus/lpc_chip_11uxx_lib/Debug/liblpc_chip_11uxx_lib.a(adc_11xx.o)
                              ./src/HW_functions.o (readAdcVal)
/home/django/Documents/Foxy/Gitting/foxyrfid/NFC/SW3647/workspace_ntag_i2c_plus/lpc_chip_11uxx_lib/Debug/liblpc_chip_11uxx_lib.a(chip_11xx.o)
                              ./src/iap_driver.o (SystemCoreClockUpdate)
/home/django/Documents/Foxy/Gitting/foxyrfid/NFC/SW3647/workspace_ntag_i2c_plus/lpc_chip_11uxx_lib/Debug/liblpc_chip_11uxx_lib.a(clock_11xx.o)
                              /home/django/Documents/Foxy/Gitting/foxyrfid/NFC/SW3647/workspace_ntag_i2c_plus/nxp_lpcxpresso_11u24h_board_lib/Debug/libnxp_lpcxpresso_11u24h_board_lib.a(usb_board_sysinit.o) (Chip_Clock_SetSystemPLLSource)
/home/django/Documents/Foxy/Gitting/foxyrfid/NFC/SW3647/workspace_ntag_i2c_plus/lpc_chip_11uxx_lib/Debug/liblpc_chip_11uxx_lib.a(gpio_11xx_1.o)
                              /home/django/Documents/Foxy/Gitting/foxyrfid/NFC/SW3647/workspace_ntag_i2c_plus/nxp_lpcxpresso_11u24h_board_lib/Debug/libnxp_lpcxpresso_11u24h_board_lib.a(board.o) (Chip_GPIO_Init)
/home/django/Documents/Foxy/Gitting/foxyrfid/NFC/SW3647/workspace_ntag_i2c_plus/lpc_chip_11uxx_lib/Debug/liblpc_chip_11uxx_lib.a(i2cm_11xx.o)
                              ./src/hid_i2c.o (Chip_I2CM_Init)
/home/django/Documents/Foxy/Gitting/foxyrfid/NFC/SW3647/workspace_ntag_i2c_plus/lpc_chip_11uxx_lib/Debug/liblpc_chip_11uxx_lib.a(iocon_11xx.o)
                              ./src/hid_i2c.o (Chip_IOCON_PinMuxSet)
/home/django/Documents/Foxy/Gitting/foxyrfid/NFC/SW3647/workspace_ntag_i2c_plus/lpc_chip_11uxx_lib/Debug/liblpc_chip_11uxx_lib.a(pmu_11xx.o)
                              /home/django/Documents/Foxy/Gitting/foxyrfid/NFC/SW3647/workspace_ntag_i2c_plus/NTAG_I2C_API/Debug/libNTAG_I2C_API.a(timer_lpc.o) (Chip_PMU_SleepState)
/home/django/Documents/Foxy/Gitting/foxyrfid/NFC/SW3647/workspace_ntag_i2c_plus/lpc_chip_11uxx_lib/Debug/liblpc_chip_11uxx_lib.a(sysctl_11xx.o)
                              /home/django/Documents/Foxy/Gitting/foxyrfid/NFC/SW3647/workspace_ntag_i2c_plus/nxp_lpcxpresso_11u24h_board_lib/Debug/libnxp_lpcxpresso_11u24h_board_lib.a(usb_board_sysinit.o) (Chip_SYSCTL_PowerDown)
/usr/local/lpcxpresso_8.2.2_650/lpcxpresso/tools/bin/../lib/gcc/arm-none-eabi/5.4.1/../../../../arm-none-eabi/lib/armv6-m/libcr_c.a(memcpy.o)
[...]
Memory Configuration

Name             Origin             Length             Attributes
MFlash32         0x00000000         0x00008000         xr
RamLoc8          0x10000200         0x00001de0         xrw
*default*        0x00000000         0xffffffff

Linker script and memory map

LOAD ./src/HW_functions.o
LOAD ./src/flash_fw.o
LOAD ./src/hid_desc.o
LOAD ./src/hid_i2c.o
LOAD ./src/hid_main.o
LOAD ./src/iap_driver.o
LOAD ./src/main.o
LOAD /home/django/Documents/Foxy/Gitting/foxyrfid/NFC/SW3647/workspace_ntag_i2c_plus/NTAG_I2C_API/Debug/libNTAG_I2C_API.a
LOAD /home/django/Documents/Foxy/Gitting/foxyrfid/NFC/SW3647/workspace_ntag_i2c_plus/nxp_lpcxpresso_11u24h_board_lib/Debug/libnxp_lpcxpresso_11u24h_board_lib.a
LOAD /home/django/Documents/Foxy/Gitting/foxyrfid/NFC/SW3647/workspace_ntag_i2c_plus/lpc_chip_11uxx_lib/Debug/liblpc_chip_11uxx_lib.a
START GROUP
LOAD /usr/local/lpcxpresso_8.2.2_650/lpcxpresso/tools/bin/../lib/gcc/arm-none-eabi/5.4.1/../../../../arm-none-eabi/lib/armv6-m/libcr_c.a
LOAD /usr/local/lpcxpresso_8.2.2_650/lpcxpresso/tools/bin/../lib/gcc/arm-none-eabi/5.4.1/armv6-m/libcr_eabihelpers.a
END GROUP
                0x00000000                __base_MFlash32 = 0x0
                0x00000000                __base_Flash = 0x0
                0x00008000                __top_MFlash32 = 0x8000
                0x00008000                __top_Flash = 0x8000
                0x10000200                __base_RamLoc8 = 0x10000200
                0x10000200                __base_RAM = 0x10000200
                0x10001fe0                __top_RamLoc8 = 0x10001fe0
                0x10001fe0                __top_RAM = 0x10001fe0

.text           0x00000000     0x2f1c
 FILL mask 0xff
                0x00000000                __vectors_start__ = ABSOLUTE (.)
 *(.isr_vector)
 .isr_vector    0x00000000       0xc0 /home/django/Documents/Foxy/Gitting/foxyrfid/NFC/SW3647/workspace_ntag_i2c_plus/NTAG_I2C_API/Debug/libNTAG_I2C_API.a(cr_startup_lpc11u.o)
                0x00000000                g_pfnVectors
                0x000000c0                . = ALIGN (0x4)
                0x000000c0                __section_table_start = .
                0x000000c0                __data_section_table = .
                0x000000c0        0x4 LONG 0x2f1c LOADADDR (.data)
                0x000000c4        0x4 LONG 0x10000200 ADDR (.data)
                0x000000c8        0x4 LONG 0x74 SIZEOF (.data)
                0x000000cc                __data_section_table_end = .
                0x000000cc                __bss_section_table = .
                0x000000cc        0x4 LONG 0x10000274 ADDR (.bss)
                0x000000d0        0x4 LONG 0xc8 SIZEOF (.bss)
                0x000000d4                __bss_section_table_end = .
                0x000000d4                __section_table_end = .
 *(.after_vectors*)
 .after_vectors
                0x000000d4      0x120 /home/django/Documents/Foxy/Gitting/foxyrfid/NFC/SW3647/workspace_ntag_i2c_plus/NTAG_I2C_API/Debug/libNTAG_I2C_API.a(cr_startup_lpc11u.o)
                0x000000d4                data_init
                0x00000114                bss_init
                0x00000148                ResetISR
                0x000001c4                NMI_Handler
                0x000001cc                HardFault_Handler
                0x000001d4                SVCall_Handler
                0x000001dc                PendSV_Handler
                0x000001ec                TIMER16_0_IRQHandler
                0x000001ec                UART_IRQHandler
                0x000001ec                TIMER32_0_IRQHandler
                0x000001ec                FLEX_INT7_IRQHandler
                0x000001ec                TIMER32_1_IRQHandler
                0x000001ec                IntDefaultHandler
                0x000001ec                SSP0_IRQHandler
                0x000001ec                USBWakeup_IRQHandler
                0x000001ec                FLEX_INT2_IRQHandler
                0x000001ec                TIMER16_1_IRQHandler
                0x000001ec                USB_FIQHandler
                0x000001ec                FLEX_INT5_IRQHandler
                0x000001ec                ADC_IRQHandler
                0x000001ec                SSP1_IRQHandler
                0x000001ec                FLEX_INT3_IRQHandler
                0x000001ec                BOD_IRQHandler
                0x000001ec                WDT_IRQHandler
                0x000001ec                GINT0_IRQHandler
                0x000001ec                FLEX_INT4_IRQHandler
                0x000001ec                FLEX_INT6_IRQHandler
                0x000001ec                FMC_IRQHandler
                0x000001ec                GINT1_IRQHandler
 *(.text*)
 .text.init_TempSensor
                0x000001f4       0x1c ./src/HW_functions.o
                0x000001f4                init_TempSensor
 .text.HW_setup_Board_for_use_with_NTAG
                0x00000210       0x54 ./src/HW_functions.o
                0x00000210                HW_setup_Board_for_use_with_NTAG
 .text.HW_switchLEDs
                0x00000264       0x62 ./src/HW_functions.o
                0x00000264                HW_switchLEDs
 *fill*         0x000002c6        0x2 ff
 .text.init_Buttons
                0x000002c8       0x38 ./src/HW_functions.o
                0x000002c8                init_Buttons
 .text.HW_Get_Button_State
                0x00000300        0xe ./src/HW_functions.o
                0x00000300                HW_Get_Button_State
 *fill*         0x0000030e        0x2 ff
 .text.HW_getVolt
                0x00000310       0x34 ./src/HW_functions.o
                0x00000310                HW_getVolt
 .text.ADC_Init
                0x00000344       0x44 ./src/HW_functions.o
                0x00000344                ADC_Init
 .text.HW_init_Peripherals
                0x00000388       0x18 ./src/HW_functions.o
                0x00000388                HW_init_Peripherals
 .text.InitTimer
                0x000003a0       0x34 ./src/HW_functions.o
                0x000003a0                InitTimer
 .text.LCDInit  0x000003d4       0xb4 ./src/HW_functions.o
                0x000003d4                LCDInit
 .text.LCDInitUSB
                0x00000488       0xa0 ./src/HW_functions.o
                0x00000488                LCDInitUSB
 .text.flash    0x00000528       0x50 ./src/flash_fw.o
                0x00000528                flash
 .text.HID_I2C_GetReport
                0x00000578        0x4 ./src/hid_i2c.o
 .text.HID_I2C_SetReport
                0x0000057c        0x4 ./src/hid_i2c.o
 .text.HID_I2C_EpOut_Hdlr
                0x00000580       0x3c ./src/hid_i2c.o
 .text.HID_I2C_EpIn_Hdlr
                0x000005bc       0x44 ./src/hid_i2c.o
 .text.HID_I2C_init
                0x00000600      0x15c ./src/hid_i2c.o
                0x00000600                HID_I2C_init
 .text.HID_I2C_process
                0x0000075c      0x304 ./src/hid_i2c.o
                0x0000075c                HID_I2C_process
 .text.USB_IRQHandler
                0x00000a60       0x3c ./src/hid_main.o
                0x00000a60                USB_IRQHandler
 .text.hidmain  0x00000a9c      0x110 ./src/hid_main.o
                0x00000a9c                hidmain
 .text.iap_init
                0x00000bac        0xa ./src/iap_driver.o
                0x00000bac                iap_init
 *fill*         0x00000bb6        0x2 ff
 .text.iap_erase_sector
                0x00000bb8       0x3c ./src/iap_driver.o
                0x00000bb8                iap_erase_sector
 .text.iap_prepare_sector
                0x00000bf4       0x2c ./src/iap_driver.o
                0x00000bf4                iap_prepare_sector
 .text.iap_copy_ram_to_flash
                0x00000c20       0x40 ./src/iap_driver.o
                0x00000c20                iap_copy_ram_to_flash
 .text.boot_jump
                0x00000c60        0xa ./src/main.o
                0x00000c60                boot_jump
 *fill*         0x00000c6a        0x2 ff
 .text.wait_for_RF_write_in_SRAM
                0x00000c6c       0x48 ./src/main.o
                0x00000c6c                wait_for_RF_write_in_SRAM
 .text.Setup    0x00000cb4       0xa4 ./src/main.o
                0x00000cb4                Setup
 .text.LED_blink
                0x00000d58       0x5a ./src/main.o
                0x00000d58                LED_blink
 .text.check_Buttons
                0x00000db2       0x48 ./src/main.o
                0x00000db2                check_Buttons
 .text.LCDWrite
                0x00000dfa       0x52 ./src/main.o
                0x00000dfa                LCDWrite
 .text.flashing_status
                0x00000e4c       0xa4 ./src/main.o
                0x00000e4c                flashing_status
 .text.Flash_Demo
                0x00000ef0      0x1c8 ./src/main.o
                0x00000ef0                Flash_Demo
 .text.LCDinitialization
                0x000010b8       0x78 ./src/main.o
                0x000010b8                LCDinitialization
 .text.startup.main
                0x00001130       0x9c ./src/main.o
                0x00001130                main
 .text.NVIC_SetPriority
                0x000011cc       0xdc /home/django/Documents/Foxy/Gitting/foxyrfid/NFC/SW3647/workspace_ntag_i2c_plus/NTAG_I2C_API/Debug/libNTAG_I2C_API.a(timer_lpc.o)
 .text.SysTick_Config
                0x000012a8       0x48 /home/django/Documents/Foxy/Gitting/foxyrfid/NFC/SW3647/workspace_ntag_i2c_plus/NTAG_I2C_API/Debug/libNTAG_I2C_API.a(timer_lpc.o)
 .text.HAL_Timer_Init
                0x000012f0       0x24 /home/django/Documents/Foxy/Gitting/foxyrfid/NFC/SW3647/workspace_ntag_i2c_plus/NTAG_I2C_API/Debug/libNTAG_I2C_API.a(timer_lpc.o)
                0x000012f0                HAL_Timer_Init
 .text.HAL_Timer_delay_ms
                0x00001314       0x38 /home/django/Documents/Foxy/Gitting/foxyrfid/NFC/SW3647/workspace_ntag_i2c_plus/NTAG_I2C_API/Debug/libNTAG_I2C_API.a(timer_lpc.o)
                0x00001314                HAL_Timer_delay_ms
 .text.HAL_Timer_getTime_ms
                0x0000134c       0x14 /home/django/Documents/Foxy/Gitting/foxyrfid/NFC/SW3647/workspace_ntag_i2c_plus/NTAG_I2C_API/Debug/libNTAG_I2C_API.a(timer_lpc.o)
                0x0000134c                HAL_Timer_getTime_ms
 .text.SysTick_Handler
                0x00001360       0x18 /home/django/Documents/Foxy/Gitting/foxyrfid/NFC/SW3647/workspace_ntag_i2c_plus/NTAG_I2C_API/Debug/libNTAG_I2C_API.a(timer_lpc.o)
                0x00001360                SysTick_Handler
 .text.NTAG_WaitForEvent
                0x00001378      0x250 /home/django/Documents/Foxy/Gitting/foxyrfid/NFC/SW3647/workspace_ntag_i2c_plus/NTAG_I2C_API/Debug/libNTAG_I2C_API.a(ntag_bridge.o)
                0x00001378                NTAG_WaitForEvent
 .text.NTAG_SetFDOnFunction
                0x000015c8       0x28 /home/django/Documents/Foxy/Gitting/foxyrfid/NFC/SW3647/workspace_ntag_i2c_plus/NTAG_I2C_API/Debug/libNTAG_I2C_API.a(ntag_bridge.o)
                0x000015c8                NTAG_SetFDOnFunction
 .text.NTAG_SetFDOffFunction
                0x000015f0       0x28 /home/django/Documents/Foxy/Gitting/foxyrfid/NFC/SW3647/workspace_ntag_i2c_plus/NTAG_I2C_API/Debug/libNTAG_I2C_API.a(ntag_bridge.o)
                0x000015f0                NTAG_SetFDOffFunction
 .text.NTAG_SetPthruOnOff
                0x00001618       0x4c /home/django/Documents/Foxy/Gitting/foxyrfid/NFC/SW3647/workspace_ntag_i2c_plus/NTAG_I2C_API/Debug/libNTAG_I2C_API.a(ntag_bridge.o)
                0x00001618                NTAG_SetPthruOnOff
 .text.NTAG_SetTransferDir
                0x00001664       0xac /home/django/Documents/Foxy/Gitting/foxyrfid/NFC/SW3647/workspace_ntag_i2c_plus/NTAG_I2C_API/Debug/libNTAG_I2C_API.a(ntag_bridge.o)
                0x00001664                NTAG_SetTransferDir
 .text.NTAG_WaitForFDPinState
                0x00001710       0x6c /home/django/Documents/Foxy/Gitting/foxyrfid/NFC/SW3647/workspace_ntag_i2c_plus/NTAG_I2C_API/Debug/libNTAG_I2C_API.a(ntag_driver.o)
                0x00001710                NTAG_WaitForFDPinState
 .text.NTAG_InitDevice
                0x0000177c       0x74 /home/django/Documents/Foxy/Gitting/foxyrfid/NFC/SW3647/workspace_ntag_i2c_plus/NTAG_I2C_API/Debug/libNTAG_I2C_API.a(ntag_driver.o)
                0x0000177c                NTAG_InitDevice
 .text.NTAG_ReadBytes
                0x000017f0      0x158 /home/django/Documents/Foxy/Gitting/foxyrfid/NFC/SW3647/workspace_ntag_i2c_plus/NTAG_I2C_API/Debug/libNTAG_I2C_API.a(ntag_driver.o)
                0x000017f0                NTAG_ReadBytes
 .text.NTAG_WriteBytes
                0x00001948      0x190 /home/django/Documents/Foxy/Gitting/foxyrfid/NFC/SW3647/workspace_ntag_i2c_plus/NTAG_I2C_API/Debug/libNTAG_I2C_API.a(ntag_driver.o)
                0x00001948                NTAG_WriteBytes
 .text.NTAG_ReadRegister
                0x00001ad8       0x88 /home/django/Documents/Foxy/Gitting/foxyrfid/NFC/SW3647/workspace_ntag_i2c_plus/NTAG_I2C_API/Debug/libNTAG_I2C_API.a(ntag_driver.o)
                0x00001ad8                NTAG_ReadRegister
 .text.NTAG_WriteRegister
                0x00001b60       0x70 /home/django/Documents/Foxy/Gitting/foxyrfid/NFC/SW3647/workspace_ntag_i2c_plus/NTAG_I2C_API/Debug/libNTAG_I2C_API.a(ntag_driver.o)
                0x00001b60                NTAG_WriteRegister
 .text.NTAG_ReadBlock
                0x00001bd0       0xc8 /home/django/Documents/Foxy/Gitting/foxyrfid/NFC/SW3647/workspace_ntag_i2c_plus/NTAG_I2C_API/Debug/libNTAG_I2C_API.a(ntag_driver.o)
                0x00001bd0                NTAG_ReadBlock
 .text.NTAG_WriteBlock
                0x00001c98      0x134 /home/django/Documents/Foxy/Gitting/foxyrfid/NFC/SW3647/workspace_ntag_i2c_plus/NTAG_I2C_API/Debug/libNTAG_I2C_API.a(ntag_driver.o)
                0x00001c98                NTAG_WriteBlock
 .text.HAL_ISR_RegisterCallback
                0x00001dcc       0x7c /home/django/Documents/Foxy/Gitting/foxyrfid/NFC/SW3647/workspace_ntag_i2c_plus/NTAG_I2C_API/Debug/libNTAG_I2C_API.a(isr_common.o)
                0x00001dcc                HAL_ISR_RegisterCallback
 .text.HAL_ISR_SleepWithTimeout
                0x00001e48       0xa0 /home/django/Documents/Foxy/Gitting/foxyrfid/NFC/SW3647/workspace_ntag_i2c_plus/NTAG_I2C_API/Debug/libNTAG_I2C_API.a(isr_common.o)
                0x00001e48                HAL_ISR_SleepWithTimeout
 .text.NVIC_EnableIRQ
                0x00001ee8       0x2c /home/django/Documents/Foxy/Gitting/foxyrfid/NFC/SW3647/workspace_ntag_i2c_plus/NTAG_I2C_API/Debug/libNTAG_I2C_API.a(isr_lpc11u6x.o)
 .text.NVIC_DisableIRQ
                0x00001f14       0x30 /home/django/Documents/Foxy/Gitting/foxyrfid/NFC/SW3647/workspace_ntag_i2c_plus/NTAG_I2C_API/Debug/libNTAG_I2C_API.a(isr_lpc11u6x.o)
 .text.NVIC_ClearPendingIRQ
                0x00001f44       0x34 /home/django/Documents/Foxy/Gitting/foxyrfid/NFC/SW3647/workspace_ntag_i2c_plus/NTAG_I2C_API/Debug/libNTAG_I2C_API.a(isr_lpc11u6x.o)
 .text.Chip_SYSCTL_SetPinInterrupt
                0x00001f78       0x44 /home/django/Documents/Foxy/Gitting/foxyrfid/NFC/SW3647/workspace_ntag_i2c_plus/NTAG_I2C_API/Debug/libNTAG_I2C_API.a(isr_lpc11u6x.o)
 .text.Chip_Clock_EnablePeriphClock
                0x00001fbc       0x30 /home/django/Documents/Foxy/Gitting/foxyrfid/NFC/SW3647/workspace_ntag_i2c_plus/NTAG_I2C_API/Debug/libNTAG_I2C_API.a(isr_lpc11u6x.o)
 .text.map_pin_to_port
                0x00001fec       0x40 /home/django/Documents/Foxy/Gitting/foxyrfid/NFC/SW3647/workspace_ntag_i2c_plus/NTAG_I2C_API/Debug/libNTAG_I2C_API.a(isr_lpc11u6x.o)
                0x00001fec                map_pin_to_port
 .text.HAL_ISR_Init
                0x0000202c       0x8c /home/django/Documents/Foxy/Gitting/foxyrfid/NFC/SW3647/workspace_ntag_i2c_plus/NTAG_I2C_API/Debug/libNTAG_I2C_API.a(isr_lpc11u6x.o)
                0x0000202c                HAL_ISR_Init
 .text.setupMode
                0x000020b8      0x138 /home/django/Documents/Foxy/Gitting/foxyrfid/NFC/SW3647/workspace_ntag_i2c_plus/NTAG_I2C_API/Debug/libNTAG_I2C_API.a(isr_lpc11u6x.o)
                0x000020b8                setupMode
 .text.disableInterrupt
                0x000021f0       0x1c /home/django/Documents/Foxy/Gitting/foxyrfid/NFC/SW3647/workspace_ntag_i2c_plus/NTAG_I2C_API/Debug/libNTAG_I2C_API.a(isr_lpc11u6x.o)
                0x000021f0                disableInterrupt
 .text.enableInterrupt
                0x0000220c       0x24 /home/django/Documents/Foxy/Gitting/foxyrfid/NFC/SW3647/workspace_ntag_i2c_plus/NTAG_I2C_API/Debug/libNTAG_I2C_API.a(isr_lpc11u6x.o)
                0x0000220c                enableInterrupt
 .text.FLEX_INT0_IRQHandler
                0x00002230       0x3c /home/django/Documents/Foxy/Gitting/foxyrfid/NFC/SW3647/workspace_ntag_i2c_plus/NTAG_I2C_API/Debug/libNTAG_I2C_API.a(isr_lpc11u6x.o)
                0x00002230                FLEX_INT0_IRQHandler
 .text.FLEX_INT1_IRQHandler
                0x0000226c       0x3c /home/django/Documents/Foxy/Gitting/foxyrfid/NFC/SW3647/workspace_ntag_i2c_plus/NTAG_I2C_API/Debug/libNTAG_I2C_API.a(isr_lpc11u6x.o)
                0x0000226c                FLEX_INT1_IRQHandler
 .text.I2C_IRQHandler
                0x000022a8        0xc /home/django/Documents/Foxy/Gitting/foxyrfid/NFC/SW3647/workspace_ntag_i2c_plus/NTAG_I2C_API/Debug/libNTAG_I2C_API.a(i2c_lpc11u37h.o)
                0x000022a8                I2C_IRQHandler
 .text.I2CMasterInit
                0x000022b4       0x28 /home/django/Documents/Foxy/Gitting/foxyrfid/NFC/SW3647/workspace_ntag_i2c_plus/NTAG_I2C_API/Debug/libNTAG_I2C_API.a(i2c_lpc11u37h.o)
                0x000022b4                I2CMasterInit
 .text.TransmitPoll
                0x000022dc       0x2c /home/django/Documents/Foxy/Gitting/foxyrfid/NFC/SW3647/workspace_ntag_i2c_plus/NTAG_I2C_API/Debug/libNTAG_I2C_API.a(i2c_lpc11u37h.o)
                0x000022dc                TransmitPoll
 .text.ReceivePoll
                0x00002308       0x2c /home/django/Documents/Foxy/Gitting/foxyrfid/NFC/SW3647/workspace_ntag_i2c_plus/NTAG_I2C_API/Debug/libNTAG_I2C_API.a(i2c_lpc11u37h.o)
                0x00002308                ReceivePoll
 .text.HAL_BSP_BoardInit
                0x00002334       0x14 /home/django/Documents/Foxy/Gitting/foxyrfid/NFC/SW3647/workspace_ntag_i2c_plus/NTAG_I2C_API/Debug/libNTAG_I2C_API.a(sysinit.o)
                0x00002334                HAL_BSP_BoardInit
 .text.Board_LED_Set
                0x00002348       0x18 /home/django/Documents/Foxy/Gitting/foxyrfid/NFC/SW3647/workspace_ntag_i2c_plus/nxp_lpcxpresso_11u24h_board_lib/Debug/libnxp_lpcxpresso_11u24h_board_lib.a(board.o)
                0x00002348                Board_LED_Set
 .text.Board_Init
                0x00002360       0x70 /home/django/Documents/Foxy/Gitting/foxyrfid/NFC/SW3647/workspace_ntag_i2c_plus/nxp_lpcxpresso_11u24h_board_lib/Debug/libnxp_lpcxpresso_11u24h_board_lib.a(board.o)
                0x00002360                Board_Init
 .text.Board_SystemInit
                0x000023d0       0xb4 /home/django/Documents/Foxy/Gitting/foxyrfid/NFC/SW3647/workspace_ntag_i2c_plus/nxp_lpcxpresso_11u24h_board_lib/Debug/libnxp_lpcxpresso_11u24h_board_lib.a(board_sysinit.o)
                0x000023d0                Board_SystemInit
 .text.USB_Board_SystemInit
                0x00002484       0xcc /home/django/Documents/Foxy/Gitting/foxyrfid/NFC/SW3647/workspace_ntag_i2c_plus/nxp_lpcxpresso_11u24h_board_lib/Debug/libnxp_lpcxpresso_11u24h_board_lib.a(usb_board_sysinit.o)
                0x00002484                USB_Board_SystemInit
 .text.readAdcVal
                0x00002550       0x10 /home/django/Documents/Foxy/Gitting/foxyrfid/NFC/SW3647/workspace_ntag_i2c_plus/lpc_chip_11uxx_lib/Debug/liblpc_chip_11uxx_lib.a(adc_11xx.o)
                0x00002550                readAdcVal
 .text.SystemCoreClockUpdate
                0x00002560       0x10 /home/django/Documents/Foxy/Gitting/foxyrfid/NFC/SW3647/workspace_ntag_i2c_plus/lpc_chip_11uxx_lib/Debug/liblpc_chip_11uxx_lib.a(chip_11xx.o)
                0x00002560                SystemCoreClockUpdate
 .text.Chip_Clock_SetSystemPLLSource
                0x00002570       0x14 /home/django/Documents/Foxy/Gitting/foxyrfid/NFC/SW3647/workspace_ntag_i2c_plus/lpc_chip_11uxx_lib/Debug/liblpc_chip_11uxx_lib.a(clock_11xx.o)
                0x00002570                Chip_Clock_SetSystemPLLSource
 .text.Chip_Clock_SetUSBPLLSource
                0x00002584       0x14 /home/django/Documents/Foxy/Gitting/foxyrfid/NFC/SW3647/workspace_ntag_i2c_plus/lpc_chip_11uxx_lib/Debug/liblpc_chip_11uxx_lib.a(clock_11xx.o)
                0x00002584                Chip_Clock_SetUSBPLLSource
 .text.Chip_Clock_SetMainClockSource
                0x00002598       0x14 /home/django/Documents/Foxy/Gitting/foxyrfid/NFC/SW3647/workspace_ntag_i2c_plus/lpc_chip_11uxx_lib/Debug/liblpc_chip_11uxx_lib.a(clock_11xx.o)
                0x00002598                Chip_Clock_SetMainClockSource
 .text.Chip_Clock_SetUSBClockSource
                0x000025ac       0x1c /home/django/Documents/Foxy/Gitting/foxyrfid/NFC/SW3647/workspace_ntag_i2c_plus/lpc_chip_11uxx_lib/Debug/liblpc_chip_11uxx_lib.a(clock_11xx.o)
                0x000025ac                Chip_Clock_SetUSBClockSource
 .text.Chip_Clock_GetSystemClockRate
                0x000025c8       0x8c /home/django/Documents/Foxy/Gitting/foxyrfid/NFC/SW3647/workspace_ntag_i2c_plus/lpc_chip_11uxx_lib/Debug/liblpc_chip_11uxx_lib.a(clock_11xx.o)
                0x000025c8                Chip_Clock_GetSystemClockRate
 .text.Chip_GPIO_Init
                0x00002654       0x14 /home/django/Documents/Foxy/Gitting/foxyrfid/NFC/SW3647/workspace_ntag_i2c_plus/lpc_chip_11uxx_lib/Debug/liblpc_chip_11uxx_lib.a(gpio_11xx_1.o)
                0x00002654                Chip_GPIO_Init
 .text.Chip_I2CM_Init
                0x00002668       0x20 /home/django/Documents/Foxy/Gitting/foxyrfid/NFC/SW3647/workspace_ntag_i2c_plus/lpc_chip_11uxx_lib/Debug/liblpc_chip_11uxx_lib.a(i2cm_11xx.o)
                0x00002668                Chip_I2CM_Init
 .text.Chip_I2CM_DeInit
                0x00002688       0x14 /home/django/Documents/Foxy/Gitting/foxyrfid/NFC/SW3647/workspace_ntag_i2c_plus/lpc_chip_11uxx_lib/Debug/liblpc_chip_11uxx_lib.a(i2cm_11xx.o)
                0x00002688                Chip_I2CM_DeInit
 .text.Chip_I2CM_SetBusSpeed
                0x0000269c       0x20 /home/django/Documents/Foxy/Gitting/foxyrfid/NFC/SW3647/workspace_ntag_i2c_plus/lpc_chip_11uxx_lib/Debug/liblpc_chip_11uxx_lib.a(i2cm_11xx.o)
                0x0000269c                Chip_I2CM_SetBusSpeed
 .text.Chip_I2CM_XferHandler
                0x000026bc      0x100 /home/django/Documents/Foxy/Gitting/foxyrfid/NFC/SW3647/workspace_ntag_i2c_plus/lpc_chip_11uxx_lib/Debug/liblpc_chip_11uxx_lib.a(i2cm_11xx.o)
                0x000026bc                Chip_I2CM_XferHandler
 .text.Chip_I2CM_Xfer
                0x000027bc       0x10 /home/django/Documents/Foxy/Gitting/foxyrfid/NFC/SW3647/workspace_ntag_i2c_plus/lpc_chip_11uxx_lib/Debug/liblpc_chip_11uxx_lib.a(i2cm_11xx.o)
                0x000027bc                Chip_I2CM_Xfer
 .text.Chip_I2CM_Write
                0x000027cc       0x6c /home/django/Documents/Foxy/Gitting/foxyrfid/NFC/SW3647/workspace_ntag_i2c_plus/lpc_chip_11uxx_lib/Debug/liblpc_chip_11uxx_lib.a(i2cm_11xx.o)
                0x000027cc                Chip_I2CM_Write
 .text.Chip_I2CM_Read
                0x00002838       0xb0 /home/django/Documents/Foxy/Gitting/foxyrfid/NFC/SW3647/workspace_ntag_i2c_plus/lpc_chip_11uxx_lib/Debug/liblpc_chip_11uxx_lib.a(i2cm_11xx.o)
                0x00002838                Chip_I2CM_Read
 .text.Chip_IOCON_PinMuxSet
                0x000028e8        0xc /home/django/Documents/Foxy/Gitting/foxyrfid/NFC/SW3647/workspace_ntag_i2c_plus/lpc_chip_11uxx_lib/Debug/liblpc_chip_11uxx_lib.a(iocon_11xx.o)
                0x000028e8                Chip_IOCON_PinMuxSet
 .text.Chip_PMU_SleepState
                0x000028f4        0x8 /home/django/Documents/Foxy/Gitting/foxyrfid/NFC/SW3647/workspace_ntag_i2c_plus/lpc_chip_11uxx_lib/Debug/liblpc_chip_11uxx_lib.a(pmu_11xx.o)
                0x000028f4                Chip_PMU_SleepState
 .text.Chip_SYSCTL_PowerDown
                0x000028fc       0x20 /home/django/Documents/Foxy/Gitting/foxyrfid/NFC/SW3647/workspace_ntag_i2c_plus/lpc_chip_11uxx_lib/Debug/liblpc_chip_11uxx_lib.a(sysctl_11xx.o)
                0x000028fc                Chip_SYSCTL_PowerDown
 .text.Chip_SYSCTL_PowerUp
                0x0000291c       0x24 /home/django/Documents/Foxy/Gitting/foxyrfid/NFC/SW3647/workspace_ntag_i2c_plus/lpc_chip_11uxx_lib/Debug/liblpc_chip_11uxx_lib.a(sysctl_11xx.o)
                0x0000291c                Chip_SYSCTL_PowerUp
 .text.memcpy   0x00002940        0x8 /usr/local/lpcxpresso_8.2.2_650/lpcxpresso/tools/bin/../lib/gcc/arm-none-eabi/5.4.1/../../../../arm-none-eabi/lib/armv6-m/libcr_c.a(memcpy.o)
                0x00002940                memcpy
 .text.memset   0x00002948        0x8 /usr/local/lpcxpresso_8.2.2_650/lpcxpresso/tools/bin/../lib/gcc/arm-none-eabi/5.4.1/../../../../arm-none-eabi/lib/armv6-m/libcr_c.a(memset.o)
                0x00002948                memset
 .text.__weak_main
                0x00002950        0x8 /usr/local/lpcxpresso_8.2.2_650/lpcxpresso/tools/bin/../lib/gcc/arm-none-eabi/5.4.1/../../../../arm-none-eabi/lib/armv6-m/libcr_c.a(__weak__main.o)
                0x00002950                __main
                0x00002950                __weak_main
 .text.malloc   0x00002958       0xcc /usr/local/lpcxpresso_8.2.2_650/lpcxpresso/tools/bin/../lib/gcc/arm-none-eabi/5.4.1/../../../../arm-none-eabi/lib/armv6-m/libcr_c.a(alloc.o)
                0x00002958                malloc
 .text.free     0x00002a24       0x2e /usr/local/lpcxpresso_8.2.2_650/lpcxpresso/tools/bin/../lib/gcc/arm-none-eabi/5.4.1/../../../../arm-none-eabi/lib/armv6-m/libcr_c.a(alloc.o)
                0x00002a24                free
 *fill*         0x00002a52        0x2 ff
 .text.strlen   0x00002a54       0x54 /usr/local/lpcxpresso_8.2.2_650/lpcxpresso/tools/bin/../lib/gcc/arm-none-eabi/5.4.1/../../../../arm-none-eabi/lib/armv6-m/libcr_c.a(strlen.o)
                0x00002a54                strlen
 .text._sbrk    0x00002aa8       0x40 /usr/local/lpcxpresso_8.2.2_650/lpcxpresso/tools/bin/../lib/gcc/arm-none-eabi/5.4.1/../../../../arm-none-eabi/lib/armv6-m/libcr_c.a(_cr_sbrk.o)
                0x00002aa8                _sbrk
 .text.__check_heap_overflow
                0x00002ae8       0x14 /usr/local/lpcxpresso_8.2.2_650/lpcxpresso/tools/bin/../lib/gcc/arm-none-eabi/5.4.1/../../../../arm-none-eabi/lib/armv6-m/libcr_c.a(_cr_check_heap.o)
                0x00002ae8                __check_heap_overflow
 .text.__aeabi_division_idivmod
                0x00002afc       0x78 /usr/local/lpcxpresso_8.2.2_650/lpcxpresso/tools/bin/../lib/gcc/arm-none-eabi/5.4.1/armv6-m/libcr_eabihelpers.a(division_32.o)
                0x00002afc                __aeabi_idiv
                0x00002afc                __aeabi_idivmod
                0x00002b02                __aeabi_uidiv
                0x00002b02                __aeabi_uidivmod
 .text.__aeabi_division_idiv0
                0x00002b74        0x2 /usr/local/lpcxpresso_8.2.2_650/lpcxpresso/tools/bin/../lib/gcc/arm-none-eabi/5.4.1/armv6-m/libcr_eabihelpers.a(division_idiv0.o)
                0x00002b74                __aeabi_idiv0
 .text.__aeabi_memcpy
                0x00002b76       0x2c /usr/local/lpcxpresso_8.2.2_650/lpcxpresso/tools/bin/../lib/gcc/arm-none-eabi/5.4.1/armv6-m/libcr_eabihelpers.a(memcpy.o)
                0x00002b76                __aeabi_memcpy
                0x00002b76                __aeabi_memcpy4
                0x00002b76                __aeabi_memcpy8
 .text.__aeabi_memset_lowlevel
                0x00002ba2       0x2a /usr/local/lpcxpresso_8.2.2_650/lpcxpresso/tools/bin/../lib/gcc/arm-none-eabi/5.4.1/armv6-m/libcr_eabihelpers.a(memcpy.o)
                0x00002ba2                __aeabi_lowlevel_memset
 .text.__gnu_thumb1_case_uqi
                0x00002bcc       0x10 /usr/local/lpcxpresso_8.2.2_650/lpcxpresso/tools/bin/../lib/gcc/arm-none-eabi/5.4.1/armv6-m/libcr_eabihelpers.a(thumb1_switch_helpers.o)
                0x00002bcc                __gnu_thumb1_case_uqi
 *(.rodata .rodata.* .constdata .constdata.*)
 .rodata.str1.1
                0x00002bdc       0x22 ./src/HW_functions.o
 .rodata.HID_I2C_ReportDescSize
                0x00002bfe        0x2 ./src/hid_desc.o
                0x00002bfe                HID_I2C_ReportDescSize
 .rodata.USB_StringDescriptor
                0x00002c00       0x68 ./src/hid_desc.o
                0x00002c00                USB_StringDescriptor
 .rodata.HID_I2C_ReportDescriptor
                0x00002c68       0x21 ./src/hid_desc.o
                0x00002c68                HID_I2C_ReportDescriptor
 *fill*         0x00002c89        0x3 ff
 .rodata.USB_DeviceDescriptor
                0x00002c8c       0x12 ./src/hid_desc.o
                0x00002c8c                USB_DeviceDescriptor
 .rodata.str1.1
                0x00002c9e       0x16 ./src/hid_i2c.o
 .rodata.str1.1
                0x00002cb4       0x44 ./src/main.o
 .rodata.NTAG_WaitForEvent
                0x00002cf8       0x78 /home/django/Documents/Foxy/Gitting/foxyrfid/NFC/SW3647/workspace_ntag_i2c_plus/NTAG_I2C_API/Debug/libNTAG_I2C_API.a(ntag_bridge.o)
 .rodata.OscRateIn
                0x00002d70        0x4 /home/django/Documents/Foxy/Gitting/foxyrfid/NFC/SW3647/workspace_ntag_i2c_plus/nxp_lpcxpresso_11u24h_board_lib/Debug/libnxp_lpcxpresso_11u24h_board_lib.a(board.o)
                0x00002d70                OscRateIn
 .rodata.ledBits
                0x00002d74        0x3 /home/django/Documents/Foxy/Gitting/foxyrfid/NFC/SW3647/workspace_ntag_i2c_plus/nxp_lpcxpresso_11u24h_board_lib/Debug/libnxp_lpcxpresso_11u24h_board_lib.a(board.o)
 *fill*         0x00002d77        0x1 ff
 .rodata.wdtOSCRate
                0x00002d78       0x40 /home/django/Documents/Foxy/Gitting/foxyrfid/NFC/SW3647/workspace_ntag_i2c_plus/lpc_chip_11uxx_lib/Debug/liblpc_chip_11uxx_lib.a(clock_11xx.o)
 .rodata.Chip_I2CM_XferHandler
                0x00002db8      0x164 /home/django/Documents/Foxy/Gitting/foxyrfid/NFC/SW3647/workspace_ntag_i2c_plus/lpc_chip_11uxx_lib/Debug/liblpc_chip_11uxx_lib.a(i2cm_11xx.o)
                0x00002f1c                . = ALIGN (0x4)

.glue_7         0x00002f1c        0x0
 .glue_7        0x00002f1c        0x0 linker stubs

.glue_7t        0x00002f1c        0x0
 .glue_7t       0x00002f1c        0x0 linker stubs

.vfp11_veneer   0x00002f1c        0x0
 .vfp11_veneer  0x00002f1c        0x0 linker stubs

.v4_bx          0x00002f1c        0x0
 .v4_bx         0x00002f1c        0x0 linker stubs

.iplt           0x00002f1c        0x0
 .iplt          0x00002f1c        0x0 ./src/HW_functions.o

.rel.dyn        0x00002f1c        0x0
 .rel.iplt      0x00002f1c        0x0 ./src/HW_functions.o

.ARM.extab
 *(.ARM.extab* .gnu.linkonce.armextab.*)
                0x00002f1c                __exidx_start = .

.ARM.exidx
 *(.ARM.exidx* .gnu.linkonce.armexidx.*)
                0x00002f1c                __exidx_end = .
                0x00002f1c                _etext = .

.uninit_RESERVED
                0x10000200        0x0
 *(.bss.$RESERVED*)
                0x10000200                . = ALIGN (0x4)
                0x10000200                _end_uninit_RESERVED = .

.data           0x10000200       0x74 load address 0x00002f1c
 FILL mask 0xff
                0x10000200                _data = .
 *(vtable)
 *(.ramfunc*)
 *(.data*)
 .data.USB_FsConfigDescriptor
                0x10000200       0x2a ./src/hid_desc.o
                0x10000200                USB_FsConfigDescriptor
 *fill*         0x1000022a        0x2 ff
 .data.ntag_device_list
                0x1000022c       0x30 /home/django/Documents/Foxy/Gitting/foxyrfid/NFC/SW3647/workspace_ntag_i2c_plus/NTAG_I2C_API/Debug/libNTAG_I2C_API.a(ntag_driver.o)
                0x1000022c                ntag_device_list
 .data.isr_callback_list
                0x1000025c       0x18 /home/django/Documents/Foxy/Gitting/foxyrfid/NFC/SW3647/workspace_ntag_i2c_plus/NTAG_I2C_API/Debug/libNTAG_I2C_API.a(isr_common.o)
                0x1000025c                isr_callback_list
                0x10000274                . = ALIGN (0x4)
                0x10000274                _edata = .

.igot.plt       0x10000274        0x0 load address 0x00002f90
 .igot.plt      0x10000274        0x0 ./src/HW_functions.o

.bss            0x10000274       0xc8 load address 0x00002f90
                0x10000274                _bss = .
 *(.bss*)
 .bss.g_hUsb    0x10000274        0x4 ./src/hid_main.o
 .bss.cmd_table
                0x10000278       0x14 ./src/iap_driver.o
 .bss.result_table
                0x1000028c       0x14 ./src/iap_driver.o
 .bss.started   0x100002a0        0x1 ./src/main.o
                0x100002a0                started
 *fill*         0x100002a1        0x3 
 .bss.i2cHandleMaster
                0x100002a4        0x4 ./src/main.o
 .bss.sram_buf  0x100002a8       0x40 ./src/main.o
 .bss.LCD_initialized
                0x100002e8        0x1 ./src/main.o
                0x100002e8                LCD_initialized
 .bss.flash_on_progress
                0x100002e9        0x1 ./src/main.o
                0x100002e9                flash_on_progress
 *fill*         0x100002ea        0x2 
 .bss.timer     0x100002ec        0x4 /home/django/Documents/Foxy/Gitting/foxyrfid/NFC/SW3647/workspace_ntag_i2c_plus/NTAG_I2C_API/Debug/libNTAG_I2C_API.a(timer_lpc.o)
 .bss.command.5676
                0x100002f0       0x10 /home/django/Documents/Foxy/Gitting/foxyrfid/NFC/SW3647/workspace_ntag_i2c_plus/nxp_lpcxpresso_11u24h_board_lib/Debug/libnxp_lpcxpresso_11u24h_board_lib.a(board_sysinit.o)
 .bss.result.5677
                0x10000300        0xc /home/django/Documents/Foxy/Gitting/foxyrfid/NFC/SW3647/workspace_ntag_i2c_plus/nxp_lpcxpresso_11u24h_board_lib/Debug/libnxp_lpcxpresso_11u24h_board_lib.a(board_sysinit.o)
 .bss.__heaps   0x1000030c        0x4 /usr/local/lpcxpresso_8.2.2_650/lpcxpresso/tools/bin/../lib/gcc/arm-none-eabi/5.4.1/../../../../arm-none-eabi/lib/armv6-m/libcr_c.a(__init_alloc.o)
                0x1000030c                __heaps
 .bss.__end_of_heap
                0x10000310        0x4 /usr/local/lpcxpresso_8.2.2_650/lpcxpresso/tools/bin/../lib/gcc/arm-none-eabi/5.4.1/../../../../arm-none-eabi/lib/armv6-m/libcr_c.a(__init_alloc.o)
                0x10000310                __end_of_heap
 .bss.errno     0x10000314        0x4 /usr/local/lpcxpresso_8.2.2_650/lpcxpresso/tools/bin/../lib/gcc/arm-none-eabi/5.4.1/../../../../arm-none-eabi/lib/armv6-m/libcr_c.a(errno.o)
                0x10000314                errno
 *(COMMON)
 COMMON         0x10000318        0xb ./src/HW_functions.o
                0x10000318                ntag_handle
                0x1000031c                rom
                0x10000320                CHAR_BOARD_MAJ
                0x10000321                CHAR_BOARD_MIN
                0x10000322                error
 *fill*         0x10000323        0x1 
 COMMON         0x10000324        0x4 ./src/hid_main.o
                0x10000324                g_pUsbApi
 COMMON         0x10000328       0x10 ./src/main.o
                0x10000328                LCDmessagebuffer
 COMMON         0x10000338        0x4 /home/django/Documents/Foxy/Gitting/foxyrfid/NFC/SW3647/workspace_ntag_i2c_plus/lpc_chip_11uxx_lib/Debug/liblpc_chip_11uxx_lib.a(chip_11xx.o)
                0x10000338                SystemCoreClock
                0x1000033c                . = ALIGN (0x4)
                0x1000033c                _ebss = .
                [!provide]                PROVIDE (end, .)

.noinit         0x1000033c        0x0 load address 0x00002f90
                0x1000033c                _noinit = .
 *(.noinit*)
                0x1000033c                . = ALIGN (0x4)
                0x1000033c                _end_noinit = .
                0x1000033c                PROVIDE (_pvHeapStart, DEFINED (__user_heap_base)?__user_heap_base:.)
                0x10001fe0                PROVIDE (_vStackTop, DEFINED (__user_stack_top)?__user_stack_top:(__top_RamLoc8 - 0x0))
                [!provide]                PROVIDE (__valid_user_code_checksum, (0x0 - (((_vStackTop + (ResetISR + 0x1)) + (DEFINED (NMI_Handler)?NMI_Handler:M0_NMI_Handler + 0x1)) + (DEFINED (HardFault_Handler)?HardFault_Handler:M0_HardFault_Handler + 0x1))))
OUTPUT(NTAG_I2C_Explorer_BootLoader.axf elf32-littlearm)

.debug_info     0x00000000    0x11af2
 .debug_info    0x00000000     0x12de ./src/HW_functions.o
 .debug_info    0x000012de      0x1ec ./src/flash_fw.o
 .debug_info    0x000014ca      0x24d ./src/hid_desc.o
 .debug_info    0x00001717     0x2f48 ./src/hid_i2c.o
 .debug_info    0x0000465f     0x21c1 ./src/hid_main.o
 .debug_info    0x00006820      0x5f3 ./src/iap_driver.o
 .debug_info    0x00006e13     0x188a ./src/main.o
 .debug_info    0x0000869d      0x5cf /home/django/Documents/Foxy/Gitting/foxyrfid/NFC/SW3647/workspace_ntag_i2c_plus/NTAG_I2C_API/Debug/libNTAG_I2C_API.a(timer_lpc.o)
 .debug_info    0x00008c6c      0xa56 /home/django/Documents/Foxy/Gitting/foxyrfid/NFC/SW3647/workspace_ntag_i2c_plus/NTAG_I2C_API/Debug/libNTAG_I2C_API.a(ntag_bridge.o)
 .debug_info    0x000096c2      0x7e7 /home/django/Documents/Foxy/Gitting/foxyrfid/NFC/SW3647/workspace_ntag_i2c_plus/NTAG_I2C_API/Debug/libNTAG_I2C_API.a(ntag_driver.o)
 .debug_info    0x00009ea9      0x401 /home/django/Documents/Foxy/Gitting/foxyrfid/NFC/SW3647/workspace_ntag_i2c_plus/NTAG_I2C_API/Debug/libNTAG_I2C_API.a(isr_common.o)
 .debug_info    0x0000a2aa      0xc6b /home/django/Documents/Foxy/Gitting/foxyrfid/NFC/SW3647/workspace_ntag_i2c_plus/NTAG_I2C_API/Debug/libNTAG_I2C_API.a(isr_lpc11u6x.o)
 .debug_info    0x0000af15      0x4f9 /home/django/Documents/Foxy/Gitting/foxyrfid/NFC/SW3647/workspace_ntag_i2c_plus/NTAG_I2C_API/Debug/libNTAG_I2C_API.a(i2c_lpc11u37h.o)
 .debug_info    0x0000b40e      0x208 /home/django/Documents/Foxy/Gitting/foxyrfid/NFC/SW3647/workspace_ntag_i2c_plus/NTAG_I2C_API/Debug/libNTAG_I2C_API.a(cr_startup_lpc11u.o)
 .debug_info    0x0000b616      0x1dc /home/django/Documents/Foxy/Gitting/foxyrfid/NFC/SW3647/workspace_ntag_i2c_plus/NTAG_I2C_API/Debug/libNTAG_I2C_API.a(sysinit.o)
 .debug_info    0x0000b7f2      0x6c9 /home/django/Documents/Foxy/Gitting/foxyrfid/NFC/SW3647/workspace_ntag_i2c_plus/nxp_lpcxpresso_11u24h_board_lib/Debug/libnxp_lpcxpresso_11u24h_board_lib.a(board.o)
 .debug_info    0x0000bebb      0xba8 /home/django/Documents/Foxy/Gitting/foxyrfid/NFC/SW3647/workspace_ntag_i2c_plus/nxp_lpcxpresso_11u24h_board_lib/Debug/libnxp_lpcxpresso_11u24h_board_lib.a(board_sysinit.o)
 .debug_info    0x0000ca63      0xa9c /home/django/Documents/Foxy/Gitting/foxyrfid/NFC/SW3647/workspace_ntag_i2c_plus/nxp_lpcxpresso_11u24h_board_lib/Debug/libnxp_lpcxpresso_11u24h_board_lib.a(usb_board_sysinit.o)
 .debug_info    0x0000d4ff     0x101c /home/django/Documents/Foxy/Gitting/foxyrfid/NFC/SW3647/workspace_ntag_i2c_plus/lpc_chip_11uxx_lib/Debug/liblpc_chip_11uxx_lib.a(adc_11xx.o)
 .debug_info    0x0000e51b      0x1c9 /home/django/Documents/Foxy/Gitting/foxyrfid/NFC/SW3647/workspace_ntag_i2c_plus/lpc_chip_11uxx_lib/Debug/liblpc_chip_11uxx_lib.a(chip_11xx.o)
 .debug_info    0x0000e6e4      0xc31 /home/django/Documents/Foxy/Gitting/foxyrfid/NFC/SW3647/workspace_ntag_i2c_plus/lpc_chip_11uxx_lib/Debug/liblpc_chip_11uxx_lib.a(clock_11xx.o)
 .debug_info    0x0000f315      0xaf9 /home/django/Documents/Foxy/Gitting/foxyrfid/NFC/SW3647/workspace_ntag_i2c_plus/lpc_chip_11uxx_lib/Debug/liblpc_chip_11uxx_lib.a(gpio_11xx_1.o)
 .debug_info    0x0000fe0e      0xfd6 /home/django/Documents/Foxy/Gitting/foxyrfid/NFC/SW3647/workspace_ntag_i2c_plus/lpc_chip_11uxx_lib/Debug/liblpc_chip_11uxx_lib.a(i2cm_11xx.o)
 .debug_info    0x00010de4      0x245 /home/django/Documents/Foxy/Gitting/foxyrfid/NFC/SW3647/workspace_ntag_i2c_plus/lpc_chip_11uxx_lib/Debug/liblpc_chip_11uxx_lib.a(iocon_11xx.o)
 .debug_info    0x00011029      0x445 /home/django/Documents/Foxy/Gitting/foxyrfid/NFC/SW3647/workspace_ntag_i2c_plus/lpc_chip_11uxx_lib/Debug/liblpc_chip_11uxx_lib.a(pmu_11xx.o)
 .debug_info    0x0001146e      0x684 /home/django/Documents/Foxy/Gitting/foxyrfid/NFC/SW3647/workspace_ntag_i2c_plus/lpc_chip_11uxx_lib/Debug/liblpc_chip_11uxx_lib.a(sysctl_11xx.o)

.debug_abbrev   0x00000000     0x38a0
 .debug_abbrev  0x00000000      0x389 ./src/HW_functions.o
 .debug_abbrev  0x00000389       0xd3 ./src/flash_fw.o
 .debug_abbrev  0x0000045c       0xc6 ./src/hid_desc.o
 .debug_abbrev  0x00000522      0x4f2 ./src/hid_i2c.o
 .debug_abbrev  0x00000a14      0x3d5 ./src/hid_main.o
 .debug_abbrev  0x00000de9      0x1de ./src/iap_driver.o
 .debug_abbrev  0x00000fc7      0x44c ./src/main.o
 .debug_abbrev  0x00001413      0x234 /home/django/Documents/Foxy/Gitting/foxyrfid/NFC/SW3647/workspace_ntag_i2c_plus/NTAG_I2C_API/Debug/libNTAG_I2C_API.a(timer_lpc.o)
 .debug_abbrev  0x00001647      0x189 /home/django/Documents/Foxy/Gitting/foxyrfid/NFC/SW3647/workspace_ntag_i2c_plus/NTAG_I2C_API/Debug/libNTAG_I2C_API.a(ntag_bridge.o)
 .debug_abbrev  0x000017d0      0x201 /home/django/Documents/Foxy/Gitting/foxyrfid/NFC/SW3647/workspace_ntag_i2c_plus/NTAG_I2C_API/Debug/libNTAG_I2C_API.a(ntag_driver.o)
 .debug_abbrev  0x000019d1      0x16f /home/django/Documents/Foxy/Gitting/foxyrfid/NFC/SW3647/workspace_ntag_i2c_plus/NTAG_I2C_API/Debug/libNTAG_I2C_API.a(isr_common.o)
 .debug_abbrev  0x00001b40      0x271 /home/django/Documents/Foxy/Gitting/foxyrfid/NFC/SW3647/workspace_ntag_i2c_plus/NTAG_I2C_API/Debug/libNTAG_I2C_API.a(isr_lpc11u6x.o)
 .debug_abbrev  0x00001db1      0x19e /home/django/Documents/Foxy/Gitting/foxyrfid/NFC/SW3647/workspace_ntag_i2c_plus/NTAG_I2C_API/Debug/libNTAG_I2C_API.a(i2c_lpc11u37h.o)
 .debug_abbrev  0x00001f4f       0xf5 /home/django/Documents/Foxy/Gitting/foxyrfid/NFC/SW3647/workspace_ntag_i2c_plus/NTAG_I2C_API/Debug/libNTAG_I2C_API.a(cr_startup_lpc11u.o)
 .debug_abbrev  0x00002044       0xe6 /home/django/Documents/Foxy/Gitting/foxyrfid/NFC/SW3647/workspace_ntag_i2c_plus/NTAG_I2C_API/Debug/libNTAG_I2C_API.a(sysinit.o)
 .debug_abbrev  0x0000212a      0x283 /home/django/Documents/Foxy/Gitting/foxyrfid/NFC/SW3647/workspace_ntag_i2c_plus/nxp_lpcxpresso_11u24h_board_lib/Debug/libnxp_lpcxpresso_11u24h_board_lib.a(board.o)
 .debug_abbrev  0x000023ad      0x28c /home/django/Documents/Foxy/Gitting/foxyrfid/NFC/SW3647/workspace_ntag_i2c_plus/nxp_lpcxpresso_11u24h_board_lib/Debug/libnxp_lpcxpresso_11u24h_board_lib.a(board_sysinit.o)
 .debug_abbrev  0x00002639      0x244 /home/django/Documents/Foxy/Gitting/foxyrfid/NFC/SW3647/workspace_ntag_i2c_plus/nxp_lpcxpresso_11u24h_board_lib/Debug/libnxp_lpcxpresso_11u24h_board_lib.a(usb_board_sysinit.o)
 .debug_abbrev  0x0000287d      0x341 /home/django/Documents/Foxy/Gitting/foxyrfid/NFC/SW3647/workspace_ntag_i2c_plus/lpc_chip_11uxx_lib/Debug/liblpc_chip_11uxx_lib.a(adc_11xx.o)
 .debug_abbrev  0x00002bbe       0xeb /home/django/Documents/Foxy/Gitting/foxyrfid/NFC/SW3647/workspace_ntag_i2c_plus/lpc_chip_11uxx_lib/Debug/liblpc_chip_11uxx_lib.a(chip_11xx.o)
 .debug_abbrev  0x00002ca9      0x2e9 /home/django/Documents/Foxy/Gitting/foxyrfid/NFC/SW3647/workspace_ntag_i2c_plus/lpc_chip_11uxx_lib/Debug/liblpc_chip_11uxx_lib.a(clock_11xx.o)
 .debug_abbrev  0x00002f92      0x1f6 /home/django/Documents/Foxy/Gitting/foxyrfid/NFC/SW3647/workspace_ntag_i2c_plus/lpc_chip_11uxx_lib/Debug/liblpc_chip_11uxx_lib.a(gpio_11xx_1.o)
 .debug_abbrev  0x00003188      0x32f /home/django/Documents/Foxy/Gitting/foxyrfid/NFC/SW3647/workspace_ntag_i2c_plus/lpc_chip_11uxx_lib/Debug/liblpc_chip_11uxx_lib.a(i2cm_11xx.o)
 .debug_abbrev  0x000034b7      0x102 /home/django/Documents/Foxy/Gitting/foxyrfid/NFC/SW3647/workspace_ntag_i2c_plus/lpc_chip_11uxx_lib/Debug/liblpc_chip_11uxx_lib.a(iocon_11xx.o)
 .debug_abbrev  0x000035b9      0x1c7 /home/django/Documents/Foxy/Gitting/foxyrfid/NFC/SW3647/workspace_ntag_i2c_plus/lpc_chip_11uxx_lib/Debug/liblpc_chip_11uxx_lib.a(pmu_11xx.o)
 .debug_abbrev  0x00003780      0x120 /home/django/Documents/Foxy/Gitting/foxyrfid/NFC/SW3647/workspace_ntag_i2c_plus/lpc_chip_11uxx_lib/Debug/liblpc_chip_11uxx_lib.a(sysctl_11xx.o)

.debug_loc      0x00000000     0x3438
 .debug_loc     0x00000000      0x4a8 ./src/HW_functions.o
 .debug_loc     0x000004a8      0x12b ./src/flash_fw.o
 .debug_loc     0x000005d3      0xac5 ./src/hid_i2c.o
 .debug_loc     0x00001098      0x1b1 ./src/hid_main.o
 .debug_loc     0x00001249      0x239 ./src/iap_driver.o
 .debug_loc     0x00001482      0x359 ./src/main.o
 .debug_loc     0x000017db      0x34e /home/django/Documents/Foxy/Gitting/foxyrfid/NFC/SW3647/workspace_ntag_i2c_plus/nxp_lpcxpresso_11u24h_board_lib/Debug/libnxp_lpcxpresso_11u24h_board_lib.a(board.o)
 .debug_loc     0x00001b29       0x4f /home/django/Documents/Foxy/Gitting/foxyrfid/NFC/SW3647/workspace_ntag_i2c_plus/nxp_lpcxpresso_11u24h_board_lib/Debug/libnxp_lpcxpresso_11u24h_board_lib.a(board_sysinit.o)
 .debug_loc     0x00001b78       0x90 /home/django/Documents/Foxy/Gitting/foxyrfid/NFC/SW3647/workspace_ntag_i2c_plus/nxp_lpcxpresso_11u24h_board_lib/Debug/libnxp_lpcxpresso_11u24h_board_lib.a(usb_board_sysinit.o)
 .debug_loc     0x00001c08      0xa0c /home/django/Documents/Foxy/Gitting/foxyrfid/NFC/SW3647/workspace_ntag_i2c_plus/lpc_chip_11uxx_lib/Debug/liblpc_chip_11uxx_lib.a(adc_11xx.o)
 .debug_loc     0x00002614      0x1a2 /home/django/Documents/Foxy/Gitting/foxyrfid/NFC/SW3647/workspace_ntag_i2c_plus/lpc_chip_11uxx_lib/Debug/liblpc_chip_11uxx_lib.a(clock_11xx.o)
 .debug_loc     0x000027b6      0x34e /home/django/Documents/Foxy/Gitting/foxyrfid/NFC/SW3647/workspace_ntag_i2c_plus/lpc_chip_11uxx_lib/Debug/liblpc_chip_11uxx_lib.a(gpio_11xx_1.o)
 .debug_loc     0x00002b04      0x844 /home/django/Documents/Foxy/Gitting/foxyrfid/NFC/SW3647/workspace_ntag_i2c_plus/lpc_chip_11uxx_lib/Debug/liblpc_chip_11uxx_lib.a(i2cm_11xx.o)
 .debug_loc     0x00003348       0x21 /home/django/Documents/Foxy/Gitting/foxyrfid/NFC/SW3647/workspace_ntag_i2c_plus/lpc_chip_11uxx_lib/Debug/liblpc_chip_11uxx_lib.a(iocon_11xx.o)
 .debug_loc     0x00003369       0x13 /home/django/Documents/Foxy/Gitting/foxyrfid/NFC/SW3647/workspace_ntag_i2c_plus/lpc_chip_11uxx_lib/Debug/liblpc_chip_11uxx_lib.a(pmu_11xx.o)
 .debug_loc     0x0000337c       0xbc /home/django/Documents/Foxy/Gitting/foxyrfid/NFC/SW3647/workspace_ntag_i2c_plus/lpc_chip_11uxx_lib/Debug/liblpc_chip_11uxx_lib.a(sysctl_11xx.o)

.debug_aranges  0x00000000      0x800
 .debug_aranges
                0x00000000       0x90 ./src/HW_functions.o
 .debug_aranges
                0x00000090       0x20 ./src/flash_fw.o
 .debug_aranges
                0x000000b0       0x18 ./src/hid_desc.o
 .debug_aranges
                0x000000c8       0x48 ./src/hid_i2c.o
 .debug_aranges
                0x00000110       0x30 ./src/hid_main.o
 .debug_aranges
                0x00000140       0x58 ./src/iap_driver.o
 .debug_aranges
                0x00000198       0x68 ./src/main.o
 .debug_aranges
                0x00000200       0x48 /home/django/Documents/Foxy/Gitting/foxyrfid/NFC/SW3647/workspace_ntag_i2c_plus/NTAG_I2C_API/Debug/libNTAG_I2C_API.a(timer_lpc.o)
 .debug_aranges
                0x00000248       0xe0 /home/django/Documents/Foxy/Gitting/foxyrfid/NFC/SW3647/workspace_ntag_i2c_plus/NTAG_I2C_API/Debug/libNTAG_I2C_API.a(ntag_bridge.o)
 .debug_aranges
                0x00000328       0x78 /home/django/Documents/Foxy/Gitting/foxyrfid/NFC/SW3647/workspace_ntag_i2c_plus/NTAG_I2C_API/Debug/libNTAG_I2C_API.a(ntag_driver.o)
 .debug_aranges
                0x000003a0       0x28 /home/django/Documents/Foxy/Gitting/foxyrfid/NFC/SW3647/workspace_ntag_i2c_plus/NTAG_I2C_API/Debug/libNTAG_I2C_API.a(isr_common.o)
 .debug_aranges
                0x000003c8       0x78 /home/django/Documents/Foxy/Gitting/foxyrfid/NFC/SW3647/workspace_ntag_i2c_plus/NTAG_I2C_API/Debug/libNTAG_I2C_API.a(isr_lpc11u6x.o)
 .debug_aranges
                0x00000440       0x58 /home/django/Documents/Foxy/Gitting/foxyrfid/NFC/SW3647/workspace_ntag_i2c_plus/NTAG_I2C_API/Debug/libNTAG_I2C_API.a(i2c_lpc11u37h.o)
 .debug_aranges
                0x00000498       0x60 /home/django/Documents/Foxy/Gitting/foxyrfid/NFC/SW3647/workspace_ntag_i2c_plus/NTAG_I2C_API/Debug/libNTAG_I2C_API.a(cr_startup_lpc11u.o)
 .debug_aranges
                0x000004f8       0x28 /home/django/Documents/Foxy/Gitting/foxyrfid/NFC/SW3647/workspace_ntag_i2c_plus/NTAG_I2C_API/Debug/libNTAG_I2C_API.a(sysinit.o)
 .debug_aranges
                0x00000520       0x38 /home/django/Documents/Foxy/Gitting/foxyrfid/NFC/SW3647/workspace_ntag_i2c_plus/nxp_lpcxpresso_11u24h_board_lib/Debug/libnxp_lpcxpresso_11u24h_board_lib.a(board.o)
 .debug_aranges
                0x00000558       0x30 /home/django/Documents/Foxy/Gitting/foxyrfid/NFC/SW3647/workspace_ntag_i2c_plus/nxp_lpcxpresso_11u24h_board_lib/Debug/libnxp_lpcxpresso_11u24h_board_lib.a(board_sysinit.o)
 .debug_aranges
                0x00000588       0x28 /home/django/Documents/Foxy/Gitting/foxyrfid/NFC/SW3647/workspace_ntag_i2c_plus/nxp_lpcxpresso_11u24h_board_lib/Debug/libnxp_lpcxpresso_11u24h_board_lib.a(usb_board_sysinit.o)
 .debug_aranges
                0x000005b0       0x78 /home/django/Documents/Foxy/Gitting/foxyrfid/NFC/SW3647/workspace_ntag_i2c_plus/lpc_chip_11uxx_lib/Debug/liblpc_chip_11uxx_lib.a(adc_11xx.o)
 .debug_aranges
                0x00000628       0x20 /home/django/Documents/Foxy/Gitting/foxyrfid/NFC/SW3647/workspace_ntag_i2c_plus/lpc_chip_11uxx_lib/Debug/liblpc_chip_11uxx_lib.a(chip_11xx.o)
 .debug_aranges
                0x00000648       0x80 /home/django/Documents/Foxy/Gitting/foxyrfid/NFC/SW3647/workspace_ntag_i2c_plus/lpc_chip_11uxx_lib/Debug/liblpc_chip_11uxx_lib.a(clock_11xx.o)
 .debug_aranges
                0x000006c8       0x48 /home/django/Documents/Foxy/Gitting/foxyrfid/NFC/SW3647/workspace_ntag_i2c_plus/lpc_chip_11uxx_lib/Debug/liblpc_chip_11uxx_lib.a(gpio_11xx_1.o)
 .debug_aranges
                0x00000710       0x58 /home/django/Documents/Foxy/Gitting/foxyrfid/NFC/SW3647/workspace_ntag_i2c_plus/lpc_chip_11uxx_lib/Debug/liblpc_chip_11uxx_lib.a(i2cm_11xx.o)
 .debug_aranges
                0x00000768       0x20 /home/django/Documents/Foxy/Gitting/foxyrfid/NFC/SW3647/workspace_ntag_i2c_plus/lpc_chip_11uxx_lib/Debug/liblpc_chip_11uxx_lib.a(iocon_11xx.o)
 .debug_aranges
                0x00000788       0x40 /home/django/Documents/Foxy/Gitting/foxyrfid/NFC/SW3647/workspace_ntag_i2c_plus/lpc_chip_11uxx_lib/Debug/liblpc_chip_11uxx_lib.a(pmu_11xx.o)
 .debug_aranges
                0x000007c8       0x38 /home/django/Documents/Foxy/Gitting/foxyrfid/NFC/SW3647/workspace_ntag_i2c_plus/lpc_chip_11uxx_lib/Debug/liblpc_chip_11uxx_lib.a(sysctl_11xx.o)

.debug_ranges   0x00000000      0xe30
 .debug_ranges  0x00000000       0xb0 ./src/HW_functions.o
 .debug_ranges  0x000000b0       0x10 ./src/flash_fw.o
 .debug_ranges  0x000000c0      0x1b8 ./src/hid_i2c.o
 .debug_ranges  0x00000278       0xb8 ./src/hid_main.o
 .debug_ranges  0x00000330       0x48 ./src/iap_driver.o
 .debug_ranges  0x00000378       0xb8 ./src/main.o
 .debug_ranges  0x00000430       0x38 /home/django/Documents/Foxy/Gitting/foxyrfid/NFC/SW3647/workspace_ntag_i2c_plus/NTAG_I2C_API/Debug/libNTAG_I2C_API.a(timer_lpc.o)
 .debug_ranges  0x00000468       0xd0 /home/django/Documents/Foxy/Gitting/foxyrfid/NFC/SW3647/workspace_ntag_i2c_plus/NTAG_I2C_API/Debug/libNTAG_I2C_API.a(ntag_bridge.o)
 .debug_ranges  0x00000538       0xc8 /home/django/Documents/Foxy/Gitting/foxyrfid/NFC/SW3647/workspace_ntag_i2c_plus/NTAG_I2C_API/Debug/libNTAG_I2C_API.a(ntag_driver.o)
 .debug_ranges  0x00000600       0x18 /home/django/Documents/Foxy/Gitting/foxyrfid/NFC/SW3647/workspace_ntag_i2c_plus/NTAG_I2C_API/Debug/libNTAG_I2C_API.a(isr_common.o)
 .debug_ranges  0x00000618       0x68 /home/django/Documents/Foxy/Gitting/foxyrfid/NFC/SW3647/workspace_ntag_i2c_plus/NTAG_I2C_API/Debug/libNTAG_I2C_API.a(isr_lpc11u6x.o)
 .debug_ranges  0x00000680       0x48 /home/django/Documents/Foxy/Gitting/foxyrfid/NFC/SW3647/workspace_ntag_i2c_plus/NTAG_I2C_API/Debug/libNTAG_I2C_API.a(i2c_lpc11u37h.o)
 .debug_ranges  0x000006c8       0x50 /home/django/Documents/Foxy/Gitting/foxyrfid/NFC/SW3647/workspace_ntag_i2c_plus/NTAG_I2C_API/Debug/libNTAG_I2C_API.a(cr_startup_lpc11u.o)
 .debug_ranges  0x00000718       0x18 /home/django/Documents/Foxy/Gitting/foxyrfid/NFC/SW3647/workspace_ntag_i2c_plus/NTAG_I2C_API/Debug/libNTAG_I2C_API.a(sysinit.o)
 .debug_ranges  0x00000730       0xa0 /home/django/Documents/Foxy/Gitting/foxyrfid/NFC/SW3647/workspace_ntag_i2c_plus/nxp_lpcxpresso_11u24h_board_lib/Debug/libnxp_lpcxpresso_11u24h_board_lib.a(board.o)
 .debug_ranges  0x000007d0       0x88 /home/django/Documents/Foxy/Gitting/foxyrfid/NFC/SW3647/workspace_ntag_i2c_plus/nxp_lpcxpresso_11u24h_board_lib/Debug/libnxp_lpcxpresso_11u24h_board_lib.a(board_sysinit.o)
 .debug_ranges  0x00000858       0xb0 /home/django/Documents/Foxy/Gitting/foxyrfid/NFC/SW3647/workspace_ntag_i2c_plus/nxp_lpcxpresso_11u24h_board_lib/Debug/libnxp_lpcxpresso_11u24h_board_lib.a(usb_board_sysinit.o)
 .debug_ranges  0x00000908      0x120 /home/django/Documents/Foxy/Gitting/foxyrfid/NFC/SW3647/workspace_ntag_i2c_plus/lpc_chip_11uxx_lib/Debug/liblpc_chip_11uxx_lib.a(adc_11xx.o)
 .debug_ranges  0x00000a28       0x10 /home/django/Documents/Foxy/Gitting/foxyrfid/NFC/SW3647/workspace_ntag_i2c_plus/lpc_chip_11uxx_lib/Debug/liblpc_chip_11uxx_lib.a(chip_11xx.o)
 .debug_ranges  0x00000a38      0x158 /home/django/Documents/Foxy/Gitting/foxyrfid/NFC/SW3647/workspace_ntag_i2c_plus/lpc_chip_11uxx_lib/Debug/liblpc_chip_11uxx_lib.a(clock_11xx.o)
 .debug_ranges  0x00000b90       0x98 /home/django/Documents/Foxy/Gitting/foxyrfid/NFC/SW3647/workspace_ntag_i2c_plus/lpc_chip_11uxx_lib/Debug/liblpc_chip_11uxx_lib.a(gpio_11xx_1.o)
 .debug_ranges  0x00000c28      0x1a0 /home/django/Documents/Foxy/Gitting/foxyrfid/NFC/SW3647/workspace_ntag_i2c_plus/lpc_chip_11uxx_lib/Debug/liblpc_chip_11uxx_lib.a(i2cm_11xx.o)
 .debug_ranges  0x00000dc8       0x10 /home/django/Documents/Foxy/Gitting/foxyrfid/NFC/SW3647/workspace_ntag_i2c_plus/lpc_chip_11uxx_lib/Debug/liblpc_chip_11uxx_lib.a(iocon_11xx.o)
 .debug_ranges  0x00000dd8       0x30 /home/django/Documents/Foxy/Gitting/foxyrfid/NFC/SW3647/workspace_ntag_i2c_plus/lpc_chip_11uxx_lib/Debug/liblpc_chip_11uxx_lib.a(pmu_11xx.o)
 .debug_ranges  0x00000e08       0x28 /home/django/Documents/Foxy/Gitting/foxyrfid/NFC/SW3647/workspace_ntag_i2c_plus/lpc_chip_11uxx_lib/Debug/liblpc_chip_11uxx_lib.a(sysctl_11xx.o)

.debug_macro    0x00000000     0x57a9
 .debug_macro   0x00000000      0x283 ./src/HW_functions.o
 .debug_macro   0x00000283      0x86e ./src/HW_functions.o
 .debug_macro   0x00000af1       0x10 ./src/HW_functions.o
 .debug_macro   0x00000b01      0x12d ./src/HW_functions.o
 .debug_macro   0x00000c2e      0x5b2 ./src/HW_functions.o
 .debug_macro   0x000011e0       0x22 ./src/HW_functions.o
 .debug_macro   0x00001202       0x7b ./src/HW_functions.o
 .debug_macro   0x0000127d       0x10 ./src/HW_functions.o
 .debug_macro   0x0000128d       0x1f ./src/HW_functions.o
 .debug_macro   0x000012ac       0x3a ./src/HW_functions.o
 .debug_macro   0x000012e6       0x1f ./src/HW_functions.o
 .debug_macro   0x00001305      0x242 ./src/HW_functions.o
 .debug_macro   0x00001547      0x125 ./src/HW_functions.o
 .debug_macro   0x0000166c       0x2e ./src/HW_functions.o
 .debug_macro   0x0000169a       0xf1 ./src/HW_functions.o
 .debug_macro   0x0000178b       0x10 ./src/HW_functions.o
 .debug_macro   0x0000179b      0x137 ./src/HW_functions.o
 .debug_macro   0x000018d2       0x4c ./src/HW_functions.o
 .debug_macro   0x0000191e       0x4f ./src/HW_functions.o
 .debug_macro   0x0000196d       0x18 ./src/HW_functions.o
 .debug_macro   0x00001985       0x22 ./src/HW_functions.o
 .debug_macro   0x000019a7       0x7c ./src/HW_functions.o
 .debug_macro   0x00001a23       0x1c ./src/HW_functions.o
 .debug_macro   0x00001a3f       0x40 ./src/HW_functions.o
 .debug_macro   0x00001a7f      0x184 ./src/HW_functions.o
 .debug_macro   0x00001c03       0x88 ./src/HW_functions.o
 .debug_macro   0x00001c8b       0x40 ./src/HW_functions.o
 .debug_macro   0x00001ccb       0x2e ./src/HW_functions.o
 .debug_macro   0x00001cf9       0x57 ./src/HW_functions.o
 .debug_macro   0x00001d50       0x9a ./src/HW_functions.o
 .debug_macro   0x00001dea       0x28 ./src/HW_functions.o
 .debug_macro   0x00001e12       0x70 ./src/HW_functions.o
 .debug_macro   0x00001e82       0x1c ./src/HW_functions.o
 .debug_macro   0x00001e9e       0x1c ./src/HW_functions.o
 .debug_macro   0x00001eba       0x28 ./src/HW_functions.o
 .debug_macro   0x00001ee2       0x1c ./src/HW_functions.o
 .debug_macro   0x00001efe       0x5f ./src/HW_functions.o
 .debug_macro   0x00001f5d       0xf4 ./src/HW_functions.o
 .debug_macro   0x00002051      0x112 ./src/HW_functions.o
 .debug_macro   0x00002163       0x22 ./src/HW_functions.o
 .debug_macro   0x00002185      0x112 ./src/HW_functions.o
 .debug_macro   0x00002297       0x1c ./src/HW_functions.o
 .debug_macro   0x000022b3       0xb8 ./src/HW_functions.o
 .debug_macro   0x0000236b       0x6d ./src/flash_fw.o
 .debug_macro   0x000023d8      0x221 ./src/hid_desc.o
 .debug_macro   0x000025f9      0x26c ./src/hid_desc.o
 .debug_macro   0x00002865       0x46 ./src/hid_desc.o
 .debug_macro   0x000028ab       0x12 ./src/hid_desc.o
 .debug_macro   0x000028bd       0xfa ./src/hid_desc.o
 .debug_macro   0x000029b7       0xee ./src/hid_desc.o
 .debug_macro   0x00002aa5      0x693 ./src/hid_desc.o
 .debug_macro   0x00003138      0x272 ./src/hid_desc.o
 .debug_macro   0x000033aa       0x10 ./src/hid_desc.o
 .debug_macro   0x000033ba       0xa9 ./src/hid_desc.o
 .debug_macro   0x00003463      0x26b ./src/hid_i2c.o
 .debug_macro   0x000036ce       0x51 ./src/hid_i2c.o
 .debug_macro   0x0000371f      0x263 ./src/hid_main.o
 .debug_macro   0x00003982      0x1eb ./src/iap_driver.o
 .debug_macro   0x00003b6d      0x2c6 ./src/main.o
 .debug_macro   0x00003e33       0x74 ./src/main.o
 .debug_macro   0x00003ea7       0x22 ./src/main.o
 .debug_macro   0x00003ec9       0xb2 ./src/main.o
 .debug_macro   0x00003f7b      0x1ac /home/django/Documents/Foxy/Gitting/foxyrfid/NFC/SW3647/workspace_ntag_i2c_plus/NTAG_I2C_API/Debug/libNTAG_I2C_API.a(timer_lpc.o)
 .debug_macro   0x00004127      0x868 /home/django/Documents/Foxy/Gitting/foxyrfid/NFC/SW3647/workspace_ntag_i2c_plus/NTAG_I2C_API/Debug/libNTAG_I2C_API.a(timer_lpc.o)
 .debug_macro   0x0000498f       0xd2 /home/django/Documents/Foxy/Gitting/foxyrfid/NFC/SW3647/workspace_ntag_i2c_plus/NTAG_I2C_API/Debug/libNTAG_I2C_API.a(timer_lpc.o)
 .debug_macro   0x00004a61      0x1f7 /home/django/Documents/Foxy/Gitting/foxyrfid/NFC/SW3647/workspace_ntag_i2c_plus/NTAG_I2C_API/Debug/libNTAG_I2C_API.a(ntag_bridge.o)
 .debug_macro   0x00004c58       0x22 /home/django/Documents/Foxy/Gitting/foxyrfid/NFC/SW3647/workspace_ntag_i2c_plus/NTAG_I2C_API/Debug/libNTAG_I2C_API.a(ntag_bridge.o)
 .debug_macro   0x00004c7a       0x73 /home/django/Documents/Foxy/Gitting/foxyrfid/NFC/SW3647/workspace_ntag_i2c_plus/NTAG_I2C_API/Debug/libNTAG_I2C_API.a(ntag_bridge.o)
 .debug_macro   0x00004ced       0x16 /home/django/Documents/Foxy/Gitting/foxyrfid/NFC/SW3647/workspace_ntag_i2c_plus/NTAG_I2C_API/Debug/libNTAG_I2C_API.a(ntag_bridge.o)
 .debug_macro   0x00004d03      0x231 /home/django/Documents/Foxy/Gitting/foxyrfid/NFC/SW3647/workspace_ntag_i2c_plus/NTAG_I2C_API/Debug/libNTAG_I2C_API.a(ntag_driver.o)
 .debug_macro   0x00004f34       0x2e /home/django/Documents/Foxy/Gitting/foxyrfid/NFC/SW3647/workspace_ntag_i2c_plus/NTAG_I2C_API/Debug/libNTAG_I2C_API.a(ntag_driver.o)
 .debug_macro   0x00004f62       0x16 /home/django/Documents/Foxy/Gitting/foxyrfid/NFC/SW3647/workspace_ntag_i2c_plus/NTAG_I2C_API/Debug/libNTAG_I2C_API.a(ntag_driver.o)
 .debug_macro   0x00004f78      0x205 /home/django/Documents/Foxy/Gitting/foxyrfid/NFC/SW3647/workspace_ntag_i2c_plus/NTAG_I2C_API/Debug/libNTAG_I2C_API.a(isr_common.o)
 .debug_macro   0x0000517d       0x52 /home/django/Documents/Foxy/Gitting/foxyrfid/NFC/SW3647/workspace_ntag_i2c_plus/NTAG_I2C_API/Debug/libNTAG_I2C_API.a(isr_common.o)
 .debug_macro   0x000051cf       0x22 /home/django/Documents/Foxy/Gitting/foxyrfid/NFC/SW3647/workspace_ntag_i2c_plus/NTAG_I2C_API/Debug/libNTAG_I2C_API.a(isr_common.o)
 .debug_macro   0x000051f1      0x1d7 /home/django/Documents/Foxy/Gitting/foxyrfid/NFC/SW3647/workspace_ntag_i2c_plus/NTAG_I2C_API/Debug/libNTAG_I2C_API.a(isr_lpc11u6x.o)
 .debug_macro   0x000053c8       0x58 /home/django/Documents/Foxy/Gitting/foxyrfid/NFC/SW3647/workspace_ntag_i2c_plus/NTAG_I2C_API/Debug/libNTAG_I2C_API.a(isr_lpc11u6x.o)
 .debug_macro   0x00005420      0x1b5 /home/django/Documents/Foxy/Gitting/foxyrfid/NFC/SW3647/workspace_ntag_i2c_plus/NTAG_I2C_API/Debug/libNTAG_I2C_API.a(i2c_lpc11u37h.o)
 .debug_macro   0x000055d5       0x1d /home/django/Documents/Foxy/Gitting/foxyrfid/NFC/SW3647/workspace_ntag_i2c_plus/NTAG_I2C_API/Debug/libNTAG_I2C_API.a(cr_startup_lpc11u.o)
 .debug_macro   0x000055f2      0x1b7 /home/django/Documents/Foxy/Gitting/foxyrfid/NFC/SW3647/workspace_ntag_i2c_plus/NTAG_I2C_API/Debug/libNTAG_I2C_API.a(sysinit.o)

.debug_line     0x00000000     0x77e3
 .debug_line    0x00000000      0xc2a ./src/HW_functions.o
 .debug_line    0x00000c2a      0x1be ./src/flash_fw.o
 .debug_line    0x00000de8      0x4b6 ./src/hid_desc.o
 .debug_line    0x0000129e      0x82c ./src/hid_i2c.o
 .debug_line    0x00001aca      0x634 ./src/hid_main.o
 .debug_line    0x000020fe      0x573 ./src/iap_driver.o
 .debug_line    0x00002671      0xb6e ./src/main.o
 .debug_line    0x000031df      0x514 /home/django/Documents/Foxy/Gitting/foxyrfid/NFC/SW3647/workspace_ntag_i2c_plus/NTAG_I2C_API/Debug/libNTAG_I2C_API.a(timer_lpc.o)
 .debug_line    0x000036f3      0x8e0 /home/django/Documents/Foxy/Gitting/foxyrfid/NFC/SW3647/workspace_ntag_i2c_plus/NTAG_I2C_API/Debug/libNTAG_I2C_API.a(ntag_bridge.o)
 .debug_line    0x00003fd3      0x8d1 /home/django/Documents/Foxy/Gitting/foxyrfid/NFC/SW3647/workspace_ntag_i2c_plus/NTAG_I2C_API/Debug/libNTAG_I2C_API.a(ntag_driver.o)
 .debug_line    0x000048a4      0x5a4 /home/django/Documents/Foxy/Gitting/foxyrfid/NFC/SW3647/workspace_ntag_i2c_plus/NTAG_I2C_API/Debug/libNTAG_I2C_API.a(isr_common.o)
 .debug_line    0x00004e48      0x6a0 /home/django/Documents/Foxy/Gitting/foxyrfid/NFC/SW3647/workspace_ntag_i2c_plus/NTAG_I2C_API/Debug/libNTAG_I2C_API.a(isr_lpc11u6x.o)
 .debug_line    0x000054e8      0x538 /home/django/Documents/Foxy/Gitting/foxyrfid/NFC/SW3647/workspace_ntag_i2c_plus/NTAG_I2C_API/Debug/libNTAG_I2C_API.a(i2c_lpc11u37h.o)
 .debug_line    0x00005a20       0xc9 /home/django/Documents/Foxy/Gitting/foxyrfid/NFC/SW3647/workspace_ntag_i2c_plus/NTAG_I2C_API/Debug/libNTAG_I2C_API.a(cr_startup_lpc11u.o)
 .debug_line    0x00005ae9      0x3bb /home/django/Documents/Foxy/Gitting/foxyrfid/NFC/SW3647/workspace_ntag_i2c_plus/NTAG_I2C_API/Debug/libNTAG_I2C_API.a(sysinit.o)
 .debug_line    0x00005ea4      0x225 /home/django/Documents/Foxy/Gitting/foxyrfid/NFC/SW3647/workspace_ntag_i2c_plus/nxp_lpcxpresso_11u24h_board_lib/Debug/libnxp_lpcxpresso_11u24h_board_lib.a(board.o)
 .debug_line    0x000060c9      0x29d /home/django/Documents/Foxy/Gitting/foxyrfid/NFC/SW3647/workspace_ntag_i2c_plus/nxp_lpcxpresso_11u24h_board_lib/Debug/libnxp_lpcxpresso_11u24h_board_lib.a(board_sysinit.o)
 .debug_line    0x00006366      0x2a4 /home/django/Documents/Foxy/Gitting/foxyrfid/NFC/SW3647/workspace_ntag_i2c_plus/nxp_lpcxpresso_11u24h_board_lib/Debug/libnxp_lpcxpresso_11u24h_board_lib.a(usb_board_sysinit.o)
 .debug_line    0x0000660a      0x2ea /home/django/Documents/Foxy/Gitting/foxyrfid/NFC/SW3647/workspace_ntag_i2c_plus/lpc_chip_11uxx_lib/Debug/liblpc_chip_11uxx_lib.a(adc_11xx.o)
 .debug_line    0x000068f4      0x124 /home/django/Documents/Foxy/Gitting/foxyrfid/NFC/SW3647/workspace_ntag_i2c_plus/lpc_chip_11uxx_lib/Debug/liblpc_chip_11uxx_lib.a(chip_11xx.o)
 .debug_line    0x00006a18      0x307 /home/django/Documents/Foxy/Gitting/foxyrfid/NFC/SW3647/workspace_ntag_i2c_plus/lpc_chip_11uxx_lib/Debug/liblpc_chip_11uxx_lib.a(clock_11xx.o)
 .debug_line    0x00006d1f      0x206 /home/django/Documents/Foxy/Gitting/foxyrfid/NFC/SW3647/workspace_ntag_i2c_plus/lpc_chip_11uxx_lib/Debug/liblpc_chip_11uxx_lib.a(gpio_11xx_1.o)
 .debug_line    0x00006f25      0x467 /home/django/Documents/Foxy/Gitting/foxyrfid/NFC/SW3647/workspace_ntag_i2c_plus/lpc_chip_11uxx_lib/Debug/liblpc_chip_11uxx_lib.a(i2cm_11xx.o)
 .debug_line    0x0000738c      0x124 /home/django/Documents/Foxy/Gitting/foxyrfid/NFC/SW3647/workspace_ntag_i2c_plus/lpc_chip_11uxx_lib/Debug/liblpc_chip_11uxx_lib.a(iocon_11xx.o)
 .debug_line    0x000074b0      0x1d0 /home/django/Documents/Foxy/Gitting/foxyrfid/NFC/SW3647/workspace_ntag_i2c_plus/lpc_chip_11uxx_lib/Debug/liblpc_chip_11uxx_lib.a(pmu_11xx.o)
 .debug_line    0x00007680      0x163 /home/django/Documents/Foxy/Gitting/foxyrfid/NFC/SW3647/workspace_ntag_i2c_plus/lpc_chip_11uxx_lib/Debug/liblpc_chip_11uxx_lib.a(sysctl_11xx.o)

.debug_str      0x00000000    0x11e72
 .debug_str     0x00000000     0x967b ./src/HW_functions.o
                               0x97fc (size before relaxing)
 .debug_str     0x0000967b       0xbb ./src/flash_fw.o
                               0x3d93 (size before relaxing)
 .debug_str     0x00009736     0x4067 ./src/hid_desc.o
                               0xaff5 (size before relaxing)
 .debug_str     0x0000d79d     0x1924 ./src/hid_i2c.o
                               0xd1a6 (size before relaxing)
 .debug_str     0x0000f0c1      0x4be ./src/hid_main.o
                               0xcd7e (size before relaxing)
 .debug_str     0x0000f57f      0x1d3 ./src/iap_driver.o
                               0x750f (size before relaxing)
 .debug_str     0x0000f752      0x53b ./src/main.o
                               0x9f62 (size before relaxing)
 .debug_str     0x0000fc8d      0x21f /home/django/Documents/Foxy/Gitting/foxyrfid/NFC/SW3647/workspace_ntag_i2c_plus/NTAG_I2C_API/Debug/libNTAG_I2C_API.a(timer_lpc.o)
                               0x76df (size before relaxing)
 .debug_str     0x0000feac      0x33f /home/django/Documents/Foxy/Gitting/foxyrfid/NFC/SW3647/workspace_ntag_i2c_plus/NTAG_I2C_API/Debug/libNTAG_I2C_API.a(ntag_bridge.o)
                               0x8474 (size before relaxing)
 .debug_str     0x000101eb      0x2f2 /home/django/Documents/Foxy/Gitting/foxyrfid/NFC/SW3647/workspace_ntag_i2c_plus/NTAG_I2C_API/Debug/libNTAG_I2C_API.a(ntag_driver.o)
                               0x8367 (size before relaxing)
 .debug_str     0x000104dd      0x5d1 /home/django/Documents/Foxy/Gitting/foxyrfid/NFC/SW3647/workspace_ntag_i2c_plus/NTAG_I2C_API/Debug/libNTAG_I2C_API.a(isr_common.o)
                               0x7ae9 (size before relaxing)
 .debug_str     0x00010aae       0xe5 /home/django/Documents/Foxy/Gitting/foxyrfid/NFC/SW3647/workspace_ntag_i2c_plus/NTAG_I2C_API/Debug/libNTAG_I2C_API.a(isr_lpc11u6x.o)
                               0x81db (size before relaxing)
 .debug_str     0x00010b93       0xb8 /home/django/Documents/Foxy/Gitting/foxyrfid/NFC/SW3647/workspace_ntag_i2c_plus/NTAG_I2C_API/Debug/libNTAG_I2C_API.a(i2c_lpc11u37h.o)
                               0x7baf (size before relaxing)
 .debug_str     0x00010c4b      0x17b /home/django/Documents/Foxy/Gitting/foxyrfid/NFC/SW3647/workspace_ntag_i2c_plus/NTAG_I2C_API/Debug/libNTAG_I2C_API.a(cr_startup_lpc11u.o)
                               0x25ac (size before relaxing)
 .debug_str     0x00010dc6       0x42 /home/django/Documents/Foxy/Gitting/foxyrfid/NFC/SW3647/workspace_ntag_i2c_plus/NTAG_I2C_API/Debug/libNTAG_I2C_API.a(sysinit.o)
                               0x7344 (size before relaxing)
 .debug_str     0x00010e08      0x1ba /home/django/Documents/Foxy/Gitting/foxyrfid/NFC/SW3647/workspace_ntag_i2c_plus/nxp_lpcxpresso_11u24h_board_lib/Debug/libnxp_lpcxpresso_11u24h_board_lib.a(board.o)
                                0x39c (size before relaxing)
 .debug_str     0x00010fc2      0x303 /home/django/Documents/Foxy/Gitting/foxyrfid/NFC/SW3647/workspace_ntag_i2c_plus/nxp_lpcxpresso_11u24h_board_lib/Debug/libnxp_lpcxpresso_11u24h_board_lib.a(board_sysinit.o)
                                0x8ab (size before relaxing)
 .debug_str     0x000112c5      0x19c /home/django/Documents/Foxy/Gitting/foxyrfid/NFC/SW3647/workspace_ntag_i2c_plus/nxp_lpcxpresso_11u24h_board_lib/Debug/libnxp_lpcxpresso_11u24h_board_lib.a(usb_board_sysinit.o)
                                0x853 (size before relaxing)
 .debug_str     0x00011461      0x48d /home/django/Documents/Foxy/Gitting/foxyrfid/NFC/SW3647/workspace_ntag_i2c_plus/lpc_chip_11uxx_lib/Debug/liblpc_chip_11uxx_lib.a(adc_11xx.o)
                                0xc0e (size before relaxing)
 .debug_str     0x000118ee       0x13 /home/django/Documents/Foxy/Gitting/foxyrfid/NFC/SW3647/workspace_ntag_i2c_plus/lpc_chip_11uxx_lib/Debug/liblpc_chip_11uxx_lib.a(chip_11xx.o)
                                0x265 (size before relaxing)
 .debug_str     0x00011901      0x28d /home/django/Documents/Foxy/Gitting/foxyrfid/NFC/SW3647/workspace_ntag_i2c_plus/lpc_chip_11uxx_lib/Debug/liblpc_chip_11uxx_lib.a(clock_11xx.o)
                                0xa52 (size before relaxing)
 .debug_str     0x00011b8e       0xd2 /home/django/Documents/Foxy/Gitting/foxyrfid/NFC/SW3647/workspace_ntag_i2c_plus/lpc_chip_11uxx_lib/Debug/liblpc_chip_11uxx_lib.a(gpio_11xx_1.o)
                                0x8b0 (size before relaxing)
 .debug_str     0x00011c60       0x74 /home/django/Documents/Foxy/Gitting/foxyrfid/NFC/SW3647/workspace_ntag_i2c_plus/lpc_chip_11uxx_lib/Debug/liblpc_chip_11uxx_lib.a(i2cm_11xx.o)
                                0xabb (size before relaxing)
 .debug_str     0x00011cd4       0x24 /home/django/Documents/Foxy/Gitting/foxyrfid/NFC/SW3647/workspace_ntag_i2c_plus/lpc_chip_11uxx_lib/Debug/liblpc_chip_11uxx_lib.a(iocon_11xx.o)
                                0x26a (size before relaxing)
 .debug_str     0x00011cf8       0xff /home/django/Documents/Foxy/Gitting/foxyrfid/NFC/SW3647/workspace_ntag_i2c_plus/lpc_chip_11uxx_lib/Debug/liblpc_chip_11uxx_lib.a(pmu_11xx.o)
                                0x35c (size before relaxing)
 .debug_str     0x00011df7       0x7b /home/django/Documents/Foxy/Gitting/foxyrfid/NFC/SW3647/workspace_ntag_i2c_plus/lpc_chip_11uxx_lib/Debug/liblpc_chip_11uxx_lib.a(sysctl_11xx.o)
                                0x55b (size before relaxing)

.comment        0x00000000       0xdc
 .comment       0x00000000       0x6e ./src/HW_functions.o
                                 0x6f (size before relaxing)
 .comment       0x0000006e       0x6f ./src/flash_fw.o
 .comment       0x0000006e       0x6f ./src/hid_desc.o
 .comment       0x0000006e       0x6f ./src/hid_i2c.o
 .comment       0x0000006e       0x6f ./src/hid_main.o
 .comment       0x0000006e       0x6f ./src/iap_driver.o
 .comment       0x0000006e       0x6f ./src/main.o
 .comment       0x0000006e       0x6f /home/django/Documents/Foxy/Gitting/foxyrfid/NFC/SW3647/workspace_ntag_i2c_plus/NTAG_I2C_API/Debug/libNTAG_I2C_API.a(timer_lpc.o)
 .comment       0x0000006e       0x6f /home/django/Documents/Foxy/Gitting/foxyrfid/NFC/SW3647/workspace_ntag_i2c_plus/NTAG_I2C_API/Debug/libNTAG_I2C_API.a(ntag_bridge.o)
 .comment       0x0000006e       0x6f /home/django/Documents/Foxy/Gitting/foxyrfid/NFC/SW3647/workspace_ntag_i2c_plus/NTAG_I2C_API/Debug/libNTAG_I2C_API.a(ntag_driver.o)
 .comment       0x0000006e       0x6f /home/django/Documents/Foxy/Gitting/foxyrfid/NFC/SW3647/workspace_ntag_i2c_plus/NTAG_I2C_API/Debug/libNTAG_I2C_API.a(isr_common.o)
 .comment       0x0000006e       0x6f /home/django/Documents/Foxy/Gitting/foxyrfid/NFC/SW3647/workspace_ntag_i2c_plus/NTAG_I2C_API/Debug/libNTAG_I2C_API.a(isr_lpc11u6x.o)
 .comment       0x0000006e       0x6f /home/django/Documents/Foxy/Gitting/foxyrfid/NFC/SW3647/workspace_ntag_i2c_plus/NTAG_I2C_API/Debug/libNTAG_I2C_API.a(i2c_lpc11u37h.o)
 .comment       0x0000006e       0x6f /home/django/Documents/Foxy/Gitting/foxyrfid/NFC/SW3647/workspace_ntag_i2c_plus/NTAG_I2C_API/Debug/libNTAG_I2C_API.a(cr_startup_lpc11u.o)
 .comment       0x0000006e       0x6f /home/django/Documents/Foxy/Gitting/foxyrfid/NFC/SW3647/workspace_ntag_i2c_plus/NTAG_I2C_API/Debug/libNTAG_I2C_API.a(sysinit.o)
 .comment       0x0000006e       0x6f /home/django/Documents/Foxy/Gitting/foxyrfid/NFC/SW3647/workspace_ntag_i2c_plus/nxp_lpcxpresso_11u24h_board_lib/Debug/libnxp_lpcxpresso_11u24h_board_lib.a(board.o)
 .comment       0x0000006e       0x6f /home/django/Documents/Foxy/Gitting/foxyrfid/NFC/SW3647/workspace_ntag_i2c_plus/nxp_lpcxpresso_11u24h_board_lib/Debug/libnxp_lpcxpresso_11u24h_board_lib.a(board_sysinit.o)
 .comment       0x0000006e       0x6f /home/django/Documents/Foxy/Gitting/foxyrfid/NFC/SW3647/workspace_ntag_i2c_plus/nxp_lpcxpresso_11u24h_board_lib/Debug/libnxp_lpcxpresso_11u24h_board_lib.a(usb_board_sysinit.o)
 .comment       0x0000006e       0x6f /home/django/Documents/Foxy/Gitting/foxyrfid/NFC/SW3647/workspace_ntag_i2c_plus/lpc_chip_11uxx_lib/Debug/liblpc_chip_11uxx_lib.a(adc_11xx.o)
 .comment       0x0000006e       0x6f /home/django/Documents/Foxy/Gitting/foxyrfid/NFC/SW3647/workspace_ntag_i2c_plus/lpc_chip_11uxx_lib/Debug/liblpc_chip_11uxx_lib.a(chip_11xx.o)
 .comment       0x0000006e       0x6f /home/django/Documents/Foxy/Gitting/foxyrfid/NFC/SW3647/workspace_ntag_i2c_plus/lpc_chip_11uxx_lib/Debug/liblpc_chip_11uxx_lib.a(clock_11xx.o)
 .comment       0x0000006e       0x6f /home/django/Documents/Foxy/Gitting/foxyrfid/NFC/SW3647/workspace_ntag_i2c_plus/lpc_chip_11uxx_lib/Debug/liblpc_chip_11uxx_lib.a(gpio_11xx_1.o)
 .comment       0x0000006e       0x6f /home/django/Documents/Foxy/Gitting/foxyrfid/NFC/SW3647/workspace_ntag_i2c_plus/lpc_chip_11uxx_lib/Debug/liblpc_chip_11uxx_lib.a(i2cm_11xx.o)
 .comment       0x0000006e       0x6f /home/django/Documents/Foxy/Gitting/foxyrfid/NFC/SW3647/workspace_ntag_i2c_plus/lpc_chip_11uxx_lib/Debug/liblpc_chip_11uxx_lib.a(iocon_11xx.o)
 .comment       0x0000006e       0x6f /home/django/Documents/Foxy/Gitting/foxyrfid/NFC/SW3647/workspace_ntag_i2c_plus/lpc_chip_11uxx_lib/Debug/liblpc_chip_11uxx_lib.a(pmu_11xx.o)
 .comment       0x0000006e       0x6f /home/django/Documents/Foxy/Gitting/foxyrfid/NFC/SW3647/workspace_ntag_i2c_plus/lpc_chip_11uxx_lib/Debug/liblpc_chip_11uxx_lib.a(sysctl_11xx.o)
 .comment       0x0000006e       0x6e /usr/local/lpcxpresso_8.2.2_650/lpcxpresso/tools/bin/../lib/gcc/arm-none-eabi/5.4.1/../../../../arm-none-eabi/lib/armv6-m/libcr_c.a(memcpy.o)
                                 0x6f (size before relaxing)
 .comment       0x000000dc       0x6f /usr/local/lpcxpresso_8.2.2_650/lpcxpresso/tools/bin/../lib/gcc/arm-none-eabi/5.4.1/../../../../arm-none-eabi/lib/armv6-m/libcr_c.a(memset.o)
 .comment       0x000000dc       0x6f /usr/local/lpcxpresso_8.2.2_650/lpcxpresso/tools/bin/../lib/gcc/arm-none-eabi/5.4.1/../../../../arm-none-eabi/lib/armv6-m/libcr_c.a(__weak__main.o)
 .comment       0x000000dc       0x6f /usr/local/lpcxpresso_8.2.2_650/lpcxpresso/tools/bin/../lib/gcc/arm-none-eabi/5.4.1/../../../../arm-none-eabi/lib/armv6-m/libcr_c.a(alloc.o)
 .comment       0x000000dc       0x6f /usr/local/lpcxpresso_8.2.2_650/lpcxpresso/tools/bin/../lib/gcc/arm-none-eabi/5.4.1/../../../../arm-none-eabi/lib/armv6-m/libcr_c.a(strlen.o)
 .comment       0x000000dc       0x6f /usr/local/lpcxpresso_8.2.2_650/lpcxpresso/tools/bin/../lib/gcc/arm-none-eabi/5.4.1/../../../../arm-none-eabi/lib/armv6-m/libcr_c.a(__init_alloc.o)
 .comment       0x000000dc       0x6f /usr/local/lpcxpresso_8.2.2_650/lpcxpresso/tools/bin/../lib/gcc/arm-none-eabi/5.4.1/../../../../arm-none-eabi/lib/armv6-m/libcr_c.a(_cr_sbrk.o)
 .comment       0x000000dc       0x6f /usr/local/lpcxpresso_8.2.2_650/lpcxpresso/tools/bin/../lib/gcc/arm-none-eabi/5.4.1/../../../../arm-none-eabi/lib/armv6-m/libcr_c.a(errno.o)
 .comment       0x000000dc       0x6f /usr/local/lpcxpresso_8.2.2_650/lpcxpresso/tools/bin/../lib/gcc/arm-none-eabi/5.4.1/../../../../arm-none-eabi/lib/armv6-m/libcr_c.a(_cr_check_heap.o)

.ARM.attributes
                0x00000000       0x2f
 .ARM.attributes
                0x00000000       0x31 ./src/HW_functions.o
 .ARM.attributes
                0x00000031       0x31 ./src/flash_fw.o
 .ARM.attributes
                0x00000062       0x31 ./src/hid_desc.o
 .ARM.attributes
                0x00000093       0x31 ./src/hid_i2c.o
 .ARM.attributes
                0x000000c4       0x31 ./src/hid_main.o
 .ARM.attributes
                0x000000f5       0x31 ./src/iap_driver.o
 .ARM.attributes
                0x00000126       0x31 ./src/main.o
 .ARM.attributes
                0x00000157       0x31 /home/django/Documents/Foxy/Gitting/foxyrfid/NFC/SW3647/workspace_ntag_i2c_plus/NTAG_I2C_API/Debug/libNTAG_I2C_API.a(timer_lpc.o)
 .ARM.attributes
                0x00000188       0x31 /home/django/Documents/Foxy/Gitting/foxyrfid/NFC/SW3647/workspace_ntag_i2c_plus/NTAG_I2C_API/Debug/libNTAG_I2C_API.a(ntag_bridge.o)
 .ARM.attributes
                0x000001b9       0x31 /home/django/Documents/Foxy/Gitting/foxyrfid/NFC/SW3647/workspace_ntag_i2c_plus/NTAG_I2C_API/Debug/libNTAG_I2C_API.a(ntag_driver.o)
 .ARM.attributes
                0x000001ea       0x31 /home/django/Documents/Foxy/Gitting/foxyrfid/NFC/SW3647/workspace_ntag_i2c_plus/NTAG_I2C_API/Debug/libNTAG_I2C_API.a(isr_common.o)
 .ARM.attributes
                0x0000021b       0x31 /home/django/Documents/Foxy/Gitting/foxyrfid/NFC/SW3647/workspace_ntag_i2c_plus/NTAG_I2C_API/Debug/libNTAG_I2C_API.a(isr_lpc11u6x.o)
 .ARM.attributes
                0x0000024c       0x31 /home/django/Documents/Foxy/Gitting/foxyrfid/NFC/SW3647/workspace_ntag_i2c_plus/NTAG_I2C_API/Debug/libNTAG_I2C_API.a(i2c_lpc11u37h.o)
 .ARM.attributes
                0x0000027d       0x31 /home/django/Documents/Foxy/Gitting/foxyrfid/NFC/SW3647/workspace_ntag_i2c_plus/NTAG_I2C_API/Debug/libNTAG_I2C_API.a(cr_startup_lpc11u.o)
 .ARM.attributes
                0x000002ae       0x31 /home/django/Documents/Foxy/Gitting/foxyrfid/NFC/SW3647/workspace_ntag_i2c_plus/NTAG_I2C_API/Debug/libNTAG_I2C_API.a(sysinit.o)
 .ARM.attributes
                0x000002df       0x31 /home/django/Documents/Foxy/Gitting/foxyrfid/NFC/SW3647/workspace_ntag_i2c_plus/nxp_lpcxpresso_11u24h_board_lib/Debug/libnxp_lpcxpresso_11u24h_board_lib.a(board.o)
 .ARM.attributes
                0x00000310       0x31 /home/django/Documents/Foxy/Gitting/foxyrfid/NFC/SW3647/workspace_ntag_i2c_plus/nxp_lpcxpresso_11u24h_board_lib/Debug/libnxp_lpcxpresso_11u24h_board_lib.a(board_sysinit.o)
 .ARM.attributes
                0x00000341       0x31 /home/django/Documents/Foxy/Gitting/foxyrfid/NFC/SW3647/workspace_ntag_i2c_plus/nxp_lpcxpresso_11u24h_board_lib/Debug/libnxp_lpcxpresso_11u24h_board_lib.a(usb_board_sysinit.o)
 .ARM.attributes
                0x00000372       0x31 /home/django/Documents/Foxy/Gitting/foxyrfid/NFC/SW3647/workspace_ntag_i2c_plus/lpc_chip_11uxx_lib/Debug/liblpc_chip_11uxx_lib.a(adc_11xx.o)
 .ARM.attributes
                0x000003a3       0x31 /home/django/Documents/Foxy/Gitting/foxyrfid/NFC/SW3647/workspace_ntag_i2c_plus/lpc_chip_11uxx_lib/Debug/liblpc_chip_11uxx_lib.a(chip_11xx.o)
 .ARM.attributes
                0x000003d4       0x31 /home/django/Documents/Foxy/Gitting/foxyrfid/NFC/SW3647/workspace_ntag_i2c_plus/lpc_chip_11uxx_lib/Debug/liblpc_chip_11uxx_lib.a(clock_11xx.o)
 .ARM.attributes
                0x00000405       0x31 /home/django/Documents/Foxy/Gitting/foxyrfid/NFC/SW3647/workspace_ntag_i2c_plus/lpc_chip_11uxx_lib/Debug/liblpc_chip_11uxx_lib.a(gpio_11xx_1.o)
 .ARM.attributes
                0x00000436       0x31 /home/django/Documents/Foxy/Gitting/foxyrfid/NFC/SW3647/workspace_ntag_i2c_plus/lpc_chip_11uxx_lib/Debug/liblpc_chip_11uxx_lib.a(i2cm_11xx.o)
 .ARM.attributes
                0x00000467       0x31 /home/django/Documents/Foxy/Gitting/foxyrfid/NFC/SW3647/workspace_ntag_i2c_plus/lpc_chip_11uxx_lib/Debug/liblpc_chip_11uxx_lib.a(iocon_11xx.o)
 .ARM.attributes
                0x00000498       0x31 /home/django/Documents/Foxy/Gitting/foxyrfid/NFC/SW3647/workspace_ntag_i2c_plus/lpc_chip_11uxx_lib/Debug/liblpc_chip_11uxx_lib.a(pmu_11xx.o)
 .ARM.attributes
                0x000004c9       0x31 /home/django/Documents/Foxy/Gitting/foxyrfid/NFC/SW3647/workspace_ntag_i2c_plus/lpc_chip_11uxx_lib/Debug/liblpc_chip_11uxx_lib.a(sysctl_11xx.o)
 .ARM.attributes
                0x000004fa       0x31 /usr/local/lpcxpresso_8.2.2_650/lpcxpresso/tools/bin/../lib/gcc/arm-none-eabi/5.4.1/../../../../arm-none-eabi/lib/armv6-m/libcr_c.a(memcpy.o)
 .ARM.attributes
                0x0000052b       0x31 /usr/local/lpcxpresso_8.2.2_650/lpcxpresso/tools/bin/../lib/gcc/arm-none-eabi/5.4.1/../../../../arm-none-eabi/lib/armv6-m/libcr_c.a(memset.o)
 .ARM.attributes
                0x0000055c       0x31 /usr/local/lpcxpresso_8.2.2_650/lpcxpresso/tools/bin/../lib/gcc/arm-none-eabi/5.4.1/../../../../arm-none-eabi/lib/armv6-m/libcr_c.a(__weak__main.o)
 .ARM.attributes
                0x0000058d       0x31 /usr/local/lpcxpresso_8.2.2_650/lpcxpresso/tools/bin/../lib/gcc/arm-none-eabi/5.4.1/../../../../arm-none-eabi/lib/armv6-m/libcr_c.a(alloc.o)
 .ARM.attributes
                0x000005be       0x31 /usr/local/lpcxpresso_8.2.2_650/lpcxpresso/tools/bin/../lib/gcc/arm-none-eabi/5.4.1/../../../../arm-none-eabi/lib/armv6-m/libcr_c.a(strlen.o)
 .ARM.attributes
                0x000005ef       0x31 /usr/local/lpcxpresso_8.2.2_650/lpcxpresso/tools/bin/../lib/gcc/arm-none-eabi/5.4.1/../../../../arm-none-eabi/lib/armv6-m/libcr_c.a(__init_alloc.o)
 .ARM.attributes
                0x00000620       0x31 /usr/local/lpcxpresso_8.2.2_650/lpcxpresso/tools/bin/../lib/gcc/arm-none-eabi/5.4.1/../../../../arm-none-eabi/lib/armv6-m/libcr_c.a(_cr_sbrk.o)
 .ARM.attributes
                0x00000651       0x31 /usr/local/lpcxpresso_8.2.2_650/lpcxpresso/tools/bin/../lib/gcc/arm-none-eabi/5.4.1/../../../../arm-none-eabi/lib/armv6-m/libcr_c.a(errno.o)
 .ARM.attributes
                0x00000682       0x31 /usr/local/lpcxpresso_8.2.2_650/lpcxpresso/tools/bin/../lib/gcc/arm-none-eabi/5.4.1/../../../../arm-none-eabi/lib/armv6-m/libcr_c.a(_cr_check_heap.o)
 .ARM.attributes
                0x000006b3       0x21 /usr/local/lpcxpresso_8.2.2_650/lpcxpresso/tools/bin/../lib/gcc/arm-none-eabi/5.4.1/armv6-m/libcr_eabihelpers.a(division_32.o)
 .ARM.attributes
                0x000006d4       0x21 /usr/local/lpcxpresso_8.2.2_650/lpcxpresso/tools/bin/../lib/gcc/arm-none-eabi/5.4.1/armv6-m/libcr_eabihelpers.a(division_idiv0.o)
 .ARM.attributes
                0x000006f5       0x21 /usr/local/lpcxpresso_8.2.2_650/lpcxpresso/tools/bin/../lib/gcc/arm-none-eabi/5.4.1/armv6-m/libcr_eabihelpers.a(memcpy.o)
 .ARM.attributes
                0x00000716       0x21 /usr/local/lpcxpresso_8.2.2_650/lpcxpresso/tools/bin/../lib/gcc/arm-none-eabi/5.4.1/armv6-m/libcr_eabihelpers.a(thumb1_switch_helpers.o)

.debug_frame    0x00000000     0x140c
 .debug_frame   0x00000000      0x188 ./src/HW_functions.o
 .debug_frame   0x00000188       0x30 ./src/flash_fw.o
 .debug_frame   0x000001b8       0xa4 ./src/hid_i2c.o
 .debug_frame   0x0000025c       0x5c ./src/hid_main.o
 .debug_frame   0x000002b8       0xe8 ./src/iap_driver.o
 .debug_frame   0x000003a0      0x120 ./src/main.o
 .debug_frame   0x000004c0       0xc8 /home/django/Documents/Foxy/Gitting/foxyrfid/NFC/SW3647/workspace_ntag_i2c_plus/NTAG_I2C_API/Debug/libNTAG_I2C_API.a(timer_lpc.o)
 .debug_frame   0x00000588      0x330 /home/django/Documents/Foxy/Gitting/foxyrfid/NFC/SW3647/workspace_ntag_i2c_plus/NTAG_I2C_API/Debug/libNTAG_I2C_API.a(ntag_bridge.o)
 .debug_frame   0x000008b8      0x190 /home/django/Documents/Foxy/Gitting/foxyrfid/NFC/SW3647/workspace_ntag_i2c_plus/NTAG_I2C_API/Debug/libNTAG_I2C_API.a(ntag_driver.o)
 .debug_frame   0x00000a48       0x50 /home/django/Documents/Foxy/Gitting/foxyrfid/NFC/SW3647/workspace_ntag_i2c_plus/NTAG_I2C_API/Debug/libNTAG_I2C_API.a(isr_common.o)
 .debug_frame   0x00000a98      0x194 /home/django/Documents/Foxy/Gitting/foxyrfid/NFC/SW3647/workspace_ntag_i2c_plus/NTAG_I2C_API/Debug/libNTAG_I2C_API.a(isr_lpc11u6x.o)
 .debug_frame   0x00000c2c      0x104 /home/django/Documents/Foxy/Gitting/foxyrfid/NFC/SW3647/workspace_ntag_i2c_plus/NTAG_I2C_API/Debug/libNTAG_I2C_API.a(i2c_lpc11u37h.o)
 .debug_frame   0x00000d30      0x118 /home/django/Documents/Foxy/Gitting/foxyrfid/NFC/SW3647/workspace_ntag_i2c_plus/NTAG_I2C_API/Debug/libNTAG_I2C_API.a(cr_startup_lpc11u.o)
 .debug_frame   0x00000e48       0x48 /home/django/Documents/Foxy/Gitting/foxyrfid/NFC/SW3647/workspace_ntag_i2c_plus/NTAG_I2C_API/Debug/libNTAG_I2C_API.a(sysinit.o)
 .debug_frame   0x00000e90       0x5c /home/django/Documents/Foxy/Gitting/foxyrfid/NFC/SW3647/workspace_ntag_i2c_plus/nxp_lpcxpresso_11u24h_board_lib/Debug/libnxp_lpcxpresso_11u24h_board_lib.a(board.o)
 .debug_frame   0x00000eec       0x54 /home/django/Documents/Foxy/Gitting/foxyrfid/NFC/SW3647/workspace_ntag_i2c_plus/nxp_lpcxpresso_11u24h_board_lib/Debug/libnxp_lpcxpresso_11u24h_board_lib.a(board_sysinit.o)
 .debug_frame   0x00000f40       0x3c /home/django/Documents/Foxy/Gitting/foxyrfid/NFC/SW3647/workspace_ntag_i2c_plus/nxp_lpcxpresso_11u24h_board_lib/Debug/libnxp_lpcxpresso_11u24h_board_lib.a(usb_board_sysinit.o)
 .debug_frame   0x00000f7c      0x124 /home/django/Documents/Foxy/Gitting/foxyrfid/NFC/SW3647/workspace_ntag_i2c_plus/lpc_chip_11uxx_lib/Debug/liblpc_chip_11uxx_lib.a(adc_11xx.o)
 .debug_frame   0x000010a0       0x28 /home/django/Documents/Foxy/Gitting/foxyrfid/NFC/SW3647/workspace_ntag_i2c_plus/lpc_chip_11uxx_lib/Debug/liblpc_chip_11uxx_lib.a(chip_11xx.o)
 .debug_frame   0x000010c8      0x100 /home/django/Documents/Foxy/Gitting/foxyrfid/NFC/SW3647/workspace_ntag_i2c_plus/lpc_chip_11uxx_lib/Debug/liblpc_chip_11uxx_lib.a(clock_11xx.o)
 .debug_frame   0x000011c8       0x80 /home/django/Documents/Foxy/Gitting/foxyrfid/NFC/SW3647/workspace_ntag_i2c_plus/lpc_chip_11uxx_lib/Debug/liblpc_chip_11uxx_lib.a(gpio_11xx_1.o)
 .debug_frame   0x00001248       0xe4 /home/django/Documents/Foxy/Gitting/foxyrfid/NFC/SW3647/workspace_ntag_i2c_plus/lpc_chip_11uxx_lib/Debug/liblpc_chip_11uxx_lib.a(i2cm_11xx.o)
 .debug_frame   0x0000132c       0x20 /home/django/Documents/Foxy/Gitting/foxyrfid/NFC/SW3647/workspace_ntag_i2c_plus/lpc_chip_11uxx_lib/Debug/liblpc_chip_11uxx_lib.a(iocon_11xx.o)
 .debug_frame   0x0000134c       0x68 /home/django/Documents/Foxy/Gitting/foxyrfid/NFC/SW3647/workspace_ntag_i2c_plus/lpc_chip_11uxx_lib/Debug/liblpc_chip_11uxx_lib.a(pmu_11xx.o)
 .debug_frame   0x000013b4       0x58 /home/django/Documents/Foxy/Gitting/foxyrfid/NFC/SW3647/workspace_ntag_i2c_plus/lpc_chip_11uxx_lib/Debug/liblpc_chip_11uxx_lib.a(sysctl_11xx.o)
