Archive member included to satisfy reference by file (symbol)

/home/django/Documents/Foxy/Gitting/foxyrfid/NFC/SW3647/workspace_ntag_i2c_plus/NTAG_I2C_API/Debug/libNTAG_I2C_API.a(timer_lpc.o)
                              ./src/main.o (HAL_Timer_Init)
/home/django/Documents/Foxy/Gitting/foxyrfid/NFC/SW3647/workspace_ntag_i2c_plus/NTAG_I2C_API/Debug/libNTAG_I2C_API.a(ntag_bridge.o)
                              ./src/main.o (NTAG_WaitForEvent)
/home/django/Documents/Foxy/Gitting/foxyrfid/NFC/SW3647/workspace_ntag_i2c_plus/NTAG_I2C_API/Debug/libNTAG_I2C_API.a(ntag_driver.o)
                              /home/django/Documents/Foxy/Gitting/foxyrfid/NFC/SW3647/workspace_ntag_i2c_plus/NTAG_I2C_API/Debug/libNTAG_I2C_API.a(ntag_bridge.o) (NTAG_WaitForFDPinState)
/home/django/Documents/Foxy/Gitting/foxyrfid/NFC/SW3647/workspace_ntag_i2c_plus/NTAG_I2C_API/Debug/libNTAG_I2C_API.a(isr_common.o)
                              ./src/main.o (HAL_ISR_RegisterCallback)
/home/django/Documents/Foxy/Gitting/foxyrfid/NFC/SW3647/workspace_ntag_i2c_plus/NTAG_I2C_API/Debug/libNTAG_I2C_API.a(isr_lpc11u6x.o)
                              ./src/main.o (HAL_ISR_Init)
/home/django/Documents/Foxy/Gitting/foxyrfid/NFC/SW3647/workspace_ntag_i2c_plus/NTAG_I2C_API/Debug/libNTAG_I2C_API.a(i2c_lpc11u37h.o)
                              ./src/main.o (I2CMasterInit)
/home/django/Documents/Foxy/Gitting/foxyrfid/NFC/SW3647/workspace_ntag_i2c_plus/NTAG_I2C_API/Debug/libNTAG_I2C_API.a(cr_startup_lpc11u.o)
                              (ResetISR)
/home/django/Documents/Foxy/Gitting/foxyrfid/NFC/SW3647/workspace_ntag_i2c_plus/NTAG_I2C_API/Debug/libNTAG_I2C_API.a(sysinit.o)
                              ./src/main.o (HAL_BSP_BoardInit)
/home/django/Documents/Foxy/Gitting/foxyrfid/NFC/SW3647/workspace_ntag_i2c_plus/nxp_lpcxpresso_11u24h_board_lib/Debug/libnxp_lpcxpresso_11u24h_board_lib.a(board.o)
                              ./src/HW_functions.o (Board_LED_Set)
/home/django/Documents/Foxy/Gitting/foxyrfid/NFC/SW3647/workspace_ntag_i2c_plus/nxp_lpcxpresso_11u24h_board_lib/Debug/libnxp_lpcxpresso_11u24h_board_lib.a(board_sysinit.o)
                              /home/django/Documents/Foxy/Gitting/foxyrfid/NFC/SW3647/workspace_ntag_i2c_plus/NTAG_I2C_API/Debug/libNTAG_I2C_API.a(sysinit.o) (Board_SystemInit)
/home/django/Documents/Foxy/Gitting/foxyrfid/NFC/SW3647/workspace_ntag_i2c_plus/lpc_chip_11uxx_lib/Debug/liblpc_chip_11uxx_lib.a(adc_11xx.o)
                              ./src/HW_functions.o (readAdcVal)
/home/django/Documents/Foxy/Gitting/foxyrfid/NFC/SW3647/workspace_ntag_i2c_plus/lpc_chip_11uxx_lib/Debug/liblpc_chip_11uxx_lib.a(chip_11xx.o)
                              ./src/main.o (SystemCoreClockUpdate)
/home/django/Documents/Foxy/Gitting/foxyrfid/NFC/SW3647/workspace_ntag_i2c_plus/lpc_chip_11uxx_lib/Debug/liblpc_chip_11uxx_lib.a(clock_11xx.o)
                              ./src/main.o (Chip_Clock_SetMainClockSource)
/home/django/Documents/Foxy/Gitting/foxyrfid/NFC/SW3647/workspace_ntag_i2c_plus/lpc_chip_11uxx_lib/Debug/liblpc_chip_11uxx_lib.a(gpio_11xx_1.o)
                              /home/django/Documents/Foxy/Gitting/foxyrfid/NFC/SW3647/workspace_ntag_i2c_plus/nxp_lpcxpresso_11u24h_board_lib/Debug/libnxp_lpcxpresso_11u24h_board_lib.a(board.o) (Chip_GPIO_Init)
/home/django/Documents/Foxy/Gitting/foxyrfid/NFC/SW3647/workspace_ntag_i2c_plus/lpc_chip_11uxx_lib/Debug/liblpc_chip_11uxx_lib.a(i2cm_11xx.o)
                              /home/django/Documents/Foxy/Gitting/foxyrfid/NFC/SW3647/workspace_ntag_i2c_plus/NTAG_I2C_API/Debug/libNTAG_I2C_API.a(i2c_lpc11u37h.o) (Chip_I2CM_Init)
/home/django/Documents/Foxy/Gitting/foxyrfid/NFC/SW3647/workspace_ntag_i2c_plus/lpc_chip_11uxx_lib/Debug/liblpc_chip_11uxx_lib.a(pmu_11xx.o)
                              /home/django/Documents/Foxy/Gitting/foxyrfid/NFC/SW3647/workspace_ntag_i2c_plus/NTAG_I2C_API/Debug/libNTAG_I2C_API.a(timer_lpc.o) (Chip_PMU_SleepState)
/home/django/Documents/Foxy/Gitting/foxyrfid/NFC/SW3647/workspace_ntag_i2c_plus/lpc_chip_11uxx_lib/Debug/liblpc_chip_11uxx_lib.a(sysctl_11xx.o)
                              /home/django/Documents/Foxy/Gitting/foxyrfid/NFC/SW3647/workspace_ntag_i2c_plus/lpc_chip_11uxx_lib/Debug/liblpc_chip_11uxx_lib.a(adc_11xx.o) (Chip_SYSCTL_PowerDown)
/home/django/Documents/Foxy/Gitting/foxyrfid/NFC/SW3647/workspace_ntag_i2c_plus/lpc_chip_11uxx_lib/Debug/liblpc_chip_11uxx_lib.a(timer_11xx.o)
                              ./src/HW_functions.o (Chip_TIMER_Init)
/usr/local/lpcxpresso_8.2.2_650/lpcxpresso/tools/bin/../lib/gcc/arm-none-eabi/5.4.1/../../../../arm-none-eabi/lib/armv6-m/libcr_c.a(memcpy.o)
                              ./src/HW_functions.o (memcpy)
/usr/local/lpcxpresso_8.2.2_650/lpcxpresso/tools/bin/../lib/gcc/arm-none-eabi/5.4.1/../../../../arm-none-eabi/lib/armv6-m/libcr_c.a(memset.o)
                              ./src/main.o (memset)
[...]
Memory Configuration

Name             Origin             Length             Attributes
MFlash32         0x00004000         0x00004000         xr
RamLoc8          0x10000200         0x00001de0         xrw
*default*        0x00000000         0xffffffff

Linker script and memory map

LOAD ./src/HW_functions.o
LOAD ./src/crc32.o
LOAD ./src/main.o
LOAD ./src/ndef_parser.o
LOAD /home/django/Documents/Foxy/Gitting/foxyrfid/NFC/SW3647/workspace_ntag_i2c_plus/NTAG_I2C_API/Debug/libNTAG_I2C_API.a
LOAD /home/django/Documents/Foxy/Gitting/foxyrfid/NFC/SW3647/workspace_ntag_i2c_plus/nxp_lpcxpresso_11u24h_board_lib/Debug/libnxp_lpcxpresso_11u24h_board_lib.a
LOAD /home/django/Documents/Foxy/Gitting/foxyrfid/NFC/SW3647/workspace_ntag_i2c_plus/lpc_chip_11uxx_lib/Debug/liblpc_chip_11uxx_lib.a
START GROUP
LOAD /usr/local/lpcxpresso_8.2.2_650/lpcxpresso/tools/bin/../lib/gcc/arm-none-eabi/5.4.1/../../../../arm-none-eabi/lib/armv6-m/libcr_c.a
LOAD /usr/local/lpcxpresso_8.2.2_650/lpcxpresso/tools/bin/../lib/gcc/arm-none-eabi/5.4.1/armv6-m/libcr_eabihelpers.a
END GROUP
                0x00004000                __base_MFlash32 = 0x4000
                0x00004000                __base_Flash = 0x4000
                0x00008000                __top_MFlash32 = 0x8000
                0x00008000                __top_Flash = 0x8000
                0x10000200                __base_RamLoc8 = 0x10000200
                0x10000200                __base_RAM = 0x10000200
                0x10001fe0                __top_RamLoc8 = 0x10001fe0
                0x10001fe0                __top_RAM = 0x10001fe0

.text           0x00004000     0x3f90
 FILL mask 0xff
                0x00004000                __vectors_start__ = ABSOLUTE (.)
 *(.isr_vector)
 .isr_vector    0x00004000       0xc0 /home/django/Documents/Foxy/Gitting/foxyrfid/NFC/SW3647/workspace_ntag_i2c_plus/NTAG_I2C_API/Debug/libNTAG_I2C_API.a(cr_startup_lpc11u.o)
                0x00004000                g_pfnVectors
                0x000040c0                . = ALIGN (0x4)
                0x000040c0                __section_table_start = .
                0x000040c0                __data_section_table = .
                0x000040c0        0x4 LONG 0x7f90 LOADADDR (.data)
                0x000040c4        0x4 LONG 0x10000200 ADDR (.data)
                0x000040c8        0x4 LONG 0x48 SIZEOF (.data)
                0x000040cc                __data_section_table_end = .
                0x000040cc                __bss_section_table = .
                0x000040cc        0x4 LONG 0x10000248 ADDR (.bss)
                0x000040d0        0x4 LONG 0x484 SIZEOF (.bss)
                0x000040d4                __bss_section_table_end = .
                0x000040d4                __section_table_end = .
 *(.after_vectors*)
 .after_vectors
                0x000040d4      0x120 /home/django/Documents/Foxy/Gitting/foxyrfid/NFC/SW3647/workspace_ntag_i2c_plus/NTAG_I2C_API/Debug/libNTAG_I2C_API.a(cr_startup_lpc11u.o)
                0x000040d4                data_init
                0x00004114                bss_init
                0x00004148                ResetISR
                0x000041c4                NMI_Handler
                0x000041cc                HardFault_Handler
                0x000041d4                SVCall_Handler
                0x000041dc                PendSV_Handler
                0x000041ec                TIMER16_0_IRQHandler
                0x000041ec                UART_IRQHandler
                0x000041ec                TIMER32_0_IRQHandler
                0x000041ec                FLEX_INT7_IRQHandler
                0x000041ec                IntDefaultHandler
                0x000041ec                SSP0_IRQHandler
                0x000041ec                USBWakeup_IRQHandler
                0x000041ec                FLEX_INT2_IRQHandler
                0x000041ec                TIMER16_1_IRQHandler
                0x000041ec                USB_FIQHandler
                0x000041ec                FLEX_INT5_IRQHandler
                0x000041ec                ADC_IRQHandler
                0x000041ec                SSP1_IRQHandler
                0x000041ec                FLEX_INT3_IRQHandler
                0x000041ec                USB_IRQHandler
                0x000041ec                BOD_IRQHandler
                0x000041ec                WDT_IRQHandler
                0x000041ec                GINT0_IRQHandler
                0x000041ec                FLEX_INT4_IRQHandler
                0x000041ec                FLEX_INT6_IRQHandler
                0x000041ec                FMC_IRQHandler
                0x000041ec                GINT1_IRQHandler
 *(.text*)
 .text.Chip_TIMER_Enable
                0x000041f4       0x1c ./src/HW_functions.o
 .text.Chip_TIMER_PrescaleSet
                0x00004210       0x18 ./src/HW_functions.o
 .text.Chip_TIMER_SetMatch
                0x00004228       0x2c ./src/HW_functions.o
 .text.Chip_TIMER_MatchEnableInt
                0x00004254       0x34 ./src/HW_functions.o
 .text.Chip_TIMER_ResetOnMatchEnable
                0x00004288       0x38 ./src/HW_functions.o
 .text.Chip_GPIO_SetPinState
                0x000042c0       0x40 ./src/HW_functions.o
 .text.Chip_GPIO_GetPinState
                0x00004300       0x38 ./src/HW_functions.o
 .text.Chip_GPIO_SetPinDIRInput
                0x00004338       0x54 ./src/HW_functions.o
 .text.init_TempSensor
                0x0000438c       0x30 ./src/HW_functions.o
                0x0000438c                init_TempSensor
 .text.HW_setup_Board_for_use_with_NTAG
                0x000043bc       0x6c ./src/HW_functions.o
                0x000043bc                HW_setup_Board_for_use_with_NTAG
 .text.ledsOFF  0x00004428       0x24 ./src/HW_functions.o
 .text.Red      0x0000444c       0x24 ./src/HW_functions.o
 .text.Green    0x00004470       0x24 ./src/HW_functions.o
 .text.Blue     0x00004494       0x24 ./src/HW_functions.o
 .text.HW_switchLEDs
                0x000044b8       0x4c ./src/HW_functions.o
                0x000044b8                HW_switchLEDs
 .text.init_Buttons
                0x00004504       0x60 ./src/HW_functions.o
                0x00004504                init_Buttons
 .text.HW_Get_Button_State
                0x00004564       0x3c ./src/HW_functions.o
                0x00004564                HW_Get_Button_State
 .text.HW_getTemp
                0x000045a0       0x58 ./src/HW_functions.o
                0x000045a0                HW_getTemp
 .text.HW_getVolt
                0x000045f8       0x58 ./src/HW_functions.o
                0x000045f8                HW_getVolt
 .text.ADC_Init
                0x00004650       0x78 ./src/HW_functions.o
                0x00004650                ADC_Init
 .text.HW_init_Peripherals
                0x000046c8       0x20 ./src/HW_functions.o
                0x000046c8                HW_init_Peripherals
 .text.InitTimer
                0x000046e8       0x48 ./src/HW_functions.o
                0x000046e8                InitTimer
 .text.InitTimer1
                0x00004730       0x54 ./src/HW_functions.o
                0x00004730                InitTimer1
 .text.EnableTimer1
                0x00004784       0x18 ./src/HW_functions.o
                0x00004784                EnableTimer1
 .text.InitPWM  0x0000479c       0x78 ./src/HW_functions.o
                0x0000479c                InitPWM
 .text.HW_dimLEDs
                0x00004814       0x4c ./src/HW_functions.o
                0x00004814                HW_dimLEDs
 .text.InitPWMPins
                0x00004860       0x4c ./src/HW_functions.o
                0x00004860                InitPWMPins
 .text.LCDInit  0x000048ac      0x128 ./src/HW_functions.o
                0x000048ac                LCDInit
 .text.LCD_off  0x000049d4       0x34 ./src/HW_functions.o
                0x000049d4                LCD_off
 .text.LCD_on   0x00004a08       0x34 ./src/HW_functions.o
                0x00004a08                LCD_on
 .text.LCDWriteNDEFmessage
                0x00004a3c       0x7c ./src/HW_functions.o
                0x00004a3c                LCDWriteNDEFmessage
 .text.make_crc32_table
                0x00004ab8       0x6c ./src/crc32.o
 .text.crc32    0x00004b24       0x24 ./src/crc32.o
                0x00004b24                crc32
 .text.crc32_update
                0x00004b48       0x68 ./src/crc32.o
                0x00004b48                crc32_update
 .text.NVIC_EnableIRQ
                0x00004bb0       0x2c ./src/main.o
 .text.NVIC_ClearPendingIRQ
                0x00004bdc       0x34 ./src/main.o
 .text.NVIC_SetPriority
                0x00004c10       0xdc ./src/main.o
 .text.SysTick_Config
                0x00004cec       0x48 ./src/main.o
 .text.Chip_SYSCTL_Map
                0x00004d34       0x20 ./src/main.o
 .text.Chip_SYSCTL_EnableBODReset
                0x00004d54       0x24 ./src/main.o
 .text.Chip_TIMER_MatchPending
                0x00004d78       0x34 ./src/main.o
 .text.Chip_TIMER_ClearMatch
                0x00004dac       0x28 ./src/main.o
 .text.TIMER32_1_IRQHandler
                0x00004dd4       0x60 ./src/main.o
                0x00004dd4                TIMER32_1_IRQHandler
 .text.main     0x00004e34      0x12c ./src/main.o
                0x00004e34                main
 .text.CopyInterruptToSRAM
                0x00004f60       0x40 ./src/main.o
                0x00004f60                CopyInterruptToSRAM
 .text.LED_Demo
                0x00004fa0      0x26c ./src/main.o
                0x00004fa0                LED_Demo
 .text.RGBcube_Demo
                0x0000520c      0x128 ./src/main.o
                0x0000520c                RGBcube_Demo
 .text.factory_reset_Tag
                0x00005334       0xa4 ./src/main.o
                0x00005334                factory_reset_Tag
 .text.wait_for_RF_write_in_SRAM
                0x000053d8       0x80 ./src/main.o
                0x000053d8                wait_for_RF_write_in_SRAM
 .text.send_VersionInfo
                0x00005458       0xf0 ./src/main.o
                0x00005458                send_VersionInfo
 .text.HW_setup_Speedtest
                0x00005548       0x5c ./src/main.o
                0x00005548                HW_setup_Speedtest
 .text.speedTest
                0x000055a4      0x278 ./src/main.o
                0x000055a4                speedTest
 .text.Setup    0x0000581c       0x84 ./src/main.o
                0x0000581c                Setup
 .text.InitCubeDemo
                0x000058a0       0x40 ./src/main.o
                0x000058a0                InitCubeDemo
 .text.LED_blink
                0x000058e0       0x74 ./src/main.o
                0x000058e0                LED_blink
 .text.check_Buttons
                0x00005954       0x88 ./src/main.o
                0x00005954                check_Buttons
 .text.DisplayVoltage
                0x000059dc       0x74 ./src/main.o
                0x000059dc                DisplayVoltage
 .text.DisplayTemp
                0x00005a50       0xa0 ./src/main.o
                0x00005a50                DisplayTemp
 .text.DisplayEmptyTemp
                0x00005af0       0x84 ./src/main.o
                0x00005af0                DisplayEmptyTemp
 .text.get_dec_str
                0x00005b74       0x78 ./src/main.o
                0x00005b74                get_dec_str
 .text.DisplayRGBColorCode
                0x00005bec      0x1d4 ./src/main.o
                0x00005bec                DisplayRGBColorCode
 .text.LCDWrite
                0x00005dc0       0x98 ./src/main.o
                0x00005dc0                LCDWrite
 .text.parse_ndef
                0x00005e58      0x250 ./src/ndef_parser.o
                0x00005e58                parse_ndef
 .text.getUriType
                0x000060a8      0x408 ./src/ndef_parser.o
                0x000060a8                getUriType
 .text.NVIC_SetPriority
                0x000064b0       0xdc /home/django/Documents/Foxy/Gitting/foxyrfid/NFC/SW3647/workspace_ntag_i2c_plus/NTAG_I2C_API/Debug/libNTAG_I2C_API.a(timer_lpc.o)
 .text.SysTick_Config
                0x0000658c       0x48 /home/django/Documents/Foxy/Gitting/foxyrfid/NFC/SW3647/workspace_ntag_i2c_plus/NTAG_I2C_API/Debug/libNTAG_I2C_API.a(timer_lpc.o)
 .text.HAL_Timer_Init
                0x000065d4       0x24 /home/django/Documents/Foxy/Gitting/foxyrfid/NFC/SW3647/workspace_ntag_i2c_plus/NTAG_I2C_API/Debug/libNTAG_I2C_API.a(timer_lpc.o)
                0x000065d4                HAL_Timer_Init
 .text.HAL_Timer_delay_ms
                0x000065f8       0x38 /home/django/Documents/Foxy/Gitting/foxyrfid/NFC/SW3647/workspace_ntag_i2c_plus/NTAG_I2C_API/Debug/libNTAG_I2C_API.a(timer_lpc.o)
                0x000065f8                HAL_Timer_delay_ms
 .text.HAL_Timer_getTime_ms
                0x00006630       0x14 /home/django/Documents/Foxy/Gitting/foxyrfid/NFC/SW3647/workspace_ntag_i2c_plus/NTAG_I2C_API/Debug/libNTAG_I2C_API.a(timer_lpc.o)
                0x00006630                HAL_Timer_getTime_ms
 .text.SysTick_Handler
                0x00006644       0x18 /home/django/Documents/Foxy/Gitting/foxyrfid/NFC/SW3647/workspace_ntag_i2c_plus/NTAG_I2C_API/Debug/libNTAG_I2C_API.a(timer_lpc.o)
                0x00006644                SysTick_Handler
 .text.NTAG_WaitForEvent
                0x0000665c      0x250 /home/django/Documents/Foxy/Gitting/foxyrfid/NFC/SW3647/workspace_ntag_i2c_plus/NTAG_I2C_API/Debug/libNTAG_I2C_API.a(ntag_bridge.o)
                0x0000665c                NTAG_WaitForEvent
 .text.NTAG_SetFDOnFunction
                0x000068ac       0x28 /home/django/Documents/Foxy/Gitting/foxyrfid/NFC/SW3647/workspace_ntag_i2c_plus/NTAG_I2C_API/Debug/libNTAG_I2C_API.a(ntag_bridge.o)
                0x000068ac                NTAG_SetFDOnFunction
 .text.NTAG_SetFDOffFunction
                0x000068d4       0x28 /home/django/Documents/Foxy/Gitting/foxyrfid/NFC/SW3647/workspace_ntag_i2c_plus/NTAG_I2C_API/Debug/libNTAG_I2C_API.a(ntag_bridge.o)
                0x000068d4                NTAG_SetFDOffFunction
 .text.NTAG_SetPthruOnOff
                0x000068fc       0x4c /home/django/Documents/Foxy/Gitting/foxyrfid/NFC/SW3647/workspace_ntag_i2c_plus/NTAG_I2C_API/Debug/libNTAG_I2C_API.a(ntag_bridge.o)
                0x000068fc                NTAG_SetPthruOnOff
 .text.NTAG_SetTransferDir
                0x00006948       0xac /home/django/Documents/Foxy/Gitting/foxyrfid/NFC/SW3647/workspace_ntag_i2c_plus/NTAG_I2C_API/Debug/libNTAG_I2C_API.a(ntag_bridge.o)
                0x00006948                NTAG_SetTransferDir
 .text.NTAG_WaitForFDPinState
                0x000069f4       0x6c /home/django/Documents/Foxy/Gitting/foxyrfid/NFC/SW3647/workspace_ntag_i2c_plus/NTAG_I2C_API/Debug/libNTAG_I2C_API.a(ntag_driver.o)
                0x000069f4                NTAG_WaitForFDPinState
 .text.NTAG_InitDevice
                0x00006a60       0x74 /home/django/Documents/Foxy/Gitting/foxyrfid/NFC/SW3647/workspace_ntag_i2c_plus/NTAG_I2C_API/Debug/libNTAG_I2C_API.a(ntag_driver.o)
                0x00006a60                NTAG_InitDevice
 .text.NTAG_ReadBytes
                0x00006ad4      0x158 /home/django/Documents/Foxy/Gitting/foxyrfid/NFC/SW3647/workspace_ntag_i2c_plus/NTAG_I2C_API/Debug/libNTAG_I2C_API.a(ntag_driver.o)
                0x00006ad4                NTAG_ReadBytes
 .text.NTAG_WriteBytes
                0x00006c2c      0x190 /home/django/Documents/Foxy/Gitting/foxyrfid/NFC/SW3647/workspace_ntag_i2c_plus/NTAG_I2C_API/Debug/libNTAG_I2C_API.a(ntag_driver.o)
                0x00006c2c                NTAG_WriteBytes
 .text.NTAG_ReadRegister
                0x00006dbc       0x88 /home/django/Documents/Foxy/Gitting/foxyrfid/NFC/SW3647/workspace_ntag_i2c_plus/NTAG_I2C_API/Debug/libNTAG_I2C_API.a(ntag_driver.o)
                0x00006dbc                NTAG_ReadRegister
 .text.NTAG_WriteRegister
                0x00006e44       0x70 /home/django/Documents/Foxy/Gitting/foxyrfid/NFC/SW3647/workspace_ntag_i2c_plus/NTAG_I2C_API/Debug/libNTAG_I2C_API.a(ntag_driver.o)
                0x00006e44                NTAG_WriteRegister
 .text.NTAG_ReadBlock
                0x00006eb4       0xc8 /home/django/Documents/Foxy/Gitting/foxyrfid/NFC/SW3647/workspace_ntag_i2c_plus/NTAG_I2C_API/Debug/libNTAG_I2C_API.a(ntag_driver.o)
                0x00006eb4                NTAG_ReadBlock
 .text.NTAG_WriteBlock
                0x00006f7c      0x134 /home/django/Documents/Foxy/Gitting/foxyrfid/NFC/SW3647/workspace_ntag_i2c_plus/NTAG_I2C_API/Debug/libNTAG_I2C_API.a(ntag_driver.o)
                0x00006f7c                NTAG_WriteBlock
 .text.HAL_ISR_RegisterCallback
                0x000070b0       0x7c /home/django/Documents/Foxy/Gitting/foxyrfid/NFC/SW3647/workspace_ntag_i2c_plus/NTAG_I2C_API/Debug/libNTAG_I2C_API.a(isr_common.o)
                0x000070b0                HAL_ISR_RegisterCallback
 .text.HAL_ISR_SleepWithTimeout
                0x0000712c       0xa0 /home/django/Documents/Foxy/Gitting/foxyrfid/NFC/SW3647/workspace_ntag_i2c_plus/NTAG_I2C_API/Debug/libNTAG_I2C_API.a(isr_common.o)
                0x0000712c                HAL_ISR_SleepWithTimeout
 .text.NVIC_EnableIRQ
                0x000071cc       0x2c /home/django/Documents/Foxy/Gitting/foxyrfid/NFC/SW3647/workspace_ntag_i2c_plus/NTAG_I2C_API/Debug/libNTAG_I2C_API.a(isr_lpc11u6x.o)
 .text.NVIC_DisableIRQ
                0x000071f8       0x30 /home/django/Documents/Foxy/Gitting/foxyrfid/NFC/SW3647/workspace_ntag_i2c_plus/NTAG_I2C_API/Debug/libNTAG_I2C_API.a(isr_lpc11u6x.o)
 .text.NVIC_ClearPendingIRQ
                0x00007228       0x34 /home/django/Documents/Foxy/Gitting/foxyrfid/NFC/SW3647/workspace_ntag_i2c_plus/NTAG_I2C_API/Debug/libNTAG_I2C_API.a(isr_lpc11u6x.o)
 .text.Chip_SYSCTL_SetPinInterrupt
                0x0000725c       0x44 /home/django/Documents/Foxy/Gitting/foxyrfid/NFC/SW3647/workspace_ntag_i2c_plus/NTAG_I2C_API/Debug/libNTAG_I2C_API.a(isr_lpc11u6x.o)
 .text.Chip_Clock_EnablePeriphClock
                0x000072a0       0x30 /home/django/Documents/Foxy/Gitting/foxyrfid/NFC/SW3647/workspace_ntag_i2c_plus/NTAG_I2C_API/Debug/libNTAG_I2C_API.a(isr_lpc11u6x.o)
 .text.map_pin_to_port
                0x000072d0       0x40 /home/django/Documents/Foxy/Gitting/foxyrfid/NFC/SW3647/workspace_ntag_i2c_plus/NTAG_I2C_API/Debug/libNTAG_I2C_API.a(isr_lpc11u6x.o)
                0x000072d0                map_pin_to_port
 .text.HAL_ISR_Init
                0x00007310       0x8c /home/django/Documents/Foxy/Gitting/foxyrfid/NFC/SW3647/workspace_ntag_i2c_plus/NTAG_I2C_API/Debug/libNTAG_I2C_API.a(isr_lpc11u6x.o)
                0x00007310                HAL_ISR_Init
 .text.setupMode
                0x0000739c      0x138 /home/django/Documents/Foxy/Gitting/foxyrfid/NFC/SW3647/workspace_ntag_i2c_plus/NTAG_I2C_API/Debug/libNTAG_I2C_API.a(isr_lpc11u6x.o)
                0x0000739c                setupMode
 .text.disableInterrupt
                0x000074d4       0x1c /home/django/Documents/Foxy/Gitting/foxyrfid/NFC/SW3647/workspace_ntag_i2c_plus/NTAG_I2C_API/Debug/libNTAG_I2C_API.a(isr_lpc11u6x.o)
                0x000074d4                disableInterrupt
 .text.enableInterrupt
                0x000074f0       0x24 /home/django/Documents/Foxy/Gitting/foxyrfid/NFC/SW3647/workspace_ntag_i2c_plus/NTAG_I2C_API/Debug/libNTAG_I2C_API.a(isr_lpc11u6x.o)
                0x000074f0                enableInterrupt
 .text.FLEX_INT0_IRQHandler
                0x00007514       0x3c /home/django/Documents/Foxy/Gitting/foxyrfid/NFC/SW3647/workspace_ntag_i2c_plus/NTAG_I2C_API/Debug/libNTAG_I2C_API.a(isr_lpc11u6x.o)
                0x00007514                FLEX_INT0_IRQHandler
 .text.FLEX_INT1_IRQHandler
                0x00007550       0x3c /home/django/Documents/Foxy/Gitting/foxyrfid/NFC/SW3647/workspace_ntag_i2c_plus/NTAG_I2C_API/Debug/libNTAG_I2C_API.a(isr_lpc11u6x.o)
                0x00007550                FLEX_INT1_IRQHandler
 .text.I2C_IRQHandler
                0x0000758c        0xc /home/django/Documents/Foxy/Gitting/foxyrfid/NFC/SW3647/workspace_ntag_i2c_plus/NTAG_I2C_API/Debug/libNTAG_I2C_API.a(i2c_lpc11u37h.o)
                0x0000758c                I2C_IRQHandler
 .text.I2CMasterInit
                0x00007598       0x28 /home/django/Documents/Foxy/Gitting/foxyrfid/NFC/SW3647/workspace_ntag_i2c_plus/NTAG_I2C_API/Debug/libNTAG_I2C_API.a(i2c_lpc11u37h.o)
                0x00007598                I2CMasterInit
 .text.TransmitPoll
                0x000075c0       0x2c /home/django/Documents/Foxy/Gitting/foxyrfid/NFC/SW3647/workspace_ntag_i2c_plus/NTAG_I2C_API/Debug/libNTAG_I2C_API.a(i2c_lpc11u37h.o)
                0x000075c0                TransmitPoll
 .text.ReceivePoll
                0x000075ec       0x2c /home/django/Documents/Foxy/Gitting/foxyrfid/NFC/SW3647/workspace_ntag_i2c_plus/NTAG_I2C_API/Debug/libNTAG_I2C_API.a(i2c_lpc11u37h.o)
                0x000075ec                ReceivePoll
 .text.HAL_BSP_BoardInit
                0x00007618       0x14 /home/django/Documents/Foxy/Gitting/foxyrfid/NFC/SW3647/workspace_ntag_i2c_plus/NTAG_I2C_API/Debug/libNTAG_I2C_API.a(sysinit.o)
                0x00007618                HAL_BSP_BoardInit
 .text.Board_LED_Set
                0x0000762c       0x18 /home/django/Documents/Foxy/Gitting/foxyrfid/NFC/SW3647/workspace_ntag_i2c_plus/nxp_lpcxpresso_11u24h_board_lib/Debug/libnxp_lpcxpresso_11u24h_board_lib.a(board.o)
                0x0000762c                Board_LED_Set
 .text.Board_Init
                0x00007644       0x70 /home/django/Documents/Foxy/Gitting/foxyrfid/NFC/SW3647/workspace_ntag_i2c_plus/nxp_lpcxpresso_11u24h_board_lib/Debug/libnxp_lpcxpresso_11u24h_board_lib.a(board.o)
                0x00007644                Board_Init
 .text.Board_SystemInit
                0x000076b4       0xb4 /home/django/Documents/Foxy/Gitting/foxyrfid/NFC/SW3647/workspace_ntag_i2c_plus/nxp_lpcxpresso_11u24h_board_lib/Debug/libnxp_lpcxpresso_11u24h_board_lib.a(board_sysinit.o)
                0x000076b4                Board_SystemInit
 .text.readAdcVal
                0x00007768       0x10 /home/django/Documents/Foxy/Gitting/foxyrfid/NFC/SW3647/workspace_ntag_i2c_plus/lpc_chip_11uxx_lib/Debug/liblpc_chip_11uxx_lib.a(adc_11xx.o)
                0x00007768                readAdcVal
 .text.SystemCoreClockUpdate
                0x00007778       0x10 /home/django/Documents/Foxy/Gitting/foxyrfid/NFC/SW3647/workspace_ntag_i2c_plus/lpc_chip_11uxx_lib/Debug/liblpc_chip_11uxx_lib.a(chip_11xx.o)
                0x00007778                SystemCoreClockUpdate
 .text.Chip_Clock_SetMainClockSource
                0x00007788       0x14 /home/django/Documents/Foxy/Gitting/foxyrfid/NFC/SW3647/workspace_ntag_i2c_plus/lpc_chip_11uxx_lib/Debug/liblpc_chip_11uxx_lib.a(clock_11xx.o)
                0x00007788                Chip_Clock_SetMainClockSource
 .text.Chip_Clock_GetSystemClockRate
                0x0000779c       0x8c /home/django/Documents/Foxy/Gitting/foxyrfid/NFC/SW3647/workspace_ntag_i2c_plus/lpc_chip_11uxx_lib/Debug/liblpc_chip_11uxx_lib.a(clock_11xx.o)
                0x0000779c                Chip_Clock_GetSystemClockRate
 .text.Chip_GPIO_Init
                0x00007828       0x14 /home/django/Documents/Foxy/Gitting/foxyrfid/NFC/SW3647/workspace_ntag_i2c_plus/lpc_chip_11uxx_lib/Debug/liblpc_chip_11uxx_lib.a(gpio_11xx_1.o)
                0x00007828                Chip_GPIO_Init
 .text.Chip_I2CM_Init
                0x0000783c       0x20 /home/django/Documents/Foxy/Gitting/foxyrfid/NFC/SW3647/workspace_ntag_i2c_plus/lpc_chip_11uxx_lib/Debug/liblpc_chip_11uxx_lib.a(i2cm_11xx.o)
                0x0000783c                Chip_I2CM_Init
 .text.Chip_I2CM_SetBusSpeed
                0x0000785c       0x20 /home/django/Documents/Foxy/Gitting/foxyrfid/NFC/SW3647/workspace_ntag_i2c_plus/lpc_chip_11uxx_lib/Debug/liblpc_chip_11uxx_lib.a(i2cm_11xx.o)
                0x0000785c                Chip_I2CM_SetBusSpeed
 .text.Chip_I2CM_Write
                0x0000787c       0x6c /home/django/Documents/Foxy/Gitting/foxyrfid/NFC/SW3647/workspace_ntag_i2c_plus/lpc_chip_11uxx_lib/Debug/liblpc_chip_11uxx_lib.a(i2cm_11xx.o)
                0x0000787c                Chip_I2CM_Write
 .text.Chip_I2CM_Read
                0x000078e8       0xb0 /home/django/Documents/Foxy/Gitting/foxyrfid/NFC/SW3647/workspace_ntag_i2c_plus/lpc_chip_11uxx_lib/Debug/liblpc_chip_11uxx_lib.a(i2cm_11xx.o)
                0x000078e8                Chip_I2CM_Read
 .text.Chip_PMU_SleepState
                0x00007998        0x8 /home/django/Documents/Foxy/Gitting/foxyrfid/NFC/SW3647/workspace_ntag_i2c_plus/lpc_chip_11uxx_lib/Debug/liblpc_chip_11uxx_lib.a(pmu_11xx.o)
                0x00007998                Chip_PMU_SleepState
 .text.Chip_SYSCTL_PowerUp
                0x000079a0       0x24 /home/django/Documents/Foxy/Gitting/foxyrfid/NFC/SW3647/workspace_ntag_i2c_plus/lpc_chip_11uxx_lib/Debug/liblpc_chip_11uxx_lib.a(sysctl_11xx.o)
                0x000079a0                Chip_SYSCTL_PowerUp
 .text.Chip_TIMER_Init
                0x000079c4       0x44 /home/django/Documents/Foxy/Gitting/foxyrfid/NFC/SW3647/workspace_ntag_i2c_plus/lpc_chip_11uxx_lib/Debug/liblpc_chip_11uxx_lib.a(timer_11xx.o)
                0x000079c4                Chip_TIMER_Init
 .text.Chip_TIMER_Reset
                0x00007a08       0x18 /home/django/Documents/Foxy/Gitting/foxyrfid/NFC/SW3647/workspace_ntag_i2c_plus/lpc_chip_11uxx_lib/Debug/liblpc_chip_11uxx_lib.a(timer_11xx.o)
                0x00007a08                Chip_TIMER_Reset
 .text.memcpy   0x00007a20        0x8 /usr/local/lpcxpresso_8.2.2_650/lpcxpresso/tools/bin/../lib/gcc/arm-none-eabi/5.4.1/../../../../arm-none-eabi/lib/armv6-m/libcr_c.a(memcpy.o)
                0x00007a20                memcpy
 .text.memset   0x00007a28        0x8 /usr/local/lpcxpresso_8.2.2_650/lpcxpresso/tools/bin/../lib/gcc/arm-none-eabi/5.4.1/../../../../arm-none-eabi/lib/armv6-m/libcr_c.a(memset.o)
                0x00007a28                memset
 .text.__weak_main
                0x00007a30        0x8 /usr/local/lpcxpresso_8.2.2_650/lpcxpresso/tools/bin/../lib/gcc/arm-none-eabi/5.4.1/../../../../arm-none-eabi/lib/armv6-m/libcr_c.a(__weak__main.o)
                0x00007a30                __main
                0x00007a30                __weak_main
 .text.strncmp  0x00007a38       0x54 /usr/local/lpcxpresso_8.2.2_650/lpcxpresso/tools/bin/../lib/gcc/arm-none-eabi/5.4.1/../../../../arm-none-eabi/lib/armv6-m/libcr_c.a(strncmp.o)
                0x00007a38                strncmp
 .text.__aeabi_division_idivmod
                0x00007a8c       0x78 /usr/local/lpcxpresso_8.2.2_650/lpcxpresso/tools/bin/../lib/gcc/arm-none-eabi/5.4.1/armv6-m/libcr_eabihelpers.a(division_32.o)
                0x00007a8c                __aeabi_idiv
                0x00007a8c                __aeabi_idivmod
                0x00007a92                __aeabi_uidiv
                0x00007a92                __aeabi_uidivmod
 .text.__aeabi_division_idiv0
                0x00007b04        0x2 /usr/local/lpcxpresso_8.2.2_650/lpcxpresso/tools/bin/../lib/gcc/arm-none-eabi/5.4.1/armv6-m/libcr_eabihelpers.a(division_idiv0.o)
                0x00007b04                __aeabi_idiv0
 .text.__aeabi_memcpy
                0x00007b06       0x2c /usr/local/lpcxpresso_8.2.2_650/lpcxpresso/tools/bin/../lib/gcc/arm-none-eabi/5.4.1/armv6-m/libcr_eabihelpers.a(memcpy.o)
                0x00007b06                __aeabi_memcpy
                0x00007b06                __aeabi_memcpy4
                0x00007b06                __aeabi_memcpy8
 .text.__aeabi_memset_lowlevel
                0x00007b32       0x2a /usr/local/lpcxpresso_8.2.2_650/lpcxpresso/tools/bin/../lib/gcc/arm-none-eabi/5.4.1/armv6-m/libcr_eabihelpers.a(memcpy.o)
                0x00007b32                __aeabi_lowlevel_memset
 *(.rodata .rodata.* .constdata .constdata.*)
 .rodata.Default_BeginingOfMemory
                0x00007b5c       0x80 ./src/main.o
 .rodata.Null_Block
                0x00007bdc       0x10 ./src/main.o
 .rodata.Default_Page_56
                0x00007bec       0x10 ./src/main.o
 .rodata.Default_Page_57
                0x00007bfc       0x10 ./src/main.o
 .rodata.Default_Page_58
                0x00007c0c       0x10 ./src/main.o
 .rodata.main   0x00007c1c       0x50 ./src/main.o
 .rodata        0x00007c6c       0x3d ./src/main.o
 *fill*         0x00007ca9        0x3 ff
 .rodata        0x00007cac      0x194 ./src/ndef_parser.o
 .rodata.getUriType
                0x00007e40       0x90 ./src/ndef_parser.o
 .rodata.NTAG_WaitForEvent
                0x00007ed0       0x78 /home/django/Documents/Foxy/Gitting/foxyrfid/NFC/SW3647/workspace_ntag_i2c_plus/NTAG_I2C_API/Debug/libNTAG_I2C_API.a(ntag_bridge.o)
 .rodata.OscRateIn
                0x00007f48        0x4 /home/django/Documents/Foxy/Gitting/foxyrfid/NFC/SW3647/workspace_ntag_i2c_plus/nxp_lpcxpresso_11u24h_board_lib/Debug/libnxp_lpcxpresso_11u24h_board_lib.a(board.o)
                0x00007f48                OscRateIn
 .rodata.ledBits
                0x00007f4c        0x3 /home/django/Documents/Foxy/Gitting/foxyrfid/NFC/SW3647/workspace_ntag_i2c_plus/nxp_lpcxpresso_11u24h_board_lib/Debug/libnxp_lpcxpresso_11u24h_board_lib.a(board.o)
 *fill*         0x00007f4f        0x1 ff
 .rodata.wdtOSCRate
                0x00007f50       0x40 /home/django/Documents/Foxy/Gitting/foxyrfid/NFC/SW3647/workspace_ntag_i2c_plus/lpc_chip_11uxx_lib/Debug/liblpc_chip_11uxx_lib.a(clock_11xx.o)
                0x00007f90                . = ALIGN (0x4)

.glue_7         0x00007f90        0x0
 .glue_7        0x00007f90        0x0 linker stubs

.glue_7t        0x00007f90        0x0
 .glue_7t       0x00007f90        0x0 linker stubs

.vfp11_veneer   0x00007f90        0x0
 .vfp11_veneer  0x00007f90        0x0 linker stubs

.v4_bx          0x00007f90        0x0
 .v4_bx         0x00007f90        0x0 linker stubs

.iplt           0x00007f90        0x0
 .iplt          0x00007f90        0x0 ./src/HW_functions.o

.rel.dyn        0x00007f90        0x0
 .rel.iplt      0x00007f90        0x0 ./src/HW_functions.o

.ARM.extab
 *(.ARM.extab* .gnu.linkonce.armextab.*)
                0x00007f90                __exidx_start = .

.ARM.exidx
 *(.ARM.exidx* .gnu.linkonce.armexidx.*)
                0x00007f90                __exidx_end = .
                0x00007f90                _etext = .

.uninit_RESERVED
                0x10000200        0x0
 *(.bss.$RESERVED*)
                0x10000200                . = ALIGN (0x4)
                0x10000200                _end_uninit_RESERVED = .

.data           0x10000200       0x48 load address 0x00007f90
 FILL mask 0xff
                0x10000200                _data = .
 *(vtable)
 *(.ramfunc*)
 *(.data*)
 .data.ntag_device_list
                0x10000200       0x30 /home/django/Documents/Foxy/Gitting/foxyrfid/NFC/SW3647/workspace_ntag_i2c_plus/NTAG_I2C_API/Debug/libNTAG_I2C_API.a(ntag_driver.o)
                0x10000200                ntag_device_list
 .data.isr_callback_list
                0x10000230       0x18 /home/django/Documents/Foxy/Gitting/foxyrfid/NFC/SW3647/workspace_ntag_i2c_plus/NTAG_I2C_API/Debug/libNTAG_I2C_API.a(isr_common.o)
                0x10000230                isr_callback_list
                0x10000248                . = ALIGN (0x4)
                0x10000248                _edata = .

.igot.plt       0x10000248        0x0 load address 0x00007fd8
 .igot.plt      0x10000248        0x0 ./src/HW_functions.o

.bss            0x10000248      0x484 load address 0x00007fd8
                0x10000248                _bss = .
 *(.bss*)
 .bss.crc32_table
                0x10000248      0x400 ./src/crc32.o
 .bss.crc32_table_computed
                0x10000648        0x4 ./src/crc32.o
 .bss.i2cHandleMaster
                0x1000064c        0x4 ./src/main.o
 .bss.sram_buf  0x10000650       0x40 ./src/main.o
 .bss.init_cube_demo
                0x10000690        0x1 ./src/main.o
                0x10000690                init_cube_demo
 .bss.init_led_demo
                0x10000691        0x1 ./src/main.o
                0x10000691                init_led_demo
 *fill*         0x10000692        0x2 
 .bss.timer     0x10000694        0x4 /home/django/Documents/Foxy/Gitting/foxyrfid/NFC/SW3647/workspace_ntag_i2c_plus/NTAG_I2C_API/Debug/libNTAG_I2C_API.a(timer_lpc.o)
 .bss.command.5676
                0x10000698       0x10 /home/django/Documents/Foxy/Gitting/foxyrfid/NFC/SW3647/workspace_ntag_i2c_plus/nxp_lpcxpresso_11u24h_board_lib/Debug/libnxp_lpcxpresso_11u24h_board_lib.a(board_sysinit.o)
 .bss.result.5677
                0x100006a8        0xc /home/django/Documents/Foxy/Gitting/foxyrfid/NFC/SW3647/workspace_ntag_i2c_plus/nxp_lpcxpresso_11u24h_board_lib/Debug/libnxp_lpcxpresso_11u24h_board_lib.a(board_sysinit.o)
 *(COMMON)
 COMMON         0x100006b4       0x12 ./src/HW_functions.o
                0x100006b4                ntag_handle
                0x100006b8                rom
                0x100006bc                CHAR_BOARD_MAJ
                0x100006c0                CurrentDisplay
                0x100006c4                CHAR_BOARD_MIN
                0x100006c5                error
 *fill*         0x100006c6        0x2 
 COMMON         0x100006c8        0x4 /home/django/Documents/Foxy/Gitting/foxyrfid/NFC/SW3647/workspace_ntag_i2c_plus/lpc_chip_11uxx_lib/Debug/liblpc_chip_11uxx_lib.a(chip_11xx.o)
                0x100006c8                SystemCoreClock
                0x100006cc                . = ALIGN (0x4)
                0x100006cc                _ebss = .
                [!provide]                PROVIDE (end, .)

.noinit         0x100006cc        0x0 load address 0x00007fd8
                0x100006cc                _noinit = .
 *(.noinit*)
                0x100006cc                . = ALIGN (0x4)
                0x100006cc                _end_noinit = .
                [!provide]                PROVIDE (_pvHeapStart, DEFINED (__user_heap_base)?__user_heap_base:.)
                0x10001fe0                PROVIDE (_vStackTop, DEFINED (__user_stack_top)?__user_stack_top:(__top_RamLoc8 - 0x0))
                [!provide]                PROVIDE (__valid_user_code_checksum, (0x0 - (((_vStackTop + (ResetISR + 0x1)) + (DEFINED (NMI_Handler)?NMI_Handler:M0_NMI_Handler + 0x1)) + (DEFINED (HardFault_Handler)?HardFault_Handler:M0_HardFault_Handler + 0x1))))
OUTPUT(NTAG_I2C_Explorer_Demo.axf elf32-littlearm)

.debug_info     0x00000000     0xbb8d
 .debug_info    0x00000000     0x100b ./src/HW_functions.o
 .debug_info    0x0000100b      0x1b3 ./src/crc32.o
 .debug_info    0x000011be     0x1617 ./src/main.o
 .debug_info    0x000027d5      0x2bf ./src/ndef_parser.o
 .debug_info    0x00002a94      0x5cf /home/django/Documents/Foxy/Gitting/foxyrfid/NFC/SW3647/workspace_ntag_i2c_plus/NTAG_I2C_API/Debug/libNTAG_I2C_API.a(timer_lpc.o)
 .debug_info    0x00003063      0xa56 /home/django/Documents/Foxy/Gitting/foxyrfid/NFC/SW3647/workspace_ntag_i2c_plus/NTAG_I2C_API/Debug/libNTAG_I2C_API.a(ntag_bridge.o)
 .debug_info    0x00003ab9      0x7e7 /home/django/Documents/Foxy/Gitting/foxyrfid/NFC/SW3647/workspace_ntag_i2c_plus/NTAG_I2C_API/Debug/libNTAG_I2C_API.a(ntag_driver.o)
 .debug_info    0x000042a0      0x401 /home/django/Documents/Foxy/Gitting/foxyrfid/NFC/SW3647/workspace_ntag_i2c_plus/NTAG_I2C_API/Debug/libNTAG_I2C_API.a(isr_common.o)
 .debug_info    0x000046a1      0xc6b /home/django/Documents/Foxy/Gitting/foxyrfid/NFC/SW3647/workspace_ntag_i2c_plus/NTAG_I2C_API/Debug/libNTAG_I2C_API.a(isr_lpc11u6x.o)
 .debug_info    0x0000530c      0x4f9 /home/django/Documents/Foxy/Gitting/foxyrfid/NFC/SW3647/workspace_ntag_i2c_plus/NTAG_I2C_API/Debug/libNTAG_I2C_API.a(i2c_lpc11u37h.o)
 .debug_info    0x00005805      0x208 /home/django/Documents/Foxy/Gitting/foxyrfid/NFC/SW3647/workspace_ntag_i2c_plus/NTAG_I2C_API/Debug/libNTAG_I2C_API.a(cr_startup_lpc11u.o)
 .debug_info    0x00005a0d      0x1dc /home/django/Documents/Foxy/Gitting/foxyrfid/NFC/SW3647/workspace_ntag_i2c_plus/NTAG_I2C_API/Debug/libNTAG_I2C_API.a(sysinit.o)
 .debug_info    0x00005be9      0x6c9 /home/django/Documents/Foxy/Gitting/foxyrfid/NFC/SW3647/workspace_ntag_i2c_plus/nxp_lpcxpresso_11u24h_board_lib/Debug/libnxp_lpcxpresso_11u24h_board_lib.a(board.o)
 .debug_info    0x000062b2      0xba8 /home/django/Documents/Foxy/Gitting/foxyrfid/NFC/SW3647/workspace_ntag_i2c_plus/nxp_lpcxpresso_11u24h_board_lib/Debug/libnxp_lpcxpresso_11u24h_board_lib.a(board_sysinit.o)
 .debug_info    0x00006e5a     0x101c /home/django/Documents/Foxy/Gitting/foxyrfid/NFC/SW3647/workspace_ntag_i2c_plus/lpc_chip_11uxx_lib/Debug/liblpc_chip_11uxx_lib.a(adc_11xx.o)
 .debug_info    0x00007e76      0x1c9 /home/django/Documents/Foxy/Gitting/foxyrfid/NFC/SW3647/workspace_ntag_i2c_plus/lpc_chip_11uxx_lib/Debug/liblpc_chip_11uxx_lib.a(chip_11xx.o)
 .debug_info    0x0000803f      0xc31 /home/django/Documents/Foxy/Gitting/foxyrfid/NFC/SW3647/workspace_ntag_i2c_plus/lpc_chip_11uxx_lib/Debug/liblpc_chip_11uxx_lib.a(clock_11xx.o)
 .debug_info    0x00008c70      0xaf9 /home/django/Documents/Foxy/Gitting/foxyrfid/NFC/SW3647/workspace_ntag_i2c_plus/lpc_chip_11uxx_lib/Debug/liblpc_chip_11uxx_lib.a(gpio_11xx_1.o)
 .debug_info    0x00009769      0xfd6 /home/django/Documents/Foxy/Gitting/foxyrfid/NFC/SW3647/workspace_ntag_i2c_plus/lpc_chip_11uxx_lib/Debug/liblpc_chip_11uxx_lib.a(i2cm_11xx.o)
 .debug_info    0x0000a73f      0x445 /home/django/Documents/Foxy/Gitting/foxyrfid/NFC/SW3647/workspace_ntag_i2c_plus/lpc_chip_11uxx_lib/Debug/liblpc_chip_11uxx_lib.a(pmu_11xx.o)
 .debug_info    0x0000ab84      0x684 /home/django/Documents/Foxy/Gitting/foxyrfid/NFC/SW3647/workspace_ntag_i2c_plus/lpc_chip_11uxx_lib/Debug/liblpc_chip_11uxx_lib.a(sysctl_11xx.o)
 .debug_info    0x0000b208      0x985 /home/django/Documents/Foxy/Gitting/foxyrfid/NFC/SW3647/workspace_ntag_i2c_plus/lpc_chip_11uxx_lib/Debug/liblpc_chip_11uxx_lib.a(timer_11xx.o)

.debug_abbrev   0x00000000     0x2c38
 .debug_abbrev  0x00000000      0x302 ./src/HW_functions.o
 .debug_abbrev  0x00000302       0xc9 ./src/crc32.o
 .debug_abbrev  0x000003cb      0x401 ./src/main.o
 .debug_abbrev  0x000007cc      0x10a ./src/ndef_parser.o
 .debug_abbrev  0x000008d6      0x234 /home/django/Documents/Foxy/Gitting/foxyrfid/NFC/SW3647/workspace_ntag_i2c_plus/NTAG_I2C_API/Debug/libNTAG_I2C_API.a(timer_lpc.o)
 .debug_abbrev  0x00000b0a      0x189 /home/django/Documents/Foxy/Gitting/foxyrfid/NFC/SW3647/workspace_ntag_i2c_plus/NTAG_I2C_API/Debug/libNTAG_I2C_API.a(ntag_bridge.o)
 .debug_abbrev  0x00000c93      0x201 /home/django/Documents/Foxy/Gitting/foxyrfid/NFC/SW3647/workspace_ntag_i2c_plus/NTAG_I2C_API/Debug/libNTAG_I2C_API.a(ntag_driver.o)
 .debug_abbrev  0x00000e94      0x16f /home/django/Documents/Foxy/Gitting/foxyrfid/NFC/SW3647/workspace_ntag_i2c_plus/NTAG_I2C_API/Debug/libNTAG_I2C_API.a(isr_common.o)
 .debug_abbrev  0x00001003      0x271 /home/django/Documents/Foxy/Gitting/foxyrfid/NFC/SW3647/workspace_ntag_i2c_plus/NTAG_I2C_API/Debug/libNTAG_I2C_API.a(isr_lpc11u6x.o)
 .debug_abbrev  0x00001274      0x19e /home/django/Documents/Foxy/Gitting/foxyrfid/NFC/SW3647/workspace_ntag_i2c_plus/NTAG_I2C_API/Debug/libNTAG_I2C_API.a(i2c_lpc11u37h.o)
 .debug_abbrev  0x00001412       0xf5 /home/django/Documents/Foxy/Gitting/foxyrfid/NFC/SW3647/workspace_ntag_i2c_plus/NTAG_I2C_API/Debug/libNTAG_I2C_API.a(cr_startup_lpc11u.o)
 .debug_abbrev  0x00001507       0xe6 /home/django/Documents/Foxy/Gitting/foxyrfid/NFC/SW3647/workspace_ntag_i2c_plus/NTAG_I2C_API/Debug/libNTAG_I2C_API.a(sysinit.o)
 .debug_abbrev  0x000015ed      0x283 /home/django/Documents/Foxy/Gitting/foxyrfid/NFC/SW3647/workspace_ntag_i2c_plus/nxp_lpcxpresso_11u24h_board_lib/Debug/libnxp_lpcxpresso_11u24h_board_lib.a(board.o)
 .debug_abbrev  0x00001870      0x28c /home/django/Documents/Foxy/Gitting/foxyrfid/NFC/SW3647/workspace_ntag_i2c_plus/nxp_lpcxpresso_11u24h_board_lib/Debug/libnxp_lpcxpresso_11u24h_board_lib.a(board_sysinit.o)
 .debug_abbrev  0x00001afc      0x341 /home/django/Documents/Foxy/Gitting/foxyrfid/NFC/SW3647/workspace_ntag_i2c_plus/lpc_chip_11uxx_lib/Debug/liblpc_chip_11uxx_lib.a(adc_11xx.o)
 .debug_abbrev  0x00001e3d       0xeb /home/django/Documents/Foxy/Gitting/foxyrfid/NFC/SW3647/workspace_ntag_i2c_plus/lpc_chip_11uxx_lib/Debug/liblpc_chip_11uxx_lib.a(chip_11xx.o)
 .debug_abbrev  0x00001f28      0x2e9 /home/django/Documents/Foxy/Gitting/foxyrfid/NFC/SW3647/workspace_ntag_i2c_plus/lpc_chip_11uxx_lib/Debug/liblpc_chip_11uxx_lib.a(clock_11xx.o)
 .debug_abbrev  0x00002211      0x1f6 /home/django/Documents/Foxy/Gitting/foxyrfid/NFC/SW3647/workspace_ntag_i2c_plus/lpc_chip_11uxx_lib/Debug/liblpc_chip_11uxx_lib.a(gpio_11xx_1.o)
 .debug_abbrev  0x00002407      0x32f /home/django/Documents/Foxy/Gitting/foxyrfid/NFC/SW3647/workspace_ntag_i2c_plus/lpc_chip_11uxx_lib/Debug/liblpc_chip_11uxx_lib.a(i2cm_11xx.o)
 .debug_abbrev  0x00002736      0x1c7 /home/django/Documents/Foxy/Gitting/foxyrfid/NFC/SW3647/workspace_ntag_i2c_plus/lpc_chip_11uxx_lib/Debug/liblpc_chip_11uxx_lib.a(pmu_11xx.o)
 .debug_abbrev  0x000028fd      0x120 /home/django/Documents/Foxy/Gitting/foxyrfid/NFC/SW3647/workspace_ntag_i2c_plus/lpc_chip_11uxx_lib/Debug/liblpc_chip_11uxx_lib.a(sysctl_11xx.o)
 .debug_abbrev  0x00002a1d      0x21b /home/django/Documents/Foxy/Gitting/foxyrfid/NFC/SW3647/workspace_ntag_i2c_plus/lpc_chip_11uxx_lib/Debug/liblpc_chip_11uxx_lib.a(timer_11xx.o)

.debug_aranges  0x00000000      0x870
 .debug_aranges
                0x00000000      0x118 ./src/HW_functions.o
 .debug_aranges
                0x00000118       0x30 ./src/crc32.o
 .debug_aranges
                0x00000148      0x108 ./src/main.o
 .debug_aranges
                0x00000250       0x30 ./src/ndef_parser.o
 .debug_aranges
                0x00000280       0x48 /home/django/Documents/Foxy/Gitting/foxyrfid/NFC/SW3647/workspace_ntag_i2c_plus/NTAG_I2C_API/Debug/libNTAG_I2C_API.a(timer_lpc.o)
 .debug_aranges
                0x000002c8       0xe0 /home/django/Documents/Foxy/Gitting/foxyrfid/NFC/SW3647/workspace_ntag_i2c_plus/NTAG_I2C_API/Debug/libNTAG_I2C_API.a(ntag_bridge.o)
 .debug_aranges
                0x000003a8       0x78 /home/django/Documents/Foxy/Gitting/foxyrfid/NFC/SW3647/workspace_ntag_i2c_plus/NTAG_I2C_API/Debug/libNTAG_I2C_API.a(ntag_driver.o)
 .debug_aranges
                0x00000420       0x28 /home/django/Documents/Foxy/Gitting/foxyrfid/NFC/SW3647/workspace_ntag_i2c_plus/NTAG_I2C_API/Debug/libNTAG_I2C_API.a(isr_common.o)
 .debug_aranges
                0x00000448       0x78 /home/django/Documents/Foxy/Gitting/foxyrfid/NFC/SW3647/workspace_ntag_i2c_plus/NTAG_I2C_API/Debug/libNTAG_I2C_API.a(isr_lpc11u6x.o)
 .debug_aranges
                0x000004c0       0x58 /home/django/Documents/Foxy/Gitting/foxyrfid/NFC/SW3647/workspace_ntag_i2c_plus/NTAG_I2C_API/Debug/libNTAG_I2C_API.a(i2c_lpc11u37h.o)
 .debug_aranges
                0x00000518       0x60 /home/django/Documents/Foxy/Gitting/foxyrfid/NFC/SW3647/workspace_ntag_i2c_plus/NTAG_I2C_API/Debug/libNTAG_I2C_API.a(cr_startup_lpc11u.o)
 .debug_aranges
                0x00000578       0x28 /home/django/Documents/Foxy/Gitting/foxyrfid/NFC/SW3647/workspace_ntag_i2c_plus/NTAG_I2C_API/Debug/libNTAG_I2C_API.a(sysinit.o)
 .debug_aranges
                0x000005a0       0x38 /home/django/Documents/Foxy/Gitting/foxyrfid/NFC/SW3647/workspace_ntag_i2c_plus/nxp_lpcxpresso_11u24h_board_lib/Debug/libnxp_lpcxpresso_11u24h_board_lib.a(board.o)
 .debug_aranges
                0x000005d8       0x30 /home/django/Documents/Foxy/Gitting/foxyrfid/NFC/SW3647/workspace_ntag_i2c_plus/nxp_lpcxpresso_11u24h_board_lib/Debug/libnxp_lpcxpresso_11u24h_board_lib.a(board_sysinit.o)
 .debug_aranges
                0x00000608       0x78 /home/django/Documents/Foxy/Gitting/foxyrfid/NFC/SW3647/workspace_ntag_i2c_plus/lpc_chip_11uxx_lib/Debug/liblpc_chip_11uxx_lib.a(adc_11xx.o)
 .debug_aranges
                0x00000680       0x20 /home/django/Documents/Foxy/Gitting/foxyrfid/NFC/SW3647/workspace_ntag_i2c_plus/lpc_chip_11uxx_lib/Debug/liblpc_chip_11uxx_lib.a(chip_11xx.o)
 .debug_aranges
                0x000006a0       0x80 /home/django/Documents/Foxy/Gitting/foxyrfid/NFC/SW3647/workspace_ntag_i2c_plus/lpc_chip_11uxx_lib/Debug/liblpc_chip_11uxx_lib.a(clock_11xx.o)
 .debug_aranges
                0x00000720       0x48 /home/django/Documents/Foxy/Gitting/foxyrfid/NFC/SW3647/workspace_ntag_i2c_plus/lpc_chip_11uxx_lib/Debug/liblpc_chip_11uxx_lib.a(gpio_11xx_1.o)
 .debug_aranges
                0x00000768       0x58 /home/django/Documents/Foxy/Gitting/foxyrfid/NFC/SW3647/workspace_ntag_i2c_plus/lpc_chip_11uxx_lib/Debug/liblpc_chip_11uxx_lib.a(i2cm_11xx.o)
 .debug_aranges
                0x000007c0       0x40 /home/django/Documents/Foxy/Gitting/foxyrfid/NFC/SW3647/workspace_ntag_i2c_plus/lpc_chip_11uxx_lib/Debug/liblpc_chip_11uxx_lib.a(pmu_11xx.o)
 .debug_aranges
                0x00000800       0x38 /home/django/Documents/Foxy/Gitting/foxyrfid/NFC/SW3647/workspace_ntag_i2c_plus/lpc_chip_11uxx_lib/Debug/liblpc_chip_11uxx_lib.a(sysctl_11xx.o)
 .debug_aranges
                0x00000838       0x38 /home/django/Documents/Foxy/Gitting/foxyrfid/NFC/SW3647/workspace_ntag_i2c_plus/lpc_chip_11uxx_lib/Debug/liblpc_chip_11uxx_lib.a(timer_11xx.o)

.debug_ranges   0x00000000      0xc08
 .debug_ranges  0x00000000      0x108 ./src/HW_functions.o
 .debug_ranges  0x00000108       0x20 ./src/crc32.o
 .debug_ranges  0x00000128       0xf8 ./src/main.o
 .debug_ranges  0x00000220       0x20 ./src/ndef_parser.o
 .debug_ranges  0x00000240       0x38 /home/django/Documents/Foxy/Gitting/foxyrfid/NFC/SW3647/workspace_ntag_i2c_plus/NTAG_I2C_API/Debug/libNTAG_I2C_API.a(timer_lpc.o)
 .debug_ranges  0x00000278       0xd0 /home/django/Documents/Foxy/Gitting/foxyrfid/NFC/SW3647/workspace_ntag_i2c_plus/NTAG_I2C_API/Debug/libNTAG_I2C_API.a(ntag_bridge.o)
 .debug_ranges  0x00000348       0xc8 /home/django/Documents/Foxy/Gitting/foxyrfid/NFC/SW3647/workspace_ntag_i2c_plus/NTAG_I2C_API/Debug/libNTAG_I2C_API.a(ntag_driver.o)
 .debug_ranges  0x00000410       0x18 /home/django/Documents/Foxy/Gitting/foxyrfid/NFC/SW3647/workspace_ntag_i2c_plus/NTAG_I2C_API/Debug/libNTAG_I2C_API.a(isr_common.o)
 .debug_ranges  0x00000428       0x68 /home/django/Documents/Foxy/Gitting/foxyrfid/NFC/SW3647/workspace_ntag_i2c_plus/NTAG_I2C_API/Debug/libNTAG_I2C_API.a(isr_lpc11u6x.o)
 .debug_ranges  0x00000490       0x48 /home/django/Documents/Foxy/Gitting/foxyrfid/NFC/SW3647/workspace_ntag_i2c_plus/NTAG_I2C_API/Debug/libNTAG_I2C_API.a(i2c_lpc11u37h.o)
 .debug_ranges  0x000004d8       0x50 /home/django/Documents/Foxy/Gitting/foxyrfid/NFC/SW3647/workspace_ntag_i2c_plus/NTAG_I2C_API/Debug/libNTAG_I2C_API.a(cr_startup_lpc11u.o)
 .debug_ranges  0x00000528       0x18 /home/django/Documents/Foxy/Gitting/foxyrfid/NFC/SW3647/workspace_ntag_i2c_plus/NTAG_I2C_API/Debug/libNTAG_I2C_API.a(sysinit.o)
 .debug_ranges  0x00000540       0xa0 /home/django/Documents/Foxy/Gitting/foxyrfid/NFC/SW3647/workspace_ntag_i2c_plus/nxp_lpcxpresso_11u24h_board_lib/Debug/libnxp_lpcxpresso_11u24h_board_lib.a(board.o)
 .debug_ranges  0x000005e0       0x88 /home/django/Documents/Foxy/Gitting/foxyrfid/NFC/SW3647/workspace_ntag_i2c_plus/nxp_lpcxpresso_11u24h_board_lib/Debug/libnxp_lpcxpresso_11u24h_board_lib.a(board_sysinit.o)
 .debug_ranges  0x00000668      0x120 /home/django/Documents/Foxy/Gitting/foxyrfid/NFC/SW3647/workspace_ntag_i2c_plus/lpc_chip_11uxx_lib/Debug/liblpc_chip_11uxx_lib.a(adc_11xx.o)
 .debug_ranges  0x00000788       0x10 /home/django/Documents/Foxy/Gitting/foxyrfid/NFC/SW3647/workspace_ntag_i2c_plus/lpc_chip_11uxx_lib/Debug/liblpc_chip_11uxx_lib.a(chip_11xx.o)
 .debug_ranges  0x00000798      0x158 /home/django/Documents/Foxy/Gitting/foxyrfid/NFC/SW3647/workspace_ntag_i2c_plus/lpc_chip_11uxx_lib/Debug/liblpc_chip_11uxx_lib.a(clock_11xx.o)
 .debug_ranges  0x000008f0       0x98 /home/django/Documents/Foxy/Gitting/foxyrfid/NFC/SW3647/workspace_ntag_i2c_plus/lpc_chip_11uxx_lib/Debug/liblpc_chip_11uxx_lib.a(gpio_11xx_1.o)
 .debug_ranges  0x00000988      0x1a0 /home/django/Documents/Foxy/Gitting/foxyrfid/NFC/SW3647/workspace_ntag_i2c_plus/lpc_chip_11uxx_lib/Debug/liblpc_chip_11uxx_lib.a(i2cm_11xx.o)
 .debug_ranges  0x00000b28       0x30 /home/django/Documents/Foxy/Gitting/foxyrfid/NFC/SW3647/workspace_ntag_i2c_plus/lpc_chip_11uxx_lib/Debug/liblpc_chip_11uxx_lib.a(pmu_11xx.o)
 .debug_ranges  0x00000b58       0x28 /home/django/Documents/Foxy/Gitting/foxyrfid/NFC/SW3647/workspace_ntag_i2c_plus/lpc_chip_11uxx_lib/Debug/liblpc_chip_11uxx_lib.a(sysctl_11xx.o)
 .debug_ranges  0x00000b80       0x88 /home/django/Documents/Foxy/Gitting/foxyrfid/NFC/SW3647/workspace_ntag_i2c_plus/lpc_chip_11uxx_lib/Debug/liblpc_chip_11uxx_lib.a(timer_11xx.o)

.debug_line     0x00000000     0x5609
 .debug_line    0x00000000      0x660 ./src/HW_functions.o
 .debug_line    0x00000660      0x141 ./src/crc32.o
 .debug_line    0x000007a1      0x918 ./src/main.o
 .debug_line    0x000010b9      0x149 ./src/ndef_parser.o
 .debug_line    0x00001202      0x514 /home/django/Documents/Foxy/Gitting/foxyrfid/NFC/SW3647/workspace_ntag_i2c_plus/NTAG_I2C_API/Debug/libNTAG_I2C_API.a(timer_lpc.o)
 .debug_line    0x00001716      0x8e0 /home/django/Documents/Foxy/Gitting/foxyrfid/NFC/SW3647/workspace_ntag_i2c_plus/NTAG_I2C_API/Debug/libNTAG_I2C_API.a(ntag_bridge.o)
 .debug_line    0x00001ff6      0x8d1 /home/django/Documents/Foxy/Gitting/foxyrfid/NFC/SW3647/workspace_ntag_i2c_plus/NTAG_I2C_API/Debug/libNTAG_I2C_API.a(ntag_driver.o)
 .debug_line    0x000028c7      0x5a4 /home/django/Documents/Foxy/Gitting/foxyrfid/NFC/SW3647/workspace_ntag_i2c_plus/NTAG_I2C_API/Debug/libNTAG_I2C_API.a(isr_common.o)
 .debug_line    0x00002e6b      0x6a0 /home/django/Documents/Foxy/Gitting/foxyrfid/NFC/SW3647/workspace_ntag_i2c_plus/NTAG_I2C_API/Debug/libNTAG_I2C_API.a(isr_lpc11u6x.o)
 .debug_line    0x0000350b      0x538 /home/django/Documents/Foxy/Gitting/foxyrfid/NFC/SW3647/workspace_ntag_i2c_plus/NTAG_I2C_API/Debug/libNTAG_I2C_API.a(i2c_lpc11u37h.o)
 .debug_line    0x00003a43       0xc9 /home/django/Documents/Foxy/Gitting/foxyrfid/NFC/SW3647/workspace_ntag_i2c_plus/NTAG_I2C_API/Debug/libNTAG_I2C_API.a(cr_startup_lpc11u.o)
 .debug_line    0x00003b0c      0x3bb /home/django/Documents/Foxy/Gitting/foxyrfid/NFC/SW3647/workspace_ntag_i2c_plus/NTAG_I2C_API/Debug/libNTAG_I2C_API.a(sysinit.o)
 .debug_line    0x00003ec7      0x225 /home/django/Documents/Foxy/Gitting/foxyrfid/NFC/SW3647/workspace_ntag_i2c_plus/nxp_lpcxpresso_11u24h_board_lib/Debug/libnxp_lpcxpresso_11u24h_board_lib.a(board.o)
 .debug_line    0x000040ec      0x29d /home/django/Documents/Foxy/Gitting/foxyrfid/NFC/SW3647/workspace_ntag_i2c_plus/nxp_lpcxpresso_11u24h_board_lib/Debug/libnxp_lpcxpresso_11u24h_board_lib.a(board_sysinit.o)
 .debug_line    0x00004389      0x2ea /home/django/Documents/Foxy/Gitting/foxyrfid/NFC/SW3647/workspace_ntag_i2c_plus/lpc_chip_11uxx_lib/Debug/liblpc_chip_11uxx_lib.a(adc_11xx.o)
 .debug_line    0x00004673      0x124 /home/django/Documents/Foxy/Gitting/foxyrfid/NFC/SW3647/workspace_ntag_i2c_plus/lpc_chip_11uxx_lib/Debug/liblpc_chip_11uxx_lib.a(chip_11xx.o)
 .debug_line    0x00004797      0x307 /home/django/Documents/Foxy/Gitting/foxyrfid/NFC/SW3647/workspace_ntag_i2c_plus/lpc_chip_11uxx_lib/Debug/liblpc_chip_11uxx_lib.a(clock_11xx.o)
 .debug_line    0x00004a9e      0x206 /home/django/Documents/Foxy/Gitting/foxyrfid/NFC/SW3647/workspace_ntag_i2c_plus/lpc_chip_11uxx_lib/Debug/liblpc_chip_11uxx_lib.a(gpio_11xx_1.o)
 .debug_line    0x00004ca4      0x467 /home/django/Documents/Foxy/Gitting/foxyrfid/NFC/SW3647/workspace_ntag_i2c_plus/lpc_chip_11uxx_lib/Debug/liblpc_chip_11uxx_lib.a(i2cm_11xx.o)
 .debug_line    0x0000510b      0x1d0 /home/django/Documents/Foxy/Gitting/foxyrfid/NFC/SW3647/workspace_ntag_i2c_plus/lpc_chip_11uxx_lib/Debug/liblpc_chip_11uxx_lib.a(pmu_11xx.o)
 .debug_line    0x000052db      0x163 /home/django/Documents/Foxy/Gitting/foxyrfid/NFC/SW3647/workspace_ntag_i2c_plus/lpc_chip_11uxx_lib/Debug/liblpc_chip_11uxx_lib.a(sysctl_11xx.o)
 .debug_line    0x0000543e      0x1cb /home/django/Documents/Foxy/Gitting/foxyrfid/NFC/SW3647/workspace_ntag_i2c_plus/lpc_chip_11uxx_lib/Debug/liblpc_chip_11uxx_lib.a(timer_11xx.o)

.debug_str      0x00000000     0xb8f0
 .debug_str     0x00000000      0x83b ./src/HW_functions.o
                                0x92d (size before relaxing)
 .debug_str     0x0000083b       0x5a ./src/crc32.o
                                0x225 (size before relaxing)
 .debug_str     0x00000895      0xb43 ./src/main.o
                               0x11c0 (size before relaxing)
 .debug_str     0x000013d8       0xe1 ./src/ndef_parser.o
                                0x2a1 (size before relaxing)
 .debug_str     0x000014b9     0x7252 /home/django/Documents/Foxy/Gitting/foxyrfid/NFC/SW3647/workspace_ntag_i2c_plus/NTAG_I2C_API/Debug/libNTAG_I2C_API.a(timer_lpc.o)
                               0x76df (size before relaxing)
 .debug_str     0x0000870b      0xde9 /home/django/Documents/Foxy/Gitting/foxyrfid/NFC/SW3647/workspace_ntag_i2c_plus/NTAG_I2C_API/Debug/libNTAG_I2C_API.a(ntag_bridge.o)
                               0x8474 (size before relaxing)
 .debug_str     0x000094f4      0x461 /home/django/Documents/Foxy/Gitting/foxyrfid/NFC/SW3647/workspace_ntag_i2c_plus/NTAG_I2C_API/Debug/libNTAG_I2C_API.a(ntag_driver.o)
                               0x8367 (size before relaxing)
 .debug_str     0x00009955      0x5ea /home/django/Documents/Foxy/Gitting/foxyrfid/NFC/SW3647/workspace_ntag_i2c_plus/NTAG_I2C_API/Debug/libNTAG_I2C_API.a(isr_common.o)
                               0x7ae9 (size before relaxing)
 .debug_str     0x00009f3f      0x385 /home/django/Documents/Foxy/Gitting/foxyrfid/NFC/SW3647/workspace_ntag_i2c_plus/NTAG_I2C_API/Debug/libNTAG_I2C_API.a(isr_lpc11u6x.o)
                               0x81db (size before relaxing)
 .debug_str     0x0000a2c4      0x10c /home/django/Documents/Foxy/Gitting/foxyrfid/NFC/SW3647/workspace_ntag_i2c_plus/NTAG_I2C_API/Debug/libNTAG_I2C_API.a(i2c_lpc11u37h.o)
                               0x7baf (size before relaxing)
 .debug_str     0x0000a3d0      0x176 /home/django/Documents/Foxy/Gitting/foxyrfid/NFC/SW3647/workspace_ntag_i2c_plus/NTAG_I2C_API/Debug/libNTAG_I2C_API.a(cr_startup_lpc11u.o)
                               0x25ac (size before relaxing)
 .debug_str     0x0000a546       0x54 /home/django/Documents/Foxy/Gitting/foxyrfid/NFC/SW3647/workspace_ntag_i2c_plus/NTAG_I2C_API/Debug/libNTAG_I2C_API.a(sysinit.o)
                               0x7344 (size before relaxing)
 .debug_str     0x0000a59a      0x1f8 /home/django/Documents/Foxy/Gitting/foxyrfid/NFC/SW3647/workspace_ntag_i2c_plus/nxp_lpcxpresso_11u24h_board_lib/Debug/libnxp_lpcxpresso_11u24h_board_lib.a(board.o)
                                0x39c (size before relaxing)
 .debug_str     0x0000a792      0x2d5 /home/django/Documents/Foxy/Gitting/foxyrfid/NFC/SW3647/workspace_ntag_i2c_plus/nxp_lpcxpresso_11u24h_board_lib/Debug/libnxp_lpcxpresso_11u24h_board_lib.a(board_sysinit.o)
                                0x8ab (size before relaxing)
 .debug_str     0x0000aa67      0x4c2 /home/django/Documents/Foxy/Gitting/foxyrfid/NFC/SW3647/workspace_ntag_i2c_plus/lpc_chip_11uxx_lib/Debug/liblpc_chip_11uxx_lib.a(adc_11xx.o)
                                0xc0e (size before relaxing)
 .debug_str     0x0000af29       0x13 /home/django/Documents/Foxy/Gitting/foxyrfid/NFC/SW3647/workspace_ntag_i2c_plus/lpc_chip_11uxx_lib/Debug/liblpc_chip_11uxx_lib.a(chip_11xx.o)
                                0x265 (size before relaxing)
 .debug_str     0x0000af3c      0x3ac /home/django/Documents/Foxy/Gitting/foxyrfid/NFC/SW3647/workspace_ntag_i2c_plus/lpc_chip_11uxx_lib/Debug/liblpc_chip_11uxx_lib.a(clock_11xx.o)
                                0xa52 (size before relaxing)
 .debug_str     0x0000b2e8       0xd2 /home/django/Documents/Foxy/Gitting/foxyrfid/NFC/SW3647/workspace_ntag_i2c_plus/lpc_chip_11uxx_lib/Debug/liblpc_chip_11uxx_lib.a(gpio_11xx_1.o)
                                0x8b0 (size before relaxing)
 .debug_str     0x0000b3ba      0x294 /home/django/Documents/Foxy/Gitting/foxyrfid/NFC/SW3647/workspace_ntag_i2c_plus/lpc_chip_11uxx_lib/Debug/liblpc_chip_11uxx_lib.a(i2cm_11xx.o)
                                0xabb (size before relaxing)
 .debug_str     0x0000b64e      0x105 /home/django/Documents/Foxy/Gitting/foxyrfid/NFC/SW3647/workspace_ntag_i2c_plus/lpc_chip_11uxx_lib/Debug/liblpc_chip_11uxx_lib.a(pmu_11xx.o)
                                0x35c (size before relaxing)
 .debug_str     0x0000b753       0x7b /home/django/Documents/Foxy/Gitting/foxyrfid/NFC/SW3647/workspace_ntag_i2c_plus/lpc_chip_11uxx_lib/Debug/liblpc_chip_11uxx_lib.a(sysctl_11xx.o)
                                0x55b (size before relaxing)
 .debug_str     0x0000b7ce      0x122 /home/django/Documents/Foxy/Gitting/foxyrfid/NFC/SW3647/workspace_ntag_i2c_plus/lpc_chip_11uxx_lib/Debug/liblpc_chip_11uxx_lib.a(timer_11xx.o)
                                0x8c8 (size before relaxing)

.comment        0x00000000       0xdc
 .comment       0x00000000       0x6e ./src/HW_functions.o
                                 0x6f (size before relaxing)
 .comment       0x0000006e       0x6f ./src/crc32.o
 .comment       0x0000006e       0x6f ./src/main.o
 .comment       0x0000006e       0x6f ./src/ndef_parser.o
 .comment       0x0000006e       0x6f /home/django/Documents/Foxy/Gitting/foxyrfid/NFC/SW3647/workspace_ntag_i2c_plus/NTAG_I2C_API/Debug/libNTAG_I2C_API.a(timer_lpc.o)
 .comment       0x0000006e       0x6f /home/django/Documents/Foxy/Gitting/foxyrfid/NFC/SW3647/workspace_ntag_i2c_plus/NTAG_I2C_API/Debug/libNTAG_I2C_API.a(ntag_bridge.o)
 .comment       0x0000006e       0x6f /home/django/Documents/Foxy/Gitting/foxyrfid/NFC/SW3647/workspace_ntag_i2c_plus/NTAG_I2C_API/Debug/libNTAG_I2C_API.a(ntag_driver.o)
 .comment       0x0000006e       0x6f /home/django/Documents/Foxy/Gitting/foxyrfid/NFC/SW3647/workspace_ntag_i2c_plus/NTAG_I2C_API/Debug/libNTAG_I2C_API.a(isr_common.o)
 .comment       0x0000006e       0x6f /home/django/Documents/Foxy/Gitting/foxyrfid/NFC/SW3647/workspace_ntag_i2c_plus/NTAG_I2C_API/Debug/libNTAG_I2C_API.a(isr_lpc11u6x.o)
 .comment       0x0000006e       0x6f /home/django/Documents/Foxy/Gitting/foxyrfid/NFC/SW3647/workspace_ntag_i2c_plus/NTAG_I2C_API/Debug/libNTAG_I2C_API.a(i2c_lpc11u37h.o)
 .comment       0x0000006e       0x6f /home/django/Documents/Foxy/Gitting/foxyrfid/NFC/SW3647/workspace_ntag_i2c_plus/NTAG_I2C_API/Debug/libNTAG_I2C_API.a(cr_startup_lpc11u.o)
 .comment       0x0000006e       0x6f /home/django/Documents/Foxy/Gitting/foxyrfid/NFC/SW3647/workspace_ntag_i2c_plus/NTAG_I2C_API/Debug/libNTAG_I2C_API.a(sysinit.o)
 .comment       0x0000006e       0x6f /home/django/Documents/Foxy/Gitting/foxyrfid/NFC/SW3647/workspace_ntag_i2c_plus/nxp_lpcxpresso_11u24h_board_lib/Debug/libnxp_lpcxpresso_11u24h_board_lib.a(board.o)
 .comment       0x0000006e       0x6f /home/django/Documents/Foxy/Gitting/foxyrfid/NFC/SW3647/workspace_ntag_i2c_plus/nxp_lpcxpresso_11u24h_board_lib/Debug/libnxp_lpcxpresso_11u24h_board_lib.a(board_sysinit.o)
 .comment       0x0000006e       0x6f /home/django/Documents/Foxy/Gitting/foxyrfid/NFC/SW3647/workspace_ntag_i2c_plus/lpc_chip_11uxx_lib/Debug/liblpc_chip_11uxx_lib.a(adc_11xx.o)
 .comment       0x0000006e       0x6f /home/django/Documents/Foxy/Gitting/foxyrfid/NFC/SW3647/workspace_ntag_i2c_plus/lpc_chip_11uxx_lib/Debug/liblpc_chip_11uxx_lib.a(chip_11xx.o)
 .comment       0x0000006e       0x6f /home/django/Documents/Foxy/Gitting/foxyrfid/NFC/SW3647/workspace_ntag_i2c_plus/lpc_chip_11uxx_lib/Debug/liblpc_chip_11uxx_lib.a(clock_11xx.o)
 .comment       0x0000006e       0x6f /home/django/Documents/Foxy/Gitting/foxyrfid/NFC/SW3647/workspace_ntag_i2c_plus/lpc_chip_11uxx_lib/Debug/liblpc_chip_11uxx_lib.a(gpio_11xx_1.o)
 .comment       0x0000006e       0x6f /home/django/Documents/Foxy/Gitting/foxyrfid/NFC/SW3647/workspace_ntag_i2c_plus/lpc_chip_11uxx_lib/Debug/liblpc_chip_11uxx_lib.a(i2cm_11xx.o)
 .comment       0x0000006e       0x6f /home/django/Documents/Foxy/Gitting/foxyrfid/NFC/SW3647/workspace_ntag_i2c_plus/lpc_chip_11uxx_lib/Debug/liblpc_chip_11uxx_lib.a(pmu_11xx.o)
 .comment       0x0000006e       0x6f /home/django/Documents/Foxy/Gitting/foxyrfid/NFC/SW3647/workspace_ntag_i2c_plus/lpc_chip_11uxx_lib/Debug/liblpc_chip_11uxx_lib.a(sysctl_11xx.o)
 .comment       0x0000006e       0x6f /home/django/Documents/Foxy/Gitting/foxyrfid/NFC/SW3647/workspace_ntag_i2c_plus/lpc_chip_11uxx_lib/Debug/liblpc_chip_11uxx_lib.a(timer_11xx.o)
 .comment       0x0000006e       0x6e /usr/local/lpcxpresso_8.2.2_650/lpcxpresso/tools/bin/../lib/gcc/arm-none-eabi/5.4.1/../../../../arm-none-eabi/lib/armv6-m/libcr_c.a(memcpy.o)
                                 0x6f (size before relaxing)
 .comment       0x000000dc       0x6f /usr/local/lpcxpresso_8.2.2_650/lpcxpresso/tools/bin/../lib/gcc/arm-none-eabi/5.4.1/../../../../arm-none-eabi/lib/armv6-m/libcr_c.a(memset.o)
 .comment       0x000000dc       0x6f /usr/local/lpcxpresso_8.2.2_650/lpcxpresso/tools/bin/../lib/gcc/arm-none-eabi/5.4.1/../../../../arm-none-eabi/lib/armv6-m/libcr_c.a(__weak__main.o)
 .comment       0x000000dc       0x6f /usr/local/lpcxpresso_8.2.2_650/lpcxpresso/tools/bin/../lib/gcc/arm-none-eabi/5.4.1/../../../../arm-none-eabi/lib/armv6-m/libcr_c.a(strncmp.o)

.ARM.attributes
                0x00000000       0x2f
 .ARM.attributes
                0x00000000       0x31 ./src/HW_functions.o
 .ARM.attributes
                0x00000031       0x31 ./src/crc32.o
 .ARM.attributes
                0x00000062       0x31 ./src/main.o
 .ARM.attributes
                0x00000093       0x31 ./src/ndef_parser.o
 .ARM.attributes
                0x000000c4       0x31 /home/django/Documents/Foxy/Gitting/foxyrfid/NFC/SW3647/workspace_ntag_i2c_plus/NTAG_I2C_API/Debug/libNTAG_I2C_API.a(timer_lpc.o)
 .ARM.attributes
                0x000000f5       0x31 /home/django/Documents/Foxy/Gitting/foxyrfid/NFC/SW3647/workspace_ntag_i2c_plus/NTAG_I2C_API/Debug/libNTAG_I2C_API.a(ntag_bridge.o)
 .ARM.attributes
                0x00000126       0x31 /home/django/Documents/Foxy/Gitting/foxyrfid/NFC/SW3647/workspace_ntag_i2c_plus/NTAG_I2C_API/Debug/libNTAG_I2C_API.a(ntag_driver.o)
 .ARM.attributes
                0x00000157       0x31 /home/django/Documents/Foxy/Gitting/foxyrfid/NFC/SW3647/workspace_ntag_i2c_plus/NTAG_I2C_API/Debug/libNTAG_I2C_API.a(isr_common.o)
 .ARM.attributes
                0x00000188       0x31 /home/django/Documents/Foxy/Gitting/foxyrfid/NFC/SW3647/workspace_ntag_i2c_plus/NTAG_I2C_API/Debug/libNTAG_I2C_API.a(isr_lpc11u6x.o)
 .ARM.attributes
                0x000001b9       0x31 /home/django/Documents/Foxy/Gitting/foxyrfid/NFC/SW3647/workspace_ntag_i2c_plus/NTAG_I2C_API/Debug/libNTAG_I2C_API.a(i2c_lpc11u37h.o)
 .ARM.attributes
                0x000001ea       0x31 /home/django/Documents/Foxy/Gitting/foxyrfid/NFC/SW3647/workspace_ntag_i2c_plus/NTAG_I2C_API/Debug/libNTAG_I2C_API.a(cr_startup_lpc11u.o)
 .ARM.attributes
                0x0000021b       0x31 /home/django/Documents/Foxy/Gitting/foxyrfid/NFC/SW3647/workspace_ntag_i2c_plus/NTAG_I2C_API/Debug/libNTAG_I2C_API.a(sysinit.o)
 .ARM.attributes
                0x0000024c       0x31 /home/django/Documents/Foxy/Gitting/foxyrfid/NFC/SW3647/workspace_ntag_i2c_plus/nxp_lpcxpresso_11u24h_board_lib/Debug/libnxp_lpcxpresso_11u24h_board_lib.a(board.o)
 .ARM.attributes
                0x0000027d       0x31 /home/django/Documents/Foxy/Gitting/foxyrfid/NFC/SW3647/workspace_ntag_i2c_plus/nxp_lpcxpresso_11u24h_board_lib/Debug/libnxp_lpcxpresso_11u24h_board_lib.a(board_sysinit.o)
 .ARM.attributes
                0x000002ae       0x31 /home/django/Documents/Foxy/Gitting/foxyrfid/NFC/SW3647/workspace_ntag_i2c_plus/lpc_chip_11uxx_lib/Debug/liblpc_chip_11uxx_lib.a(adc_11xx.o)
 .ARM.attributes
                0x000002df       0x31 /home/django/Documents/Foxy/Gitting/foxyrfid/NFC/SW3647/workspace_ntag_i2c_plus/lpc_chip_11uxx_lib/Debug/liblpc_chip_11uxx_lib.a(chip_11xx.o)
 .ARM.attributes
                0x00000310       0x31 /home/django/Documents/Foxy/Gitting/foxyrfid/NFC/SW3647/workspace_ntag_i2c_plus/lpc_chip_11uxx_lib/Debug/liblpc_chip_11uxx_lib.a(clock_11xx.o)
 .ARM.attributes
                0x00000341       0x31 /home/django/Documents/Foxy/Gitting/foxyrfid/NFC/SW3647/workspace_ntag_i2c_plus/lpc_chip_11uxx_lib/Debug/liblpc_chip_11uxx_lib.a(gpio_11xx_1.o)
 .ARM.attributes
                0x00000372       0x31 /home/django/Documents/Foxy/Gitting/foxyrfid/NFC/SW3647/workspace_ntag_i2c_plus/lpc_chip_11uxx_lib/Debug/liblpc_chip_11uxx_lib.a(i2cm_11xx.o)
 .ARM.attributes
                0x000003a3       0x31 /home/django/Documents/Foxy/Gitting/foxyrfid/NFC/SW3647/workspace_ntag_i2c_plus/lpc_chip_11uxx_lib/Debug/liblpc_chip_11uxx_lib.a(pmu_11xx.o)
 .ARM.attributes
                0x000003d4       0x31 /home/django/Documents/Foxy/Gitting/foxyrfid/NFC/SW3647/workspace_ntag_i2c_plus/lpc_chip_11uxx_lib/Debug/liblpc_chip_11uxx_lib.a(sysctl_11xx.o)
 .ARM.attributes
                0x00000405       0x31 /home/django/Documents/Foxy/Gitting/foxyrfid/NFC/SW3647/workspace_ntag_i2c_plus/lpc_chip_11uxx_lib/Debug/liblpc_chip_11uxx_lib.a(timer_11xx.o)
 .ARM.attributes
                0x00000436       0x31 /usr/local/lpcxpresso_8.2.2_650/lpcxpresso/tools/bin/../lib/gcc/arm-none-eabi/5.4.1/../../../../arm-none-eabi/lib/armv6-m/libcr_c.a(memcpy.o)
 .ARM.attributes
                0x00000467       0x31 /usr/local/lpcxpresso_8.2.2_650/lpcxpresso/tools/bin/../lib/gcc/arm-none-eabi/5.4.1/../../../../arm-none-eabi/lib/armv6-m/libcr_c.a(memset.o)
 .ARM.attributes
                0x00000498       0x31 /usr/local/lpcxpresso_8.2.2_650/lpcxpresso/tools/bin/../lib/gcc/arm-none-eabi/5.4.1/../../../../arm-none-eabi/lib/armv6-m/libcr_c.a(__weak__main.o)
 .ARM.attributes
                0x000004c9       0x31 /usr/local/lpcxpresso_8.2.2_650/lpcxpresso/tools/bin/../lib/gcc/arm-none-eabi/5.4.1/../../../../arm-none-eabi/lib/armv6-m/libcr_c.a(strncmp.o)
 .ARM.attributes
                0x000004fa       0x21 /usr/local/lpcxpresso_8.2.2_650/lpcxpresso/tools/bin/../lib/gcc/arm-none-eabi/5.4.1/armv6-m/libcr_eabihelpers.a(division_32.o)
 .ARM.attributes
                0x0000051b       0x21 /usr/local/lpcxpresso_8.2.2_650/lpcxpresso/tools/bin/../lib/gcc/arm-none-eabi/5.4.1/armv6-m/libcr_eabihelpers.a(division_idiv0.o)
 .ARM.attributes
                0x0000053c       0x21 /usr/local/lpcxpresso_8.2.2_650/lpcxpresso/tools/bin/../lib/gcc/arm-none-eabi/5.4.1/armv6-m/libcr_eabihelpers.a(memcpy.o)

.debug_frame    0x00000000     0x17d4
 .debug_frame   0x00000000      0x3e8 ./src/HW_functions.o
 .debug_frame   0x000003e8       0x70 ./src/crc32.o
 .debug_frame   0x00000458      0x3bc ./src/main.o
 .debug_frame   0x00000814       0x70 ./src/ndef_parser.o
 .debug_frame   0x00000884       0xc8 /home/django/Documents/Foxy/Gitting/foxyrfid/NFC/SW3647/workspace_ntag_i2c_plus/NTAG_I2C_API/Debug/libNTAG_I2C_API.a(timer_lpc.o)
 .debug_frame   0x0000094c      0x330 /home/django/Documents/Foxy/Gitting/foxyrfid/NFC/SW3647/workspace_ntag_i2c_plus/NTAG_I2C_API/Debug/libNTAG_I2C_API.a(ntag_bridge.o)
 .debug_frame   0x00000c7c      0x190 /home/django/Documents/Foxy/Gitting/foxyrfid/NFC/SW3647/workspace_ntag_i2c_plus/NTAG_I2C_API/Debug/libNTAG_I2C_API.a(ntag_driver.o)
 .debug_frame   0x00000e0c       0x50 /home/django/Documents/Foxy/Gitting/foxyrfid/NFC/SW3647/workspace_ntag_i2c_plus/NTAG_I2C_API/Debug/libNTAG_I2C_API.a(isr_common.o)
 .debug_frame   0x00000e5c      0x194 /home/django/Documents/Foxy/Gitting/foxyrfid/NFC/SW3647/workspace_ntag_i2c_plus/NTAG_I2C_API/Debug/libNTAG_I2C_API.a(isr_lpc11u6x.o)
 .debug_frame   0x00000ff0      0x104 /home/django/Documents/Foxy/Gitting/foxyrfid/NFC/SW3647/workspace_ntag_i2c_plus/NTAG_I2C_API/Debug/libNTAG_I2C_API.a(i2c_lpc11u37h.o)
 .debug_frame   0x000010f4      0x118 /home/django/Documents/Foxy/Gitting/foxyrfid/NFC/SW3647/workspace_ntag_i2c_plus/NTAG_I2C_API/Debug/libNTAG_I2C_API.a(cr_startup_lpc11u.o)
 .debug_frame   0x0000120c       0x48 /home/django/Documents/Foxy/Gitting/foxyrfid/NFC/SW3647/workspace_ntag_i2c_plus/NTAG_I2C_API/Debug/libNTAG_I2C_API.a(sysinit.o)
 .debug_frame   0x00001254       0x5c /home/django/Documents/Foxy/Gitting/foxyrfid/NFC/SW3647/workspace_ntag_i2c_plus/nxp_lpcxpresso_11u24h_board_lib/Debug/libnxp_lpcxpresso_11u24h_board_lib.a(board.o)
 .debug_frame   0x000012b0       0x54 /home/django/Documents/Foxy/Gitting/foxyrfid/NFC/SW3647/workspace_ntag_i2c_plus/nxp_lpcxpresso_11u24h_board_lib/Debug/libnxp_lpcxpresso_11u24h_board_lib.a(board_sysinit.o)
 .debug_frame   0x00001304      0x124 /home/django/Documents/Foxy/Gitting/foxyrfid/NFC/SW3647/workspace_ntag_i2c_plus/lpc_chip_11uxx_lib/Debug/liblpc_chip_11uxx_lib.a(adc_11xx.o)
 .debug_frame   0x00001428       0x28 /home/django/Documents/Foxy/Gitting/foxyrfid/NFC/SW3647/workspace_ntag_i2c_plus/lpc_chip_11uxx_lib/Debug/liblpc_chip_11uxx_lib.a(chip_11xx.o)
 .debug_frame   0x00001450      0x100 /home/django/Documents/Foxy/Gitting/foxyrfid/NFC/SW3647/workspace_ntag_i2c_plus/lpc_chip_11uxx_lib/Debug/liblpc_chip_11uxx_lib.a(clock_11xx.o)
 .debug_frame   0x00001550       0x80 /home/django/Documents/Foxy/Gitting/foxyrfid/NFC/SW3647/workspace_ntag_i2c_plus/lpc_chip_11uxx_lib/Debug/liblpc_chip_11uxx_lib.a(gpio_11xx_1.o)
 .debug_frame   0x000015d0       0xe4 /home/django/Documents/Foxy/Gitting/foxyrfid/NFC/SW3647/workspace_ntag_i2c_plus/lpc_chip_11uxx_lib/Debug/liblpc_chip_11uxx_lib.a(i2cm_11xx.o)
 .debug_frame   0x000016b4       0x68 /home/django/Documents/Foxy/Gitting/foxyrfid/NFC/SW3647/workspace_ntag_i2c_plus/lpc_chip_11uxx_lib/Debug/liblpc_chip_11uxx_lib.a(pmu_11xx.o)
 .debug_frame   0x0000171c       0x58 /home/django/Documents/Foxy/Gitting/foxyrfid/NFC/SW3647/workspace_ntag_i2c_plus/lpc_chip_11uxx_lib/Debug/liblpc_chip_11uxx_lib.a(sysctl_11xx.o)
 .debug_frame   0x00001774       0x60 /home/django/Documents/Foxy/Gitting/foxyrfid/NFC/SW3647/workspace_ntag_i2c_plus/lpc_chip_11uxx_lib/Debug/liblpc_chip_11uxx_lib.a(timer_11xx.o)

.debug_macro    0x00000000     0x2c5e
 .debug_macro   0x00000000      0x1ac /home/django/Documents/Foxy/Gitting/foxyrfid/NFC/SW3647/workspace_ntag_i2c_plus/NTAG_I2C_API/Debug/libNTAG_I2C_API.a(timer_lpc.o)
 .debug_macro   0x000001ac      0x868 /home/django/Documents/Foxy/Gitting/foxyrfid/NFC/SW3647/workspace_ntag_i2c_plus/NTAG_I2C_API/Debug/libNTAG_I2C_API.a(timer_lpc.o)
 .debug_macro   0x00000a14       0x10 /home/django/Documents/Foxy/Gitting/foxyrfid/NFC/SW3647/workspace_ntag_i2c_plus/NTAG_I2C_API/Debug/libNTAG_I2C_API.a(timer_lpc.o)
 .debug_macro   0x00000a24      0x12d /home/django/Documents/Foxy/Gitting/foxyrfid/NFC/SW3647/workspace_ntag_i2c_plus/NTAG_I2C_API/Debug/libNTAG_I2C_API.a(timer_lpc.o)
 .debug_macro   0x00000b51      0x5b2 /home/django/Documents/Foxy/Gitting/foxyrfid/NFC/SW3647/workspace_ntag_i2c_plus/NTAG_I2C_API/Debug/libNTAG_I2C_API.a(timer_lpc.o)
 .debug_macro   0x00001103       0x22 /home/django/Documents/Foxy/Gitting/foxyrfid/NFC/SW3647/workspace_ntag_i2c_plus/NTAG_I2C_API/Debug/libNTAG_I2C_API.a(timer_lpc.o)
 .debug_macro   0x00001125       0x7b /home/django/Documents/Foxy/Gitting/foxyrfid/NFC/SW3647/workspace_ntag_i2c_plus/NTAG_I2C_API/Debug/libNTAG_I2C_API.a(timer_lpc.o)
 .debug_macro   0x000011a0       0x10 /home/django/Documents/Foxy/Gitting/foxyrfid/NFC/SW3647/workspace_ntag_i2c_plus/NTAG_I2C_API/Debug/libNTAG_I2C_API.a(timer_lpc.o)
 .debug_macro   0x000011b0       0x1f /home/django/Documents/Foxy/Gitting/foxyrfid/NFC/SW3647/workspace_ntag_i2c_plus/NTAG_I2C_API/Debug/libNTAG_I2C_API.a(timer_lpc.o)
 .debug_macro   0x000011cf       0x3a /home/django/Documents/Foxy/Gitting/foxyrfid/NFC/SW3647/workspace_ntag_i2c_plus/NTAG_I2C_API/Debug/libNTAG_I2C_API.a(timer_lpc.o)
 .debug_macro   0x00001209       0x1f /home/django/Documents/Foxy/Gitting/foxyrfid/NFC/SW3647/workspace_ntag_i2c_plus/NTAG_I2C_API/Debug/libNTAG_I2C_API.a(timer_lpc.o)
 .debug_macro   0x00001228      0x242 /home/django/Documents/Foxy/Gitting/foxyrfid/NFC/SW3647/workspace_ntag_i2c_plus/NTAG_I2C_API/Debug/libNTAG_I2C_API.a(timer_lpc.o)
 .debug_macro   0x0000146a      0x125 /home/django/Documents/Foxy/Gitting/foxyrfid/NFC/SW3647/workspace_ntag_i2c_plus/NTAG_I2C_API/Debug/libNTAG_I2C_API.a(timer_lpc.o)
 .debug_macro   0x0000158f       0x2e /home/django/Documents/Foxy/Gitting/foxyrfid/NFC/SW3647/workspace_ntag_i2c_plus/NTAG_I2C_API/Debug/libNTAG_I2C_API.a(timer_lpc.o)
 .debug_macro   0x000015bd       0xf1 /home/django/Documents/Foxy/Gitting/foxyrfid/NFC/SW3647/workspace_ntag_i2c_plus/NTAG_I2C_API/Debug/libNTAG_I2C_API.a(timer_lpc.o)
 .debug_macro   0x000016ae       0x10 /home/django/Documents/Foxy/Gitting/foxyrfid/NFC/SW3647/workspace_ntag_i2c_plus/NTAG_I2C_API/Debug/libNTAG_I2C_API.a(timer_lpc.o)
 .debug_macro   0x000016be      0x137 /home/django/Documents/Foxy/Gitting/foxyrfid/NFC/SW3647/workspace_ntag_i2c_plus/NTAG_I2C_API/Debug/libNTAG_I2C_API.a(timer_lpc.o)
 .debug_macro   0x000017f5       0x4c /home/django/Documents/Foxy/Gitting/foxyrfid/NFC/SW3647/workspace_ntag_i2c_plus/NTAG_I2C_API/Debug/libNTAG_I2C_API.a(timer_lpc.o)
 .debug_macro   0x00001841       0x4f /home/django/Documents/Foxy/Gitting/foxyrfid/NFC/SW3647/workspace_ntag_i2c_plus/NTAG_I2C_API/Debug/libNTAG_I2C_API.a(timer_lpc.o)
 .debug_macro   0x00001890       0x18 /home/django/Documents/Foxy/Gitting/foxyrfid/NFC/SW3647/workspace_ntag_i2c_plus/NTAG_I2C_API/Debug/libNTAG_I2C_API.a(timer_lpc.o)
 .debug_macro   0x000018a8       0x22 /home/django/Documents/Foxy/Gitting/foxyrfid/NFC/SW3647/workspace_ntag_i2c_plus/NTAG_I2C_API/Debug/libNTAG_I2C_API.a(timer_lpc.o)
 .debug_macro   0x000018ca       0x7c /home/django/Documents/Foxy/Gitting/foxyrfid/NFC/SW3647/workspace_ntag_i2c_plus/NTAG_I2C_API/Debug/libNTAG_I2C_API.a(timer_lpc.o)
 .debug_macro   0x00001946       0x1c /home/django/Documents/Foxy/Gitting/foxyrfid/NFC/SW3647/workspace_ntag_i2c_plus/NTAG_I2C_API/Debug/libNTAG_I2C_API.a(timer_lpc.o)
 .debug_macro   0x00001962       0x40 /home/django/Documents/Foxy/Gitting/foxyrfid/NFC/SW3647/workspace_ntag_i2c_plus/NTAG_I2C_API/Debug/libNTAG_I2C_API.a(timer_lpc.o)
 .debug_macro   0x000019a2      0x184 /home/django/Documents/Foxy/Gitting/foxyrfid/NFC/SW3647/workspace_ntag_i2c_plus/NTAG_I2C_API/Debug/libNTAG_I2C_API.a(timer_lpc.o)
 .debug_macro   0x00001b26       0x88 /home/django/Documents/Foxy/Gitting/foxyrfid/NFC/SW3647/workspace_ntag_i2c_plus/NTAG_I2C_API/Debug/libNTAG_I2C_API.a(timer_lpc.o)
 .debug_macro   0x00001bae       0x40 /home/django/Documents/Foxy/Gitting/foxyrfid/NFC/SW3647/workspace_ntag_i2c_plus/NTAG_I2C_API/Debug/libNTAG_I2C_API.a(timer_lpc.o)
 .debug_macro   0x00001bee       0x2e /home/django/Documents/Foxy/Gitting/foxyrfid/NFC/SW3647/workspace_ntag_i2c_plus/NTAG_I2C_API/Debug/libNTAG_I2C_API.a(timer_lpc.o)
 .debug_macro   0x00001c1c       0x51 /home/django/Documents/Foxy/Gitting/foxyrfid/NFC/SW3647/workspace_ntag_i2c_plus/NTAG_I2C_API/Debug/libNTAG_I2C_API.a(timer_lpc.o)
 .debug_macro   0x00001c6d       0xd2 /home/django/Documents/Foxy/Gitting/foxyrfid/NFC/SW3647/workspace_ntag_i2c_plus/NTAG_I2C_API/Debug/libNTAG_I2C_API.a(timer_lpc.o)
 .debug_macro   0x00001d3f       0x1c /home/django/Documents/Foxy/Gitting/foxyrfid/NFC/SW3647/workspace_ntag_i2c_plus/NTAG_I2C_API/Debug/libNTAG_I2C_API.a(timer_lpc.o)
 .debug_macro   0x00001d5b      0x1f7 /home/django/Documents/Foxy/Gitting/foxyrfid/NFC/SW3647/workspace_ntag_i2c_plus/NTAG_I2C_API/Debug/libNTAG_I2C_API.a(ntag_bridge.o)
 .debug_macro   0x00001f52       0x22 /home/django/Documents/Foxy/Gitting/foxyrfid/NFC/SW3647/workspace_ntag_i2c_plus/NTAG_I2C_API/Debug/libNTAG_I2C_API.a(ntag_bridge.o)
 .debug_macro   0x00001f74       0x73 /home/django/Documents/Foxy/Gitting/foxyrfid/NFC/SW3647/workspace_ntag_i2c_plus/NTAG_I2C_API/Debug/libNTAG_I2C_API.a(ntag_bridge.o)
 .debug_macro   0x00001fe7       0x16 /home/django/Documents/Foxy/Gitting/foxyrfid/NFC/SW3647/workspace_ntag_i2c_plus/NTAG_I2C_API/Debug/libNTAG_I2C_API.a(ntag_bridge.o)
 .debug_macro   0x00001ffd       0x5f /home/django/Documents/Foxy/Gitting/foxyrfid/NFC/SW3647/workspace_ntag_i2c_plus/NTAG_I2C_API/Debug/libNTAG_I2C_API.a(ntag_bridge.o)
 .debug_macro   0x0000205c      0x112 /home/django/Documents/Foxy/Gitting/foxyrfid/NFC/SW3647/workspace_ntag_i2c_plus/NTAG_I2C_API/Debug/libNTAG_I2C_API.a(ntag_bridge.o)
 .debug_macro   0x0000216e       0x22 /home/django/Documents/Foxy/Gitting/foxyrfid/NFC/SW3647/workspace_ntag_i2c_plus/NTAG_I2C_API/Debug/libNTAG_I2C_API.a(ntag_bridge.o)
 .debug_macro   0x00002190      0x231 /home/django/Documents/Foxy/Gitting/foxyrfid/NFC/SW3647/workspace_ntag_i2c_plus/NTAG_I2C_API/Debug/libNTAG_I2C_API.a(ntag_driver.o)
 .debug_macro   0x000023c1       0x2e /home/django/Documents/Foxy/Gitting/foxyrfid/NFC/SW3647/workspace_ntag_i2c_plus/NTAG_I2C_API/Debug/libNTAG_I2C_API.a(ntag_driver.o)
 .debug_macro   0x000023ef       0x16 /home/django/Documents/Foxy/Gitting/foxyrfid/NFC/SW3647/workspace_ntag_i2c_plus/NTAG_I2C_API/Debug/libNTAG_I2C_API.a(ntag_driver.o)
 .debug_macro   0x00002405      0x205 /home/django/Documents/Foxy/Gitting/foxyrfid/NFC/SW3647/workspace_ntag_i2c_plus/NTAG_I2C_API/Debug/libNTAG_I2C_API.a(isr_common.o)
 .debug_macro   0x0000260a       0x28 /home/django/Documents/Foxy/Gitting/foxyrfid/NFC/SW3647/workspace_ntag_i2c_plus/NTAG_I2C_API/Debug/libNTAG_I2C_API.a(isr_common.o)
 .debug_macro   0x00002632       0x52 /home/django/Documents/Foxy/Gitting/foxyrfid/NFC/SW3647/workspace_ntag_i2c_plus/NTAG_I2C_API/Debug/libNTAG_I2C_API.a(isr_common.o)
 .debug_macro   0x00002684       0x22 /home/django/Documents/Foxy/Gitting/foxyrfid/NFC/SW3647/workspace_ntag_i2c_plus/NTAG_I2C_API/Debug/libNTAG_I2C_API.a(isr_common.o)
 .debug_macro   0x000026a6      0x1d7 /home/django/Documents/Foxy/Gitting/foxyrfid/NFC/SW3647/workspace_ntag_i2c_plus/NTAG_I2C_API/Debug/libNTAG_I2C_API.a(isr_lpc11u6x.o)
 .debug_macro   0x0000287d       0x58 /home/django/Documents/Foxy/Gitting/foxyrfid/NFC/SW3647/workspace_ntag_i2c_plus/NTAG_I2C_API/Debug/libNTAG_I2C_API.a(isr_lpc11u6x.o)
 .debug_macro   0x000028d5      0x1b5 /home/django/Documents/Foxy/Gitting/foxyrfid/NFC/SW3647/workspace_ntag_i2c_plus/NTAG_I2C_API/Debug/libNTAG_I2C_API.a(i2c_lpc11u37h.o)
 .debug_macro   0x00002a8a       0x1d /home/django/Documents/Foxy/Gitting/foxyrfid/NFC/SW3647/workspace_ntag_i2c_plus/NTAG_I2C_API/Debug/libNTAG_I2C_API.a(cr_startup_lpc11u.o)
 .debug_macro   0x00002aa7      0x1b7 /home/django/Documents/Foxy/Gitting/foxyrfid/NFC/SW3647/workspace_ntag_i2c_plus/NTAG_I2C_API/Debug/libNTAG_I2C_API.a(sysinit.o)

.debug_loc      0x00000000     0x1d72
 .debug_loc     0x00000000      0x34e /home/django/Documents/Foxy/Gitting/foxyrfid/NFC/SW3647/workspace_ntag_i2c_plus/nxp_lpcxpresso_11u24h_board_lib/Debug/libnxp_lpcxpresso_11u24h_board_lib.a(board.o)
 .debug_loc     0x0000034e       0x4f /home/django/Documents/Foxy/Gitting/foxyrfid/NFC/SW3647/workspace_ntag_i2c_plus/nxp_lpcxpresso_11u24h_board_lib/Debug/libnxp_lpcxpresso_11u24h_board_lib.a(board_sysinit.o)
 .debug_loc     0x0000039d      0xa0c /home/django/Documents/Foxy/Gitting/foxyrfid/NFC/SW3647/workspace_ntag_i2c_plus/lpc_chip_11uxx_lib/Debug/liblpc_chip_11uxx_lib.a(adc_11xx.o)
 .debug_loc     0x00000da9      0x1a2 /home/django/Documents/Foxy/Gitting/foxyrfid/NFC/SW3647/workspace_ntag_i2c_plus/lpc_chip_11uxx_lib/Debug/liblpc_chip_11uxx_lib.a(clock_11xx.o)
 .debug_loc     0x00000f4b      0x34e /home/django/Documents/Foxy/Gitting/foxyrfid/NFC/SW3647/workspace_ntag_i2c_plus/lpc_chip_11uxx_lib/Debug/liblpc_chip_11uxx_lib.a(gpio_11xx_1.o)
 .debug_loc     0x00001299      0x844 /home/django/Documents/Foxy/Gitting/foxyrfid/NFC/SW3647/workspace_ntag_i2c_plus/lpc_chip_11uxx_lib/Debug/liblpc_chip_11uxx_lib.a(i2cm_11xx.o)
 .debug_loc     0x00001add       0x13 /home/django/Documents/Foxy/Gitting/foxyrfid/NFC/SW3647/workspace_ntag_i2c_plus/lpc_chip_11uxx_lib/Debug/liblpc_chip_11uxx_lib.a(pmu_11xx.o)
 .debug_loc     0x00001af0       0xbc /home/django/Documents/Foxy/Gitting/foxyrfid/NFC/SW3647/workspace_ntag_i2c_plus/lpc_chip_11uxx_lib/Debug/liblpc_chip_11uxx_lib.a(sysctl_11xx.o)
 .debug_loc     0x00001bac      0x1c6 /home/django/Documents/Foxy/Gitting/foxyrfid/NFC/SW3647/workspace_ntag_i2c_plus/lpc_chip_11uxx_lib/Debug/liblpc_chip_11uxx_lib.a(timer_11xx.o)
